Component: ARM Compiler 5.05 update 1 (build 106) Tool: armlink [4d0efa]

==============================================================================

Section Cross References

    main.o(.text) refers to lcd.o(.text) for LCD_Clear
    main.o(.text) refers to key.o(.text) for KEY_Scan
    main.o(.text) refers to os_mbox.o(.text) for OSMboxPost
    main.o(.text) refers to delay.o(.text) for delay_ms
    main.o(.text) refers to os_task.o(.text) for OSTaskSuspend
    main.o(.text) refers to touch.o(.text) for TP_Adjust
    main.o(.text) refers to os_cpu_a.o(.text) for OS_CPU_SR_Save
    main.o(.text) refers to lcd.o(.data) for POINT_COLOR
    main.o(.text) refers to lcd.o(.bss) for lcddev
    main.o(.text) refers to main.o(.data) for msg_key
    main.o(.text) refers to touch.o(.data) for tp_dev
    main.o(.text) refers to os_core.o(.data) for OSCPUUsage
    main.o(.text) refers to os_core.o(.text) for OSStatInit
    main.o(.text) refers to misc.o(.text) for NVIC_PriorityGroupConfig
    main.o(.text) refers to usart.o(.text) for uart_init
    main.o(.text) refers to led.o(.text) for LED_Init
    main.o(.text) refers to main.o(.bss) for TOUCH_TASK_STK
    system_stm32f4xx.o(.text) refers to system_stm32f4xx.o(.data) for SystemCoreClock
    led.o(.text) refers to stm32f4xx_rcc.o(.text) for RCC_AHB1PeriphClockCmd
    led.o(.text) refers to stm32f4xx_gpio.o(.text) for GPIO_Init
    lcd.o(.text) refers to _printf_percent.o(.ARM.Collect$$_printf_percent$$00000000) for _printf_percent
    lcd.o(.text) refers to _printf_x.o(.ARM.Collect$$_printf_percent$$0000000C) for _printf_x
    lcd.o(.text) refers to _printf_hex_int.o(.text) for _printf_longlong_hex
    lcd.o(.text) refers to delay.o(.text) for delay_us
    lcd.o(.text) refers to lcd.o(.bss) for lcddev
    lcd.o(.text) refers to lcd.o(.data) for POINT_COLOR
    lcd.o(.text) refers to dflt_clz.o(x$fpl$dfltu) for __aeabi_ui2d
    lcd.o(.text) refers to dmul.o(x$fpl$dmul) for __aeabi_dmul
    lcd.o(.text) refers to dfixu.o(x$fpl$dfixu) for __aeabi_d2uiz
    lcd.o(.text) refers to stm32f4xx_rcc.o(.text) for RCC_AHB1PeriphClockCmd
    lcd.o(.text) refers to stm32f4xx_gpio.o(.text) for GPIO_Init
    lcd.o(.text) refers to stm32f4xx_fsmc.o(.text) for FSMC_NORSRAMInit
    lcd.o(.text) refers to noretval__2printf.o(.text) for __2printf
    lcd.o(.text) refers to lcd.o(.constdata) for asc2_1206
    key.o(.text) refers to stm32f4xx_rcc.o(.text) for RCC_AHB1PeriphClockCmd
    key.o(.text) refers to stm32f4xx_gpio.o(.text) for GPIO_Init
    key.o(.text) refers to delay.o(.text) for delay_ms
    key.o(.text) refers to key.o(.data) for key_up
    myiic.o(.text) refers to stm32f4xx_rcc.o(.text) for RCC_AHB1PeriphClockCmd
    myiic.o(.text) refers to stm32f4xx_gpio.o(.text) for GPIO_Init
    myiic.o(.text) refers to delay.o(.text) for delay_us
    24cxx.o(.text) refers to myiic.o(.text) for IIC_Init
    24cxx.o(.text) refers to delay.o(.text) for delay_ms
    ctiic.o(.text) refers to delay.o(.text) for delay_us
    ctiic.o(.text) refers to stm32f4xx_rcc.o(.text) for RCC_AHB1PeriphClockCmd
    ctiic.o(.text) refers to stm32f4xx_gpio.o(.text) for GPIO_Init
    gt9147.o(.text) refers to _printf_percent.o(.ARM.Collect$$_printf_percent$$00000000) for _printf_percent
    gt9147.o(.text) refers to _printf_s.o(.ARM.Collect$$_printf_percent$$00000014) for _printf_s
    gt9147.o(.text) refers to _printf_str.o(.text) for _printf_str
    gt9147.o(.text) refers to _printf_d.o(.ARM.Collect$$_printf_percent$$00000009) for _printf_d
    gt9147.o(.text) refers to _printf_dec.o(.text) for _printf_int_dec
    gt9147.o(.text) refers to ctiic.o(.text) for CT_IIC_Start
    gt9147.o(.text) refers to stm32f4xx_rcc.o(.text) for RCC_AHB1PeriphClockCmd
    gt9147.o(.text) refers to stm32f4xx_gpio.o(.text) for GPIO_Init
    gt9147.o(.text) refers to delay.o(.text) for delay_ms
    gt9147.o(.text) refers to noretval__2printf.o(.text) for __2printf
    gt9147.o(.text) refers to strcmpv7m.o(.text) for strcmp
    gt9147.o(.text) refers to gt9147.o(.constdata) for GT9147_CFG_TBL
    gt9147.o(.text) refers to gt9147.o(.data) for t
    gt9147.o(.text) refers to touch.o(.data) for tp_dev
    gt9147.o(.text) refers to lcd.o(.bss) for lcddev
    ott2001a.o(.text) refers to _printf_percent.o(.ARM.Collect$$_printf_percent$$00000000) for _printf_percent
    ott2001a.o(.text) refers to _printf_x.o(.ARM.Collect$$_printf_percent$$0000000C) for _printf_x
    ott2001a.o(.text) refers to _printf_hex_int.o(.text) for _printf_longlong_hex
    ott2001a.o(.text) refers to ctiic.o(.text) for CT_IIC_Start
    ott2001a.o(.text) refers to stm32f4xx_rcc.o(.text) for RCC_AHB1PeriphClockCmd
    ott2001a.o(.text) refers to stm32f4xx_gpio.o(.text) for GPIO_Init
    ott2001a.o(.text) refers to delay.o(.text) for delay_ms
    ott2001a.o(.text) refers to noretval__2printf.o(.text) for __2printf
    ott2001a.o(.text) refers to dflt_clz.o(x$fpl$dflt) for __aeabi_i2d
    ott2001a.o(.text) refers to dmul.o(x$fpl$dmul) for __aeabi_dmul
[...]
    .text                                    0x0800a4c0   Section        0  os_q.o(.text)
    .text                                    0x0800aaa8   Section        0  os_task.o(.text)
    .text                                    0x0800b26c   Section        0  os_time.o(.text)
    .text                                    0x0800b41c   Section      200  os_cpu_a.o(.text)
    $v0                                      0x0800b41c   Number         0  os_cpu_a.o(.text)
    .text                                    0x0800b4e4   Section        0  os_cpu_c.o(.text)
    .text                                    0x0800b6a8   Section        2  use_no_semi_2.o(.text)
    .text                                    0x0800b6ac   Section        0  noretval__2printf.o(.text)
    .text                                    0x0800b6c4   Section        0  __printf.o(.text)
    .text                                    0x0800b72c   Section        0  _printf_str.o(.text)
    .text                                    0x0800b780   Section        0  _printf_dec.o(.text)
    .text                                    0x0800b7f8   Section        0  _printf_hex_int.o(.text)
    .text                                    0x0800b850   Section      128  strcmpv7m.o(.text)
    .text                                    0x0800b8d0   Section        0  heapauxi.o(.text)
    .text                                    0x0800b8d6   Section        2  use_no_semi.o(.text)
    .text                                    0x0800b8d8   Section        0  _rserrno.o(.text)
    .text                                    0x0800b8ee   Section        0  _printf_intcommon.o(.text)
    .text                                    0x0800b9a0   Section        0  _printf_char.o(.text)
    .text                                    0x0800b9cc   Section        0  _printf_char_file.o(.text)
    .text                                    0x0800b9f0   Section        8  rt_errno_addr_intlibspace.o(.text)
    .text                                    0x0800b9f8   Section        0  _printf_char_common.o(.text)
    _printf_input_char                       0x0800b9f9   Thumb Code    10  _printf_char_common.o(.text)
    .text                                    0x0800ba28   Section        0  ferror.o(.text)
    .text                                    0x0800ba30   Section        8  libspace.o(.text)
    .text                                    0x0800ba38   Section       74  sys_stackheap_outer.o(.text)
    .text                                    0x0800ba82   Section        0  exit.o(.text)
    i.__hardfp_sqrt                          0x0800ba8e   Section        0  sqrt.o(i.__hardfp_sqrt)
    x$fpl$dadd                               0x0800bb08   Section      336  daddsub_clz.o(x$fpl$dadd)
    $v0                                      0x0800bb08   Number         0  daddsub_clz.o(x$fpl$dadd)
    _dadd1                                   0x0800bb19   Thumb Code     0  daddsub_clz.o(x$fpl$dadd)
    x$fpl$dcmpinf                            0x0800bc58   Section       24  dcmpi.o(x$fpl$dcmpinf)
    $v0                                      0x0800bc58   Number         0  dcmpi.o(x$fpl$dcmpinf)
    x$fpl$dfixu                              0x0800bc70   Section       90  dfixu.o(x$fpl$dfixu)
    $v0                                      0x0800bc70   Number         0  dfixu.o(x$fpl$dfixu)
    x$fpl$dflt                               0x0800bcca   Section       46  dflt_clz.o(x$fpl$dflt)
    $v0                                      0x0800bcca   Number         0  dflt_clz.o(x$fpl$dflt)
    x$fpl$dfltu                              0x0800bcf8   Section       38  dflt_clz.o(x$fpl$dfltu)
    $v0                                      0x0800bcf8   Number         0  dflt_clz.o(x$fpl$dfltu)
    x$fpl$dleqf                              0x0800bd20   Section      120  dleqf.o(x$fpl$dleqf)
    $v0                                      0x0800bd20   Number         0  dleqf.o(x$fpl$dleqf)
    x$fpl$dmul                               0x0800bd98   Section      340  dmul.o(x$fpl$dmul)
    $v0                                      0x0800bd98   Number         0  dmul.o(x$fpl$dmul)
    x$fpl$dnaninf                            0x0800beec   Section      156  dnaninf.o(x$fpl$dnaninf)
    $v0                                      0x0800beec   Number         0  dnaninf.o(x$fpl$dnaninf)
    x$fpl$dretinf                            0x0800bf88   Section       12  dretinf.o(x$fpl$dretinf)
    $v0                                      0x0800bf88   Number         0  dretinf.o(x$fpl$dretinf)
    x$fpl$drleqf                             0x0800bf94   Section      108  drleqf.o(x$fpl$drleqf)
    $v0                                      0x0800bf94   Number         0  drleqf.o(x$fpl$drleqf)
    x$fpl$drsb                               0x0800c000   Section       22  daddsub_clz.o(x$fpl$drsb)
    $v0                                      0x0800c000   Number         0  daddsub_clz.o(x$fpl$drsb)
    x$fpl$dsqrt                              0x0800c018   Section      408  dsqrt_umaal.o(x$fpl$dsqrt)
    $v0                                      0x0800c018   Number         0  dsqrt_umaal.o(x$fpl$dsqrt)
    x$fpl$dsub                               0x0800c1b0   Section      468  daddsub_clz.o(x$fpl$dsub)
    $v0                                      0x0800c1b0   Number         0  daddsub_clz.o(x$fpl$dsub)
    _dsub1                                   0x0800c1c1   Thumb Code     0  daddsub_clz.o(x$fpl$dsub)
    x$fpl$f2d                                0x0800c384   Section       86  f2d.o(x$fpl$f2d)
    $v0                                      0x0800c384   Number         0  f2d.o(x$fpl$f2d)
    x$fpl$fnaninf                            0x0800c3da   Section      140  fnaninf.o(x$fpl$fnaninf)
    $v0                                      0x0800c3da   Number         0  fnaninf.o(x$fpl$fnaninf)
    x$fpl$fpinit                             0x0800c466   Section       10  fpinit.o(x$fpl$fpinit)
    $v0                                      0x0800c466   Number         0  fpinit.o(x$fpl$fpinit)
    .constdata                               0x0800c470   Section     6080  lcd.o(.constdata)
    x$fpl$usenofp                            0x0800c470   Section        0  usenofp.o(x$fpl$usenofp)
    .constdata                               0x0800dc30   Section      194  gt9147.o(.constdata)
    .constdata                               0x0800dcf2   Section       10  ott2001a.o(.constdata)
    .constdata                               0x0800dcfc   Section       10  ft5206.o(.constdata)
    .constdata                               0x0800dd08   Section        4  touch.o(.constdata)
    .constdata                               0x0800dd0c   Section       28  stm32f4xx_fsmc.o(.constdata)
    .constdata                               0x0800dd28   Section      256  os_core.o(.constdata)
    .constdata                               0x0800de28   Section       40  _printf_hex_int.o(.constdata)
    uc_hextab                                0x0800de28   Data          20  _printf_hex_int.o(.constdata)
    lc_hextab                                0x0800de3c   Data          20  _printf_hex_int.o(.constdata)
    .conststring                             0x0800de50   Section      121  touch.o(.conststring)
    .data                                    0x20000000   Section        4  main.o(.data)
    .data                                    0x20000004   Section       20  system_stm32f4xx.o(.data)
    .data                                    0x20000018   Section        4  lcd.o(.data)
    .data                                    0x2000001c   Section        1  key.o(.data)
    key_up                                   0x2000001c   Data           1  key.o(.data)
    .data                                    0x2000001d   Section        1  gt9147.o(.data)
    t                                        0x2000001d   Data           1  gt9147.o(.data)
    .data                                    0x2000001e   Section        1  ott2001a.o(.data)
    t                                        0x2000001e   Data           1  ott2001a.o(.data)
    .data                                    0x2000001f   Section        1  ft5206.o(.data)
    t                                        0x2000001f   Data           1  ft5206.o(.data)
    .data                                    0x20000020   Section       54  touch.o(.data)
    .data                                    0x20000056   Section        4  delay.o(.data)
    fac_us                                   0x20000056   Data           1  delay.o(.data)
    fac_ms                                   0x20000058   Data           2  delay.o(.data)
    .data                                    0x2000005c   Section        6  usart.o(.data)
    .data                                    0x20000062   Section       16  stm32f4xx_rcc.o(.data)
    APBAHBPrescTable                         0x20000062   Data          16  stm32f4xx_rcc.o(.data)
    .data                                    0x20000074   Section       72  os_core.o(.data)
    .bss                                     0x200000bc   Section     1792  main.o(.bss)
    .bss                                     0x200007bc   Section       14  lcd.o(.bss)
    .bss                                     0x200007ca   Section      200  usart.o(.bss)
    .bss                                     0x20000894   Section     2688  os_core.o(.bss)
    .bss                                     0x20001314   Section       96  libspace.o(.bss)
    HEAP                                     0x20001378   Section      512  startup_stm32f40_41xxx.o(HEAP)
    Heap_Mem                                 0x20001378   Data         512  startup_stm32f40_41xxx.o(HEAP)
    STACK                                    0x20001578   Section     1024  startup_stm32f40_41xxx.o(STACK)
    Stack_Mem                                0x20001578   Data        1024  startup_stm32f40_41xxx.o(STACK)
    __initial_sp                             0x20001978   Data           0  startup_stm32f40_41xxx.o(STACK)

    Global Symbols

    Symbol Name                              Value     Ov Type        Size  Object(Section)

    BuildAttributes$$THM_ISAv4$E$P$D$K$B$S$7EM$VFPi3$EXTD16$VFPS$VFMA$PE$A:L22UL41UL21$X:L11$S22US41US21$IEEE1$IW$USESV6$~STKCKD$USESV7$~SHL$OTIME$ROPI$IEEEJ$EBA8$UX$STANDARDLIB$REQ8$PRES8$EABIv2 0x00000000   Number         0  anon$$obj.o ABSOLUTE
    __ARM_use_no_argv                        0x00000000   Number         0  main.o ABSOLUTE
    __ARM_exceptions_init                     - Undefined Weak Reference
    __alloca_initialize                       - Undefined Weak Reference
    __arm_preinit_                            - Undefined Weak Reference
    __cpp_initialize__aeabi_                  - Undefined Weak Reference
    __cxa_finalize                            - Undefined Weak Reference
    __rt_locale                               - Undefined Weak Reference
    __sigvec_lookup                           - Undefined Weak Reference
    _atexit_init                              - Undefined Weak Reference
    _call_atexit_fns                          - Undefined Weak Reference
    _clock_init                               - Undefined Weak Reference
    _fp_trap_init                             - Undefined Weak Reference
    _fp_trap_shutdown                         - Undefined Weak Reference
    _get_lc_collate                           - Undefined Weak Reference
    _get_lc_ctype                             - Undefined Weak Reference
    _get_lc_monetary                          - Undefined Weak Reference
    _get_lc_numeric                           - Undefined Weak Reference
    _get_lc_time                              - Undefined Weak Reference
    _getenv_init                              - Undefined Weak Reference
    _handle_redirection                       - Undefined Weak Reference
    _init_alloc                               - Undefined Weak Reference
    _init_user_alloc                          - Undefined Weak Reference
    _initio                                   - Undefined Weak Reference
    _mutex_acquire                            - Undefined Weak Reference
    _mutex_release                            - Undefined Weak Reference
    _printf_mbtowc                            - Undefined Weak Reference
    _printf_post_padding                      - Undefined Weak Reference
    _printf_pre_padding                       - Undefined Weak Reference
    _printf_truncate_signed                   - Undefined Weak Reference
    _printf_truncate_unsigned                 - Undefined Weak Reference
    _rand_init                                - Undefined Weak Reference
    _signal_finish                            - Undefined Weak Reference
    _signal_init                              - Undefined Weak Reference
    _terminate_alloc                          - Undefined Weak Reference
    _terminate_user_alloc                     - Undefined Weak Reference
    _terminateio                              - Undefined Weak Reference
    __Vectors_Size                           0x00000188   Number         0  startup_stm32f40_41xxx.o ABSOLUTE
    __Vectors                                0x08000000   Data           4  startup_stm32f40_41xxx.o(RESET)
    __Vectors_End                            0x08000188   Data           0  startup_stm32f40_41xxx.o(RESET)
    __main                                   0x08000189   Thumb Code     8  __main.o(!!!main)
    __scatterload                            0x08000191   Thumb Code     0  __scatter.o(!!!scatter)
    __scatterload_rt2                        0x08000191   Thumb Code    44  __scatter.o(!!!scatter)
    __scatterload_rt2_thumb_only             0x08000191   Thumb Code     0  __scatter.o(!!!scatter)
    __scatterload_null                       0x0800019f   Thumb Code     0  __scatter.o(!!!scatter)
    __scatterload_copy                       0x080001c5   Thumb Code    26  __scatter_copy.o(!!handler_copy)
    __scatterload_zeroinit                   0x080001e1   Thumb Code    28  __scatter_zi.o(!!handler_zi)
    _printf_d                                0x080001fd   Thumb Code     0  _printf_d.o(.ARM.Collect$$_printf_percent$$00000009)
    _printf_percent                          0x080001fd   Thumb Code     0  _printf_percent.o(.ARM.Collect$$_printf_percent$$00000000)
    _printf_x                                0x08000203   Thumb Code     0  _printf_x.o(.ARM.Collect$$_printf_percent$$0000000C)
    _printf_s                                0x08000209   Thumb Code     0  _printf_s.o(.ARM.Collect$$_printf_percent$$00000014)
    _printf_percent_end                      0x0800020f   Thumb Code     0  _printf_percent_end.o(.ARM.Collect$$_printf_percent$$00000017)
    __rt_lib_init                            0x08000213   Thumb Code     0  libinit.o(.ARM.Collect$$libinit$$00000000)
    __rt_lib_init_fp_1                       0x08000215   Thumb Code     0  libinit2.o(.ARM.Collect$$libinit$$00000001)
    __rt_lib_init_alloca_1                   0x08000219   Thumb Code     0  libinit2.o(.ARM.Collect$$libinit$$0000002E)
    __rt_lib_init_argv_1                     0x08000219   Thumb Code     0  libinit2.o(.ARM.Collect$$libinit$$0000002C)
    __rt_lib_init_atexit_1                   0x08000219   Thumb Code     0  libinit2.o(.ARM.Collect$$libinit$$0000001B)
    __rt_lib_init_clock_1                    0x08000219   Thumb Code     0  libinit2.o(.ARM.Collect$$libinit$$00000021)
    __rt_lib_init_cpp_1                      0x08000219   Thumb Code     0  libinit2.o(.ARM.Collect$$libinit$$00000032)
    __rt_lib_init_exceptions_1               0x08000219   Thumb Code     0  libinit2.o(.ARM.Collect$$libinit$$00000030)
    __rt_lib_init_fp_trap_1                  0x08000219   Thumb Code     0  libinit2.o(.ARM.Collect$$libinit$$0000001F)
    __rt_lib_init_getenv_1                   0x08000219   Thumb Code     0  libinit2.o(.ARM.Collect$$libinit$$00000023)
    __rt_lib_init_heap_1                     0x08000219   Thumb Code     0  libinit2.o(.ARM.Collect$$libinit$$0000000A)
    __rt_lib_init_lc_collate_1               0x08000219   Thumb Code     0  libinit2.o(.ARM.Collect$$libinit$$00000011)
    __rt_lib_init_lc_ctype_1                 0x08000219   Thumb Code     0  libinit2.o(.ARM.Collect$$libinit$$00000013)
    __rt_lib_init_lc_monetary_1              0x08000219   Thumb Code     0  libinit2.o(.ARM.Collect$$libinit$$00000015)
    __rt_lib_init_lc_numeric_1               0x08000219   Thumb Code     0  libinit2.o(.ARM.Collect$$libinit$$00000017)
    __rt_lib_init_lc_time_1                  0x08000219   Thumb Code     0  libinit2.o(.ARM.Collect$$libinit$$00000019)
    __rt_lib_init_preinit_1                  0x08000219   Thumb Code     0  libinit2.o(.ARM.Collect$$libinit$$00000004)
    __rt_lib_init_rand_1                     0x08000219   Thumb Code     0  libinit2.o(.ARM.Collect$$libinit$$0000000E)
    __rt_lib_init_return                     0x08000219   Thumb Code     0  libinit2.o(.ARM.Collect$$libinit$$00000033)
    __rt_lib_init_signal_1                   0x08000219   Thumb Code     0  libinit2.o(.ARM.Collect$$libinit$$0000001D)
    __rt_lib_init_stdio_1                    0x08000219   Thumb Code     0  libinit2.o(.ARM.Collect$$libinit$$00000025)
    __rt_lib_init_user_alloc_1               0x08000219   Thumb Code     0  libinit2.o(.ARM.Collect$$libinit$$0000000C)
    __rt_lib_shutdown                        0x0800021b   Thumb Code     0  libshutdown.o(.ARM.Collect$$libshutdown$$00000000)
    __rt_lib_shutdown_fp_trap_1              0x0800021d   Thumb Code     0  libshutdown2.o(.ARM.Collect$$libshutdown$$00000006)
    __rt_lib_shutdown_heap_1                 0x0800021d   Thumb Code     0  libshutdown2.o(.ARM.Collect$$libshutdown$$0000000E)
    __rt_lib_shutdown_return                 0x0800021d   Thumb Code     0  libshutdown2.o(.ARM.Collect$$libshutdown$$0000000F)
    __rt_lib_shutdown_signal_1               0x0800021d   Thumb Code     0  libshutdown2.o(.ARM.Collect$$libshutdown$$00000009)
    __rt_lib_shutdown_stdio_1                0x0800021d   Thumb Code     0  libshutdown2.o(.ARM.Collect$$libshutdown$$00000003)
    __rt_lib_shutdown_user_alloc_1           0x0800021d   Thumb Code     0  libshutdown2.o(.ARM.Collect$$libshutdown$$0000000B)
    __rt_entry                               0x0800021f   Thumb Code     0  __rtentry.o(.ARM.Collect$$rtentry$$00000000)
    __rt_entry_presh_1                       0x0800021f   Thumb Code     0  __rtentry2.o(.ARM.Collect$$rtentry$$00000002)
    __rt_entry_sh                            0x0800021f   Thumb Code     0  __rtentry4.o(.ARM.Collect$$rtentry$$00000004)
    __rt_entry_li                            0x08000225   Thumb Code     0  __rtentry2.o(.ARM.Collect$$rtentry$$0000000A)
    __rt_entry_postsh_1                      0x08000225   Thumb Code     0  __rtentry2.o(.ARM.Collect$$rtentry$$00000009)
    __rt_entry_main                          0x08000229   Thumb Code     0  __rtentry2.o(.ARM.Collect$$rtentry$$0000000D)
    __rt_entry_postli_1                      0x08000229   Thumb Code     0  __rtentry2.o(.ARM.Collect$$rtentry$$0000000C)
    __rt_exit                                0x08000231   Thumb Code     0  rtexit.o(.ARM.Collect$$rtexit$$00000000)
    __rt_exit_ls                             0x08000233   Thumb Code     0  rtexit2.o(.ARM.Collect$$rtexit$$00000003)
    __rt_exit_prels_1                        0x08000233   Thumb Code     0  rtexit2.o(.ARM.Collect$$rtexit$$00000002)
    __rt_exit_exit                           0x08000237   Thumb Code     0  rtexit2.o(.ARM.Collect$$rtexit$$00000004)
    ucos_load_main_ui                        0x0800023d   Thumb Code   226  main.o(.text)
    key_task                                 0x0800031f   Thumb Code    30  main.o(.text)
    main_task                                0x0800033d   Thumb Code   164  main.o(.text)
    led_task                                 0x080003e1   Thumb Code    40  main.o(.text)
    gui_draw_hline                           0x08000409   Thumb Code    36  main.o(.text)
    gui_fill_circle                          0x0800042d   Thumb Code   176  main.o(.text)
    lcd_draw_bline                           0x080004dd   Thumb Code   212  main.o(.text)
    touch_task                               0x080005b1   Thumb Code   312  main.o(.text)
    start_task                               0x080006e9   Thumb Code    98  main.o(.text)
    main                                     0x0800074b   Thumb Code    72  main.o(.text)
    my_abs                                   0x08000793   Thumb Code    18  main.o(.text)
    NMI_Handler                              0x080007c1   Thumb Code     2  stm32f4xx_it.o(.text)
    HardFault_Handler                        0x080007c3   Thumb Code     4  stm32f4xx_it.o(.text)
    MemManage_Handler                        0x080007c7   Thumb Code     4  stm32f4xx_it.o(.text)
    BusFault_Handler                         0x080007cb   Thumb Code     4  stm32f4xx_it.o(.text)
    UsageFault_Handler                       0x080007cf   Thumb Code     4  stm32f4xx_it.o(.text)
    SVC_Handler                              0x080007d3   Thumb Code     2  stm32f4xx_it.o(.text)
    DebugMon_Handler                         0x080007d5   Thumb Code     2  stm32f4xx_it.o(.text)
    SystemInit                               0x080008b5   Thumb Code    88  system_stm32f4xx.o(.text)
    SystemCoreClockUpdate                    0x0800090d   Thumb Code   174  system_stm32f4xx.o(.text)
    LED_Init                                 0x080009e9   Thumb Code    60  led.o(.text)
    LCD_WR_REG                               0x08000a29   Thumb Code    18  lcd.o(.text)
    LCD_WR_DATA                              0x08000a3b   Thumb Code    20  lcd.o(.text)
    LCD_RD_DATA                              0x08000a4f   Thumb Code    16  lcd.o(.text)
    LCD_WriteReg                             0x08000a5f   Thumb Code    14  lcd.o(.text)
    LCD_ReadReg                              0x08000a6d   Thumb Code    22  lcd.o(.text)
    LCD_WriteRAM_Prepare                     0x08000a83   Thumb Code    10  lcd.o(.text)
    LCD_WriteRAM                             0x08000a8d   Thumb Code     8  lcd.o(.text)
    LCD_BGR2RGB                              0x08000a95   Thumb Code    26  lcd.o(.text)
    opt_delay                                0x08000aaf   Thumb Code    14  lcd.o(.text)
    LCD_SetCursor                            0x08000abd   Thumb Code   418  lcd.o(.text)
    LCD_ReadPoint                            0x08000c5f   Thumb Code   360  lcd.o(.text)
    LCD_DisplayOn                            0x08000dc7   Thumb Code   102  lcd.o(.text)
    LCD_DisplayOff                           0x08000e2d   Thumb Code    90  lcd.o(.text)
    LCD_Scan_Dir                             0x08000e87   Thumb Code   744  lcd.o(.text)
    LCD_DrawPoint                            0x0800116f   Thumb Code    28  lcd.o(.text)
    LCD_Fast_DrawPoint                       0x0800118b   Thumb Code   388  lcd.o(.text)
    LCD_SSD_BackLightSet                     0x0800130f   Thumb Code    88  lcd.o(.text)
    LCD_Display_Dir                          0x08001367   Thumb Code   444  lcd.o(.text)
    LCD_Set_Window                           0x08001523   Thumb Code   546  lcd.o(.text)
    LCD_Clear                                0x08001745   Thumb Code   100  lcd.o(.text)
    LCD_Init                                 0x080017a9   Thumb Code 14696  lcd.o(.text)
    LCD_Fill                                 0x08005111   Thumb Code   180  lcd.o(.text)
    LCD_Color_Fill                           0x080051c5   Thumb Code   100  lcd.o(.text)
    LCD_DrawLine                             0x08005229   Thumb Code   176  lcd.o(.text)
    LCD_DrawRectangle                        0x080052d9   Thumb Code    60  lcd.o(.text)
    LCD_Draw_Circle                          0x08005315   Thumb Code   152  lcd.o(.text)
    LCD_ShowChar                             0x080053ad   Thumb Code   272  lcd.o(.text)
    LCD_Pow                                  0x080054bd   Thumb Code    22  lcd.o(.text)
    LCD_ShowNum                              0x080054d3   Thumb Code   148  lcd.o(.text)
    LCD_ShowxNum                             0x08005567   Thumb Code   220  lcd.o(.text)
    LCD_ShowString                           0x08005643   Thumb Code   102  lcd.o(.text)
    KEY_Init                                 0x080056a9   Thumb Code    60  key.o(.text)
    KEY_Scan                                 0x080056e5   Thumb Code   188  key.o(.text)
    IIC_Init                                 0x080057ad   Thumb Code    62  myiic.o(.text)
    IIC_Start                                0x080057eb   Thumb Code    68  myiic.o(.text)
    IIC_Stop                                 0x0800582f   Thumb Code    62  myiic.o(.text)
    IIC_Wait_Ack                             0x0800586d   Thumb Code    82  myiic.o(.text)
    IIC_Ack                                  0x080058bf   Thumb Code    66  myiic.o(.text)
    IIC_NAck                                 0x08005901   Thumb Code    66  myiic.o(.text)
    IIC_Send_Byte                            0x08005943   Thumb Code    90  myiic.o(.text)
    IIC_Read_Byte                            0x0800599d   Thumb Code    94  myiic.o(.text)
    AT24CXX_Init                             0x08005a09   Thumb Code     8  24cxx.o(.text)
    AT24CXX_ReadOneByte                      0x08005a11   Thumb Code    88  24cxx.o(.text)
    AT24CXX_WriteOneByte                     0x08005a69   Thumb Code    80  24cxx.o(.text)
    AT24CXX_WriteLenByte                     0x08005ab9   Thumb Code    42  24cxx.o(.text)
    AT24CXX_ReadLenByte                      0x08005ae3   Thumb Code    44  24cxx.o(.text)
    AT24CXX_Check                            0x08005b0f   Thumb Code    46  24cxx.o(.text)
    AT24CXX_Read                             0x08005b3d   Thumb Code    34  24cxx.o(.text)
    AT24CXX_Write                            0x08005b5f   Thumb Code    36  24cxx.o(.text)
    CT_Delay                                 0x08005b85   Thumb Code    10  ctiic.o(.text)
    CT_IIC_Init                              0x08005b8f   Thumb Code    60  ctiic.o(.text)
    CT_IIC_Start                             0x08005bcb   Thumb Code    62  ctiic.o(.text)
    CT_IIC_Stop                              0x08005c09   Thumb Code    56  ctiic.o(.text)
    CT_IIC_Wait_Ack                          0x08005c41   Thumb Code    78  ctiic.o(.text)
    CT_IIC_Ack                               0x08005c8f   Thumb Code    66  ctiic.o(.text)
    CT_IIC_NAck                              0x08005cd1   Thumb Code    66  ctiic.o(.text)
    CT_IIC_Send_Byte                         0x08005d13   Thumb Code    82  ctiic.o(.text)
    CT_IIC_Read_Byte                         0x08005d65   Thumb Code    92  ctiic.o(.text)
    GT9147_WR_Reg                            0x08005dd9   Thumb Code    92  gt9147.o(.text)
    GT9147_Send_Cfg                          0x08005e35   Thumb Code    86  gt9147.o(.text)
    GT9147_RD_Reg                            0x08005e8b   Thumb Code    98  gt9147.o(.text)
    GT9147_Init                              0x08005eed   Thumb Code   248  gt9147.o(.text)
    GT9147_Scan                              0x08005fe5   Thumb Code   494  gt9147.o(.text)
    OTT2001A_WR_Reg                          0x08006221   Thumb Code    92  ott2001a.o(.text)
    OTT2001A_RD_Reg                          0x0800627d   Thumb Code    98  ott2001a.o(.text)
    OTT2001A_SensorControl                   0x080062df   Thumb Code    28  ott2001a.o(.text)
    OTT2001A_Init                            0x080062fb   Thumb Code   142  ott2001a.o(.text)
    OTT2001A_Scan                            0x08006389   Thumb Code   478  ott2001a.o(.text)
    FT5206_WR_Reg                            0x080065a9   Thumb Code    82  ft5206.o(.text)
    FT5206_RD_Reg                            0x080065fb   Thumb Code    88  ft5206.o(.text)
    FT5206_Init                              0x08006653   Thumb Code   202  ft5206.o(.text)
    FT5206_Scan                              0x0800671d   Thumb Code   400  ft5206.o(.text)
    TP_Write_Byte                            0x080068d5   Thumb Code    64  touch.o(.text)
    TP_Read_AD                               0x08006915   Thumb Code   132  touch.o(.text)
    TP_Read_XOY                              0x08006999   Thumb Code   120  touch.o(.text)
    TP_Read_XY                               0x08006a11   Thumb Code    38  touch.o(.text)
    TP_Read_XY2                              0x08006a37   Thumb Code   192  touch.o(.text)
    TP_Drow_Touch_Point                      0x08006af7   Thumb Code   108  touch.o(.text)
    TP_Draw_Big_Point                        0x08006b63   Thumb Code    54  touch.o(.text)
    TP_Scan                                  0x08006b99   Thumb Code   244  touch.o(.text)
    TP_Save_Adjdata                          0x08006c8d   Thumb Code   166  touch.o(.text)
    TP_Get_Adjdata                           0x08006d33   Thumb Code   160  touch.o(.text)
    TP_Adj_Info_Show                         0x08006dd3   Thumb Code   374  touch.o(.text)
    TP_Adjust                                0x08006f49   Thumb Code  2290  touch.o(.text)
    TP_Init                                  0x0800783b   Thumb Code   290  touch.o(.text)
    delay_osschedlock                        0x080079b5   Thumb Code     8  delay.o(.text)
    delay_osschedunlock                      0x080079bd   Thumb Code     8  delay.o(.text)
    delay_ostimedly                          0x080079c5   Thumb Code    12  delay.o(.text)
    SysTick_Handler                          0x080079d1   Thumb Code    24  delay.o(.text)
    delay_init                               0x080079e9   Thumb Code    76  delay.o(.text)
    delay_us                                 0x08007a35   Thumb Code    84  delay.o(.text)
    delay_ms                                 0x08007a89   Thumb Code    66  delay.o(.text)
    _sys_exit                                0x08007add   Thumb Code     4  usart.o(.text)
    fputc                                    0x08007ae1   Thumb Code    22  usart.o(.text)
    uart_init                                0x08007af7   Thumb Code   164  usart.o(.text)
    USART1_IRQHandler                        0x08007b9b   Thumb Code   130  usart.o(.text)
    Reset_Handler                            0x08007c2d   Thumb Code     8  startup_stm32f40_41xxx.o(.text)
    ADC_IRQHandler                           0x08007c47   Thumb Code     0  startup_stm32f40_41xxx.o(.text)
    CAN1_RX0_IRQHandler                      0x08007c47   Thumb Code     0  startup_stm32f40_41xxx.o(.text)
    CAN1_RX1_IRQHandler                      0x08007c47   Thumb Code     0  startup_stm32f40_41xxx.o(.text)
    CAN1_SCE_IRQHandler                      0x08007c47   Thumb Code     0  startup_stm32f40_41xxx.o(.text)
    CAN1_TX_IRQHandler                       0x08007c47   Thumb Code     0  startup_stm32f40_41xxx.o(.text)
    CAN2_RX0_IRQHandler                      0x08007c47   Thumb Code     0  startup_stm32f40_41xxx.o(.text)
    CAN2_RX1_IRQHandler                      0x08007c47   Thumb Code     0  startup_stm32f40_41xxx.o(.text)
    CAN2_SCE_IRQHandler                      0x08007c47   Thumb Code     0  startup_stm32f40_41xxx.o(.text)
    CAN2_TX_IRQHandler                       0x08007c47   Thumb Code     0  startup_stm32f40_41xxx.o(.text)
    CRYP_IRQHandler                          0x08007c47   Thumb Code     0  startup_stm32f40_41xxx.o(.text)
    DCMI_IRQHandler                          0x08007c47   Thumb Code     0  startup_stm32f40_41xxx.o(.text)
    DMA1_Stream0_IRQHandler                  0x08007c47   Thumb Code     0  startup_stm32f40_41xxx.o(.text)
    DMA1_Stream1_IRQHandler                  0x08007c47   Thumb Code     0  startup_stm32f40_41xxx.o(.text)
    DMA1_Stream2_IRQHandler                  0x08007c47   Thumb Code     0  startup_stm32f40_41xxx.o(.text)
    DMA1_Stream3_IRQHandler                  0x08007c47   Thumb Code     0  startup_stm32f40_41xxx.o(.text)
    DMA1_Stream4_IRQHandler                  0x08007c47   Thumb Code     0  startup_stm32f40_41xxx.o(.text)
    DMA1_Stream5_IRQHandler                  0x08007c47   Thumb Code     0  startup_stm32f40_41xxx.o(.text)
    DMA1_Stream6_IRQHandler                  0x08007c47   Thumb Code     0  startup_stm32f40_41xxx.o(.text)
    DMA1_Stream7_IRQHandler                  0x08007c47   Thumb Code     0  startup_stm32f40_41xxx.o(.text)
    DMA2_Stream0_IRQHandler                  0x08007c47   Thumb Code     0  startup_stm32f40_41xxx.o(.text)
    DMA2_Stream1_IRQHandler                  0x08007c47   Thumb Code     0  startup_stm32f40_41xxx.o(.text)
    DMA2_Stream2_IRQHandler                  0x08007c47   Thumb Code     0  startup_stm32f40_41xxx.o(.text)
    DMA2_Stream3_IRQHandler                  0x08007c47   Thumb Code     0  startup_stm32f40_41xxx.o(.text)
    DMA2_Stream4_IRQHandler                  0x08007c47   Thumb Code     0  startup_stm32f40_41xxx.o(.text)
    DMA2_Stream5_IRQHandler                  0x08007c47   Thumb Code     0  startup_stm32f40_41xxx.o(.text)
    DMA2_Stream6_IRQHandler                  0x08007c47   Thumb Code     0  startup_stm32f40_41xxx.o(.text)
    DMA2_Stream7_IRQHandler                  0x08007c47   Thumb Code     0  startup_stm32f40_41xxx.o(.text)
    ETH_IRQHandler                           0x08007c47   Thumb Code     0  startup_stm32f40_41xxx.o(.text)
    ETH_WKUP_IRQHandler                      0x08007c47   Thumb Code     0  startup_stm32f40_41xxx.o(.text)
    EXTI0_IRQHandler                         0x08007c47   Thumb Code     0  startup_stm32f40_41xxx.o(.text)
    EXTI15_10_IRQHandler                     0x08007c47   Thumb Code     0  startup_stm32f40_41xxx.o(.text)
    EXTI1_IRQHandler                         0x08007c47   Thumb Code     0  startup_stm32f40_41xxx.o(.text)
    EXTI2_IRQHandler                         0x08007c47   Thumb Code     0  startup_stm32f40_41xxx.o(.text)
    EXTI3_IRQHandler                         0x08007c47   Thumb Code     0  startup_stm32f40_41xxx.o(.text)
    EXTI4_IRQHandler                         0x08007c47   Thumb Code     0  startup_stm32f40_41xxx.o(.text)
    EXTI9_5_IRQHandler                       0x08007c47   Thumb Code     0  startup_stm32f40_41xxx.o(.text)
    FLASH_IRQHandler                         0x08007c47   Thumb Code     0  startup_stm32f40_41xxx.o(.text)
    FPU_IRQHandler                           0x08007c47   Thumb Code     0  startup_stm32f40_41xxx.o(.text)
    FSMC_IRQHandler                          0x08007c47   Thumb Code     0  startup_stm32f40_41xxx.o(.text)
    HASH_RNG_IRQHandler                      0x08007c47   Thumb Code     0  startup_stm32f40_41xxx.o(.text)
    I2C1_ER_IRQHandler                       0x08007c47   Thumb Code     0  startup_stm32f40_41xxx.o(.text)
    I2C1_EV_IRQHandler                       0x08007c47   Thumb Code     0  startup_stm32f40_41xxx.o(.text)
    I2C2_ER_IRQHandler                       0x08007c47   Thumb Code     0  startup_stm32f40_41xxx.o(.text)
    I2C2_EV_IRQHandler                       0x08007c47   Thumb Code     0  startup_stm32f40_41xxx.o(.text)
    I2C3_ER_IRQHandler                       0x08007c47   Thumb Code     0  startup_stm32f40_41xxx.o(.text)
    I2C3_EV_IRQHandler                       0x08007c47   Thumb Code     0  startup_stm32f40_41xxx.o(.text)
    OTG_FS_IRQHandler                        0x08007c47   Thumb Code     0  startup_stm32f40_41xxx.o(.text)
    OTG_FS_WKUP_IRQHandler                   0x08007c47   Thumb Code     0  startup_stm32f40_41xxx.o(.text)
    OTG_HS_EP1_IN_IRQHandler                 0x08007c47   Thumb Code     0  startup_stm32f40_41xxx.o(.text)
    OTG_HS_EP1_OUT_IRQHandler                0x08007c47   Thumb Code     0  startup_stm32f40_41xxx.o(.text)
    OTG_HS_IRQHandler                        0x08007c47   Thumb Code     0  startup_stm32f40_41xxx.o(.text)
    OTG_HS_WKUP_IRQHandler                   0x08007c47   Thumb Code     0  startup_stm32f40_41xxx.o(.text)
    PVD_IRQHandler                           0x08007c47   Thumb Code     0  startup_stm32f40_41xxx.o(.text)
    RCC_IRQHandler                           0x08007c47   Thumb Code     0  startup_stm32f40_41xxx.o(.text)
    RTC_Alarm_IRQHandler                     0x08007c47   Thumb Code     0  startup_stm32f40_41xxx.o(.text)
    RTC_WKUP_IRQHandler                      0x08007c47   Thumb Code     0  startup_stm32f40_41xxx.o(.text)
    SDIO_IRQHandler                          0x08007c47   Thumb Code     0  startup_stm32f40_41xxx.o(.text)
    SPI1_IRQHandler                          0x08007c47   Thumb Code     0  startup_stm32f40_41xxx.o(.text)
    SPI2_IRQHandler                          0x08007c47   Thumb Code     0  startup_stm32f40_41xxx.o(.text)
    SPI3_IRQHandler                          0x08007c47   Thumb Code     0  startup_stm32f40_41xxx.o(.text)
    TAMP_STAMP_IRQHandler                    0x08007c47   Thumb Code     0  startup_stm32f40_41xxx.o(.text)
    TIM1_BRK_TIM9_IRQHandler                 0x08007c47   Thumb Code     0  startup_stm32f40_41xxx.o(.text)
    TIM1_CC_IRQHandler                       0x08007c47   Thumb Code     0  startup_stm32f40_41xxx.o(.text)
    TIM1_TRG_COM_TIM11_IRQHandler            0x08007c47   Thumb Code     0  startup_stm32f40_41xxx.o(.text)
    TIM1_UP_TIM10_IRQHandler                 0x08007c47   Thumb Code     0  startup_stm32f40_41xxx.o(.text)
    TIM2_IRQHandler                          0x08007c47   Thumb Code     0  startup_stm32f40_41xxx.o(.text)
    TIM3_IRQHandler                          0x08007c47   Thumb Code     0  startup_stm32f40_41xxx.o(.text)
    TIM4_IRQHandler                          0x08007c47   Thumb Code     0  startup_stm32f40_41xxx.o(.text)
    TIM5_IRQHandler                          0x08007c47   Thumb Code     0  startup_stm32f40_41xxx.o(.text)
    TIM6_DAC_IRQHandler                      0x08007c47   Thumb Code     0  startup_stm32f40_41xxx.o(.text)
    TIM7_IRQHandler                          0x08007c47   Thumb Code     0  startup_stm32f40_41xxx.o(.text)
    TIM8_BRK_TIM12_IRQHandler                0x08007c47   Thumb Code     0  startup_stm32f40_41xxx.o(.text)
    TIM8_CC_IRQHandler                       0x08007c47   Thumb Code     0  startup_stm32f40_41xxx.o(.text)
    TIM8_TRG_COM_TIM14_IRQHandler            0x08007c47   Thumb Code     0  startup_stm32f40_41xxx.o(.text)
    TIM8_UP_TIM13_IRQHandler                 0x08007c47   Thumb Code     0  startup_stm32f40_41xxx.o(.text)
    UART4_IRQHandler                         0x08007c47   Thumb Code     0  startup_stm32f40_41xxx.o(.text)
    UART5_IRQHandler                         0x08007c47   Thumb Code     0  startup_stm32f40_41xxx.o(.text)
    USART2_IRQHandler                        0x08007c47   Thumb Code     0  startup_stm32f40_41xxx.o(.text)
    USART3_IRQHandler                        0x08007c47   Thumb Code     0  startup_stm32f40_41xxx.o(.text)
    USART6_IRQHandler                        0x08007c47   Thumb Code     0  startup_stm32f40_41xxx.o(.text)
    WWDG_IRQHandler                          0x08007c47   Thumb Code     0  startup_stm32f40_41xxx.o(.text)
    __user_initial_stackheap                 0x08007c49   Thumb Code     0  startup_stm32f40_41xxx.o(.text)
    NVIC_PriorityGroupConfig                 0x08007c6d   Thumb Code    10  misc.o(.text)
    NVIC_Init                                0x08007c77   Thumb Code   106  misc.o(.text)
    NVIC_SetVectorTable                      0x08007ce1   Thumb Code    14  misc.o(.text)
    NVIC_SystemLPConfig                      0x08007cef   Thumb Code    34  misc.o(.text)
    SysTick_CLKSourceConfig                  0x08007d11   Thumb Code    40  misc.o(.text)
    GPIO_DeInit                              0x08007d4d   Thumb Code   268  stm32f4xx_gpio.o(.text)
    GPIO_Init                                0x08007e59   Thumb Code   144  stm32f4xx_gpio.o(.text)
    GPIO_StructInit                          0x08007ee9   Thumb Code    18  stm32f4xx_gpio.o(.text)
    GPIO_PinLockConfig                       0x08007efb   Thumb Code    34  stm32f4xx_gpio.o(.text)
    GPIO_ReadInputDataBit                    0x08007f1d   Thumb Code    18  stm32f4xx_gpio.o(.text)
    GPIO_ReadInputData                       0x08007f2f   Thumb Code     8  stm32f4xx_gpio.o(.text)
    GPIO_ReadOutputDataBit                   0x08007f37   Thumb Code    18  stm32f4xx_gpio.o(.text)
    GPIO_ReadOutputData                      0x08007f49   Thumb Code     8  stm32f4xx_gpio.o(.text)
    GPIO_SetBits                             0x08007f51   Thumb Code     4  stm32f4xx_gpio.o(.text)
    GPIO_ResetBits                           0x08007f55   Thumb Code     4  stm32f4xx_gpio.o(.text)
    GPIO_WriteBit                            0x08007f59   Thumb Code    10  stm32f4xx_gpio.o(.text)
    GPIO_Write                               0x08007f63   Thumb Code     4  stm32f4xx_gpio.o(.text)
    GPIO_ToggleBits                          0x08007f67   Thumb Code     8  stm32f4xx_gpio.o(.text)
    GPIO_PinAFConfig                         0x08007f6f   Thumb Code    70  stm32f4xx_gpio.o(.text)
    FSMC_NORSRAMDeInit                       0x08007fe1   Thumb Code    54  stm32f4xx_fsmc.o(.text)
    FSMC_NORSRAMInit                         0x08008017   Thumb Code   230  stm32f4xx_fsmc.o(.text)
    FSMC_NORSRAMStructInit                   0x080080fd   Thumb Code    48  stm32f4xx_fsmc.o(.text)
    FSMC_NORSRAMCmd                          0x0800812d   Thumb Code    46  stm32f4xx_fsmc.o(.text)
    FSMC_NANDDeInit                          0x0800815b   Thumb Code    62  stm32f4xx_fsmc.o(.text)
    FSMC_NANDInit                            0x08008199   Thumb Code   132  stm32f4xx_fsmc.o(.text)
    FSMC_NANDStructInit                      0x0800821d   Thumb Code    54  stm32f4xx_fsmc.o(.text)
    FSMC_NANDCmd                             0x08008253   Thumb Code    86  stm32f4xx_fsmc.o(.text)
    FSMC_NANDECCCmd                          0x080082a9   Thumb Code    86  stm32f4xx_fsmc.o(.text)
    FSMC_GetECC                              0x080082ff   Thumb Code    24  stm32f4xx_fsmc.o(.text)
    FSMC_PCCARDDeInit                        0x08008317   Thumb Code    36  stm32f4xx_fsmc.o(.text)
    FSMC_PCCARDInit                          0x0800833b   Thumb Code   130  stm32f4xx_fsmc.o(.text)
    FSMC_PCCARDStructInit                    0x080083bd   Thumb Code    60  stm32f4xx_fsmc.o(.text)
    FSMC_PCCARDCmd                           0x080083f9   Thumb Code    44  stm32f4xx_fsmc.o(.text)
    FSMC_ITConfig                            0x08008425   Thumb Code   128  stm32f4xx_fsmc.o(.text)
    FSMC_GetFlagStatus                       0x080084a5   Thumb Code    54  stm32f4xx_fsmc.o(.text)
    FSMC_ClearFlag                           0x080084db   Thumb Code    74  stm32f4xx_fsmc.o(.text)
    FSMC_GetITStatus                         0x08008525   Thumb Code    62  stm32f4xx_fsmc.o(.text)
    FSMC_ClearITPendingBit                   0x08008563   Thumb Code    66  stm32f4xx_fsmc.o(.text)
    RCC_DeInit                               0x080085a9   Thumb Code    82  stm32f4xx_rcc.o(.text)
    RCC_HSEConfig                            0x080085fb   Thumb Code    14  stm32f4xx_rcc.o(.text)
    RCC_GetFlagStatus                        0x08008609   Thumb Code    60  stm32f4xx_rcc.o(.text)
    RCC_WaitForHSEStartUp                    0x08008645   Thumb Code    56  stm32f4xx_rcc.o(.text)
    RCC_AdjustHSICalibrationValue            0x0800867d   Thumb Code    20  stm32f4xx_rcc.o(.text)
    RCC_HSICmd                               0x08008691   Thumb Code     6  stm32f4xx_rcc.o(.text)
    RCC_LSEConfig                            0x08008697   Thumb Code    46  stm32f4xx_rcc.o(.text)
    RCC_LSICmd                               0x080086c5   Thumb Code     6  stm32f4xx_rcc.o(.text)
    RCC_PLLConfig                            0x080086cb   Thumb Code    32  stm32f4xx_rcc.o(.text)
    RCC_PLLCmd                               0x080086eb   Thumb Code     6  stm32f4xx_rcc.o(.text)
    RCC_PLLI2SConfig                         0x080086f1   Thumb Code    14  stm32f4xx_rcc.o(.text)
    RCC_PLLI2SCmd                            0x080086ff   Thumb Code     6  stm32f4xx_rcc.o(.text)
    RCC_PLLSAIConfig                         0x08008705   Thumb Code    20  stm32f4xx_rcc.o(.text)
    RCC_PLLSAICmd                            0x08008719   Thumb Code     6  stm32f4xx_rcc.o(.text)
    RCC_ClockSecuritySystemCmd               0x0800871f   Thumb Code     6  stm32f4xx_rcc.o(.text)
    RCC_MCO1Config                           0x08008725   Thumb Code    28  stm32f4xx_rcc.o(.text)
    RCC_MCO2Config                           0x08008741   Thumb Code    28  stm32f4xx_rcc.o(.text)
    RCC_SYSCLKConfig                         0x0800875d   Thumb Code    20  stm32f4xx_rcc.o(.text)
    RCC_GetSYSCLKSource                      0x08008771   Thumb Code    12  stm32f4xx_rcc.o(.text)
    RCC_HCLKConfig                           0x0800877d   Thumb Code    20  stm32f4xx_rcc.o(.text)
    RCC_PCLK1Config                          0x08008791   Thumb Code    20  stm32f4xx_rcc.o(.text)
    RCC_PCLK2Config                          0x080087a5   Thumb Code    22  stm32f4xx_rcc.o(.text)
    RCC_GetClocksFreq                        0x080087bb   Thumb Code   222  stm32f4xx_rcc.o(.text)
    RCC_RTCCLKConfig                         0x08008899   Thumb Code    54  stm32f4xx_rcc.o(.text)
    RCC_RTCCLKCmd                            0x080088cf   Thumb Code     8  stm32f4xx_rcc.o(.text)
    RCC_BackupResetCmd                       0x080088d7   Thumb Code     8  stm32f4xx_rcc.o(.text)
    RCC_I2SCLKConfig                         0x080088df   Thumb Code     6  stm32f4xx_rcc.o(.text)
    RCC_SAIPLLI2SClkDivConfig                0x080088e5   Thumb Code    26  stm32f4xx_rcc.o(.text)
    RCC_SAIPLLSAIClkDivConfig                0x080088ff   Thumb Code    28  stm32f4xx_rcc.o(.text)
    RCC_SAIBlockACLKConfig                   0x0800891b   Thumb Code    20  stm32f4xx_rcc.o(.text)
    RCC_SAIBlockBCLKConfig                   0x0800892f   Thumb Code    20  stm32f4xx_rcc.o(.text)
    RCC_LTDCCLKDivConfig                     0x08008943   Thumb Code    20  stm32f4xx_rcc.o(.text)
    RCC_TIMCLKPresConfig                     0x08008957   Thumb Code     6  stm32f4xx_rcc.o(.text)
    RCC_AHB1PeriphClockCmd                   0x0800895d   Thumb Code    34  stm32f4xx_rcc.o(.text)
    RCC_AHB2PeriphClockCmd                   0x0800897f   Thumb Code    78  stm32f4xx_rcc.o(.text)
    RCC_AHB3PeriphClockCmd                   0x080089cd   Thumb Code    34  stm32f4xx_rcc.o(.text)
    RCC_APB1PeriphClockCmd                   0x080089ef   Thumb Code    34  stm32f4xx_rcc.o(.text)
    RCC_APB2PeriphClockCmd                   0x08008a11   Thumb Code    34  stm32f4xx_rcc.o(.text)
    RCC_AHB1PeriphResetCmd                   0x08008a33   Thumb Code    34  stm32f4xx_rcc.o(.text)
    RCC_AHB2PeriphResetCmd                   0x08008a55   Thumb Code    34  stm32f4xx_rcc.o(.text)
    RCC_AHB3PeriphResetCmd                   0x08008a77   Thumb Code    34  stm32f4xx_rcc.o(.text)
    RCC_APB1PeriphResetCmd                   0x08008a99   Thumb Code    34  stm32f4xx_rcc.o(.text)
    RCC_APB2PeriphResetCmd                   0x08008abb   Thumb Code    34  stm32f4xx_rcc.o(.text)
    RCC_AHB1PeriphClockLPModeCmd             0x08008add   Thumb Code    34  stm32f4xx_rcc.o(.text)
    RCC_AHB2PeriphClockLPModeCmd             0x08008aff   Thumb Code    34  stm32f4xx_rcc.o(.text)
    RCC_AHB3PeriphClockLPModeCmd             0x08008b21   Thumb Code    34  stm32f4xx_rcc.o(.text)
    RCC_APB1PeriphClockLPModeCmd             0x08008b43   Thumb Code    34  stm32f4xx_rcc.o(.text)
    RCC_APB2PeriphClockLPModeCmd             0x08008b65   Thumb Code    34  stm32f4xx_rcc.o(.text)
    RCC_LSEModeConfig                        0x08008b87   Thumb Code    40  stm32f4xx_rcc.o(.text)
    RCC_ITConfig                             0x08008baf   Thumb Code    34  stm32f4xx_rcc.o(.text)
    RCC_ClearFlag                            0x08008bd1   Thumb Code    18  stm32f4xx_rcc.o(.text)
    RCC_GetITStatus                          0x08008be3   Thumb Code    22  stm32f4xx_rcc.o(.text)
    RCC_ClearITPendingBit                    0x08008bf9   Thumb Code     8  stm32f4xx_rcc.o(.text)
    USART_DeInit                             0x08008c05   Thumb Code   206  stm32f4xx_usart.o(.text)
    USART_Init                               0x08008cd3   Thumb Code   204  stm32f4xx_usart.o(.text)
    USART_StructInit                         0x08008d9f   Thumb Code    24  stm32f4xx_usart.o(.text)
    USART_ClockInit                          0x08008db7   Thumb Code    32  stm32f4xx_usart.o(.text)
    USART_ClockStructInit                    0x08008dd7   Thumb Code    12  stm32f4xx_usart.o(.text)
    USART_Cmd                                0x08008de3   Thumb Code    24  stm32f4xx_usart.o(.text)
    USART_SetPrescaler                       0x08008dfb   Thumb Code    16  stm32f4xx_usart.o(.text)
    USART_OverSampling8Cmd                   0x08008e0b   Thumb Code    22  stm32f4xx_usart.o(.text)
    USART_OneBitMethodCmd                    0x08008e21   Thumb Code    24  stm32f4xx_usart.o(.text)
    USART_SendData                           0x08008e39   Thumb Code     8  stm32f4xx_usart.o(.text)
    USART_ReceiveData                        0x08008e41   Thumb Code    10  stm32f4xx_usart.o(.text)
    USART_SetAddress                         0x08008e4b   Thumb Code    18  stm32f4xx_usart.o(.text)
    USART_ReceiverWakeUpCmd                  0x08008e5d   Thumb Code    24  stm32f4xx_usart.o(.text)
    USART_WakeUpConfig                       0x08008e75   Thumb Code    18  stm32f4xx_usart.o(.text)
    USART_LINBreakDetectLengthConfig         0x08008e87   Thumb Code    18  stm32f4xx_usart.o(.text)
    USART_LINCmd                             0x08008e99   Thumb Code    24  stm32f4xx_usart.o(.text)
    USART_SendBreak                          0x08008eb1   Thumb Code    10  stm32f4xx_usart.o(.text)
    USART_HalfDuplexCmd                      0x08008ebb   Thumb Code    24  stm32f4xx_usart.o(.text)
    USART_SetGuardTime                       0x08008ed3   Thumb Code    16  stm32f4xx_usart.o(.text)
    USART_SmartCardCmd                       0x08008ee3   Thumb Code    24  stm32f4xx_usart.o(.text)
    USART_SmartCardNACKCmd                   0x08008efb   Thumb Code    24  stm32f4xx_usart.o(.text)
    USART_IrDAConfig                         0x08008f13   Thumb Code    18  stm32f4xx_usart.o(.text)
    USART_IrDACmd                            0x08008f25   Thumb Code    24  stm32f4xx_usart.o(.text)
    USART_DMACmd                             0x08008f3d   Thumb Code    18  stm32f4xx_usart.o(.text)
    USART_ITConfig                           0x08008f4f   Thumb Code    74  stm32f4xx_usart.o(.text)
    USART_GetFlagStatus                      0x08008f99   Thumb Code    26  stm32f4xx_usart.o(.text)
    USART_ClearFlag                          0x08008fb3   Thumb Code    18  stm32f4xx_usart.o(.text)
    USART_GetITStatus                        0x08008fc5   Thumb Code   118  stm32f4xx_usart.o(.text)
    USART_ClearITPendingBit                  0x0800903b   Thumb Code    30  stm32f4xx_usart.o(.text)
    OS_TaskStatStkChk                        0x08009059   Thumb Code    54  os_core.o(.text)
    OS_TaskStat                              0x0800908f   Thumb Code   116  os_core.o(.text)
    OS_TaskIdle                              0x08009137   Thumb Code    34  os_core.o(.text)
    OS_MemClr                                0x0800918d   Thumb Code    18  os_core.o(.text)
    OSInit                                   0x080092ab   Thumb Code    44  os_core.o(.text)
    OSIntEnter                               0x080092d7   Thumb Code    28  os_core.o(.text)
    OSIntExit                                0x0800930d   Thumb Code   112  os_core.o(.text)
    OSSchedLock                              0x0800937d   Thumb Code    50  os_core.o(.text)
    OS_Sched                                 0x080093af   Thumb Code    88  os_core.o(.text)
    OSSchedUnlock                            0x08009407   Thumb Code   238  os_core.o(.text)
    OSStart                                  0x080094f5   Thumb Code    48  os_core.o(.text)
    OSStatInit                               0x08009525   Thumb Code    62  os_core.o(.text)
    OSTimeTick                               0x08009563   Thumb Code   210  os_core.o(.text)
    OSVersion                                0x08009635   Thumb Code     6  os_core.o(.text)
    OS_Dummy                                 0x0800963b   Thumb Code     2  os_core.o(.text)
    OS_EventTaskRemove                       0x0800963d   Thumb Code    42  os_core.o(.text)
    OS_EventTaskRdy                          0x08009667   Thumb Code   114  os_core.o(.text)
    OS_EventTaskWait                         0x080096d9   Thumb Code   112  os_core.o(.text)
    OS_EventWaitListInit                     0x08009749   Thumb Code    28  os_core.o(.text)
    OS_MemCopy                               0x08009765   Thumb Code    20  os_core.o(.text)
    OS_StrLen                                0x08009779   Thumb Code    20  os_core.o(.text)
    OS_TCBInit                               0x0800978d   Thumb Code   280  os_core.o(.text)
    OSFlagAccept                             0x080098e9   Thumb Code   252  os_flag.o(.text)
    OSFlagCreate                             0x080099e5   Thumb Code    86  os_flag.o(.text)
    OS_FlagUnlink                            0x08009a3b   Thumb Code    36  os_flag.o(.text)
    OSFlagDel                                0x08009ab1   Thumb Code   214  os_flag.o(.text)
    OSFlagNameGet                            0x08009b87   Thumb Code    80  os_flag.o(.text)
    OSFlagNameSet                            0x08009bd7   Thumb Code    66  os_flag.o(.text)
    OSFlagPend                               0x08009cb1   Thumb Code   614  os_flag.o(.text)
    OSFlagPendGetFlagsRdy                    0x08009f17   Thumb Code    26  os_flag.o(.text)
    OSFlagPost                               0x08009f31   Thumb Code   312  os_flag.o(.text)
    OSFlagQuery                              0x0800a069   Thumb Code    48  os_flag.o(.text)
    OS_FlagInit                              0x0800a099   Thumb Code    78  os_flag.o(.text)
    OSMboxAccept                             0x0800a0f5   Thumb Code    38  os_mbox.o(.text)
    OSMboxCreate                             0x0800a11b   Thumb Code    68  os_mbox.o(.text)
    OSMboxDel                                0x0800a15f   Thumb Code   200  os_mbox.o(.text)
    OSMboxPend                               0x0800a227   Thumb Code   246  os_mbox.o(.text)
    OSMboxPendAbort                          0x0800a31d   Thumb Code   128  os_mbox.o(.text)
    OSMboxPost                               0x0800a39d   Thumb Code    80  os_mbox.o(.text)
    OSMboxPostOpt                            0x0800a3ed   Thumb Code   120  os_mbox.o(.text)
    OSMboxQuery                              0x0800a465   Thumb Code    76  os_mbox.o(.text)
    OSQAccept                                0x0800a4c1   Thumb Code    88  os_q.o(.text)
    OSQCreate                                0x0800a519   Thumb Code   140  os_q.o(.text)
    OSQDel                                   0x0800a5a5   Thumb Code   236  os_q.o(.text)
    OSQFlush                                 0x0800a691   Thumb Code    36  os_q.o(.text)
    OSQPend                                  0x0800a6b5   Thumb Code   272  os_q.o(.text)
    OSQPendAbort                             0x0800a7c5   Thumb Code   128  os_q.o(.text)
    OSQPost                                  0x0800a845   Thumb Code   114  os_q.o(.text)
    OSQPostFront                             0x0800a8b7   Thumb Code   136  os_q.o(.text)
    OSQPostOpt                               0x0800a93f   Thumb Code   182  os_q.o(.text)
    OSQQuery                                 0x0800a9f5   Thumb Code    98  os_q.o(.text)
    OS_QInit                                 0x0800aa57   Thumb Code    72  os_q.o(.text)
    OSTaskChangePrio                         0x0800aaa9   Thumb Code   308  os_task.o(.text)
    OSTaskCreate                             0x0800abdd   Thumb Code   148  os_task.o(.text)
    OS_TaskStkClr                            0x0800ac71   Thumb Code    26  os_task.o(.text)
    OSTaskCreateExt                          0x0800ac8b   Thumb Code   170  os_task.o(.text)
    OSTaskDel                                0x0800ad35   Thumb Code   294  os_task.o(.text)
    OSTaskDelReq                             0x0800ae5b   Thumb Code   144  os_task.o(.text)
    OSTaskNameGet                            0x0800aeeb   Thumb Code   114  os_task.o(.text)
    OSTaskNameSet                            0x0800af5d   Thumb Code    98  os_task.o(.text)
    OSTaskResume                             0x0800afbf   Thumb Code   154  os_task.o(.text)
    OSTaskStkChk                             0x0800b059   Thumb Code   132  os_task.o(.text)
    OSTaskSuspend                            0x0800b0dd   Thumb Code   152  os_task.o(.text)
    OSTaskQuery                              0x0800b175   Thumb Code    82  os_task.o(.text)
    OSTaskRegGet                             0x0800b1c7   Thumb Code    60  os_task.o(.text)
    OSTaskRegSet                             0x0800b203   Thumb Code    62  os_task.o(.text)
    OS_TaskReturn                            0x0800b241   Thumb Code    18  os_task.o(.text)
    OSTimeDly                                0x0800b26d   Thumb Code   100  os_time.o(.text)
    OSTimeDlyHMSM                            0x0800b2d1   Thumb Code    86  os_time.o(.text)
    OSTimeDlyResume                          0x0800b327   Thumb Code   168  os_time.o(.text)
    OSTimeGet                                0x0800b3cf   Thumb Code    24  os_time.o(.text)
    OSTimeSet                                0x0800b3e7   Thumb Code    24  os_time.o(.text)
    OS_CPU_SR_Save                           0x0800b41d   Thumb Code     0  os_cpu_a.o(.text)
    OS_CPU_SR_Restore                        0x0800b425   Thumb Code     0  os_cpu_a.o(.text)
    OSStartHighRdy                           0x0800b42b   Thumb Code     0  os_cpu_a.o(.text)
    OSCtxSw                                  0x0800b44f   Thumb Code     0  os_cpu_a.o(.text)
    OSIntCtxSw                               0x0800b45d   Thumb Code     0  os_cpu_a.o(.text)
    PendSV_Handler                           0x0800b46d   Thumb Code     0  os_cpu_a.o(.text)
    OSInitHookBegin                          0x0800b4e5   Thumb Code     2  os_cpu_c.o(.text)
    OSInitHookEnd                            0x0800b4e7   Thumb Code     2  os_cpu_c.o(.text)
    OSTaskCreateHook                         0x0800b4e9   Thumb Code     2  os_cpu_c.o(.text)
    OSTaskDelHook                            0x0800b4eb   Thumb Code     2  os_cpu_c.o(.text)
    OSTaskIdleHook                           0x0800b4ed   Thumb Code     2  os_cpu_c.o(.text)
    OSTaskStatHook                           0x0800b4ef   Thumb Code     2  os_cpu_c.o(.text)
    OSTaskStkInit                            0x0800b4f1   Thumb Code   426  os_cpu_c.o(.text)
    OSTaskSwHook                             0x0800b69b   Thumb Code     2  os_cpu_c.o(.text)
    OSTCBInitHook                            0x0800b69d   Thumb Code     2  os_cpu_c.o(.text)
    OSTimeTickHook                           0x0800b69f   Thumb Code     2  os_cpu_c.o(.text)
    OSTaskReturnHook                         0x0800b6a1   Thumb Code     2  os_cpu_c.o(.text)
    __use_no_semihosting                     0x0800b6a9   Thumb Code     2  use_no_semi_2.o(.text)
    __2printf                                0x0800b6ad   Thumb Code    20  noretval__2printf.o(.text)
    __printf                                 0x0800b6c5   Thumb Code   104  __printf.o(.text)
    _printf_str                              0x0800b72d   Thumb Code    82  _printf_str.o(.text)
    _printf_int_dec                          0x0800b781   Thumb Code   104  _printf_dec.o(.text)
    _printf_int_hex                          0x0800b7f9   Thumb Code    84  _printf_hex_int.o(.text)
    _printf_longlong_hex                     0x0800b7f9   Thumb Code     0  _printf_hex_int.o(.text)
    strcmp                                   0x0800b851   Thumb Code   128  strcmpv7m.o(.text)
    __use_two_region_memory                  0x0800b8d1   Thumb Code     2  heapauxi.o(.text)
    __rt_heap_escrow$2region                 0x0800b8d3   Thumb Code     2  heapauxi.o(.text)
    __rt_heap_expand$2region                 0x0800b8d5   Thumb Code     2  heapauxi.o(.text)
    __I$use$semihosting                      0x0800b8d7   Thumb Code     0  use_no_semi.o(.text)
    __use_no_semihosting_swi                 0x0800b8d7   Thumb Code     2  use_no_semi.o(.text)
    __read_errno                             0x0800b8d9   Thumb Code    10  _rserrno.o(.text)
    __set_errno                              0x0800b8e3   Thumb Code    12  _rserrno.o(.text)
    _printf_int_common                       0x0800b8ef   Thumb Code   178  _printf_intcommon.o(.text)
    _printf_cs_common                        0x0800b9a1   Thumb Code    20  _printf_char.o(.text)
    _printf_char                             0x0800b9b5   Thumb Code    16  _printf_char.o(.text)
    _printf_string                           0x0800b9c5   Thumb Code     8  _printf_char.o(.text)
    _printf_char_file                        0x0800b9cd   Thumb Code    32  _printf_char_file.o(.text)
    __aeabi_errno_addr                       0x0800b9f1   Thumb Code     8  rt_errno_addr_intlibspace.o(.text)
    __errno$intlibspace                      0x0800b9f1   Thumb Code     0  rt_errno_addr_intlibspace.o(.text)
    __rt_errno_addr$intlibspace              0x0800b9f1   Thumb Code     0  rt_errno_addr_intlibspace.o(.text)
    _printf_char_common                      0x0800ba03   Thumb Code    32  _printf_char_common.o(.text)
    ferror                                   0x0800ba29   Thumb Code     8  ferror.o(.text)
    __user_libspace                          0x0800ba31   Thumb Code     8  libspace.o(.text)
    __user_perproc_libspace                  0x0800ba31   Thumb Code     0  libspace.o(.text)
    __user_perthread_libspace                0x0800ba31   Thumb Code     0  libspace.o(.text)
    __user_setup_stackheap                   0x0800ba39   Thumb Code    74  sys_stackheap_outer.o(.text)
    exit                                     0x0800ba83   Thumb Code    12  exit.o(.text)
    __hardfp_sqrt                            0x0800ba8f   Thumb Code   122  sqrt.o(i.__hardfp_sqrt)
    __aeabi_dadd                             0x0800bb09   Thumb Code     0  daddsub_clz.o(x$fpl$dadd)
    _dadd                                    0x0800bb09   Thumb Code   332  daddsub_clz.o(x$fpl$dadd)
    __fpl_dcmp_Inf                           0x0800bc59   Thumb Code    24  dcmpi.o(x$fpl$dcmpinf)
    __aeabi_d2uiz                            0x0800bc71   Thumb Code     0  dfixu.o(x$fpl$dfixu)
    _dfixu                                   0x0800bc71   Thumb Code    90  dfixu.o(x$fpl$dfixu)
    __aeabi_i2d                              0x0800bccb   Thumb Code     0  dflt_clz.o(x$fpl$dflt)
    _dflt                                    0x0800bccb   Thumb Code    46  dflt_clz.o(x$fpl$dflt)
    __aeabi_ui2d                             0x0800bcf9   Thumb Code     0  dflt_clz.o(x$fpl$dfltu)
    _dfltu                                   0x0800bcf9   Thumb Code    38  dflt_clz.o(x$fpl$dfltu)
    __aeabi_cdcmple                          0x0800bd21   Thumb Code     0  dleqf.o(x$fpl$dleqf)
    _dcmple                                  0x0800bd21   Thumb Code   120  dleqf.o(x$fpl$dleqf)
    __fpl_dcmple_InfNaN                      0x0800bd83   Thumb Code     0  dleqf.o(x$fpl$dleqf)
    __aeabi_dmul                             0x0800bd99   Thumb Code     0  dmul.o(x$fpl$dmul)
    _dmul                                    0x0800bd99   Thumb Code   332  dmul.o(x$fpl$dmul)
    __fpl_dnaninf                            0x0800beed   Thumb Code   156  dnaninf.o(x$fpl$dnaninf)
    __fpl_dretinf                            0x0800bf89   Thumb Code    12  dretinf.o(x$fpl$dretinf)
    __aeabi_cdrcmple                         0x0800bf95   Thumb Code     0  drleqf.o(x$fpl$drleqf)
    _drcmple                                 0x0800bf95   Thumb Code   108  drleqf.o(x$fpl$drleqf)
    __aeabi_drsub                            0x0800c001   Thumb Code     0  daddsub_clz.o(x$fpl$drsb)
    _drsb                                    0x0800c001   Thumb Code    22  daddsub_clz.o(x$fpl$drsb)
    _dsqrt                                   0x0800c019   Thumb Code   404  dsqrt_umaal.o(x$fpl$dsqrt)
    __aeabi_dsub                             0x0800c1b1   Thumb Code     0  daddsub_clz.o(x$fpl$dsub)
    _dsub                                    0x0800c1b1   Thumb Code   464  daddsub_clz.o(x$fpl$dsub)
    __aeabi_f2d                              0x0800c385   Thumb Code     0  f2d.o(x$fpl$f2d)
    _f2d                                     0x0800c385   Thumb Code    86  f2d.o(x$fpl$f2d)
    __fpl_fnaninf                            0x0800c3db   Thumb Code   140  fnaninf.o(x$fpl$fnaninf)
    _fp_init                                 0x0800c467   Thumb Code    10  fpinit.o(x$fpl$fpinit)
    __fplib_config_fpu_vfp                   0x0800c46f   Thumb Code     0  fpinit.o(x$fpl$fpinit)
    __fplib_config_pureend_doubles           0x0800c46f   Thumb Code     0  fpinit.o(x$fpl$fpinit)
    __I$use$fp                               0x0800c470   Number         0  usenofp.o(x$fpl$usenofp)
    asc2_1206                                0x0800c470   Data        1140  lcd.o(.constdata)
    asc2_1608                                0x0800c8e4   Data        1520  lcd.o(.constdata)
    asc2_2412                                0x0800ced4   Data        3420  lcd.o(.constdata)
    GT9147_CFG_TBL                           0x0800dc30   Data         184  gt9147.o(.constdata)
    GT9147_TPX_TBL                           0x0800dce8   Data          10  gt9147.o(.constdata)
    OTT_TPX_TBL                              0x0800dcf2   Data          10  ott2001a.o(.constdata)
    FT5206_TPX_TBL                           0x0800dcfc   Data          10  ft5206.o(.constdata)
    TP_REMIND_MSG_TBL                        0x0800dd08   Data           4  touch.o(.constdata)
    FSMC_DefaultTimingStruct                 0x0800dd0c   Data          28  stm32f4xx_fsmc.o(.constdata)
    OSUnMapTbl                               0x0800dd28   Data         256  os_core.o(.constdata)
    Region$$Table$$Base                      0x0800decc   Number         0  anon$$obj.o(Region$$Table)
    Region$$Table$$Limit                     0x0800deec   Number         0  anon$$obj.o(Region$$Table)
    msg_key                                  0x20000000   Data           4  main.o(.data)
    SystemCoreClock                          0x20000004   Data           4  system_stm32f4xx.o(.data)
    AHBPrescTable                            0x20000008   Data          16  system_stm32f4xx.o(.data)
    POINT_COLOR                              0x20000018   Data           2  lcd.o(.data)
    BACK_COLOR                               0x2000001a   Data           2  lcd.o(.data)
    tp_dev                                   0x20000020   Data          52  touch.o(.data)
    CMD_RDX                                  0x20000054   Data           1  touch.o(.data)
    CMD_RDY                                  0x20000055   Data           1  touch.o(.data)
    __stdout                                 0x2000005c   Data           4  usart.o(.data)
    USART_RX_STA                             0x20000060   Data           2  usart.o(.data)
    OSCtxSwCtr                               0x20000074   Data           4  os_core.o(.data)
    OSEventFreeList                          0x20000078   Data           4  os_core.o(.data)
    OSFlagFreeList                           0x2000007c   Data           4  os_core.o(.data)
    OSCPUUsage                               0x20000080   Data           1  os_core.o(.data)
    OSIdleCtrMax                             0x20000084   Data           4  os_core.o(.data)
    OSIdleCtrRun                             0x20000088   Data           4  os_core.o(.data)
    OSStatRdy                                0x2000008c   Data           1  os_core.o(.data)
    OSIntNesting                             0x2000008d   Data           1  os_core.o(.data)
    OSLockNesting                            0x2000008e   Data           1  os_core.o(.data)
    OSPrioCur                                0x2000008f   Data           1  os_core.o(.data)
    OSPrioHighRdy                            0x20000090   Data           1  os_core.o(.data)
    OSRdyGrp                                 0x20000091   Data           1  os_core.o(.data)
    OSRdyTbl                                 0x20000092   Data           8  os_core.o(.data)
    OSRunning                                0x2000009a   Data           1  os_core.o(.data)
    OSTaskCtr                                0x2000009b   Data           1  os_core.o(.data)
    OSIdleCtr                                0x2000009c   Data           4  os_core.o(.data)
    OSTCBCur                                 0x200000a0   Data           4  os_core.o(.data)
    OSTCBFreeList                            0x200000a4   Data           4  os_core.o(.data)
    OSTCBHighRdy                             0x200000a8   Data           4  os_core.o(.data)
    OSTCBList                                0x200000ac   Data           4  os_core.o(.data)
    OSTickStepState                          0x200000b0   Data           1  os_core.o(.data)
    OSQFreeList                              0x200000b4   Data           4  os_core.o(.data)
    OSTime                                   0x200000b8   Data           4  os_core.o(.data)
    START_TASK_STK                           0x200000bc   Data         256  main.o(.bss)
    TOUCH_TASK_STK                           0x200001bc   Data         512  main.o(.bss)
    LED_TASK_STK                             0x200003bc   Data         256  main.o(.bss)
    MAIN_TASK_STK                            0x200004bc   Data         512  main.o(.bss)
    KEY_TASK_STK                             0x200006bc   Data         256  main.o(.bss)
    lcddev                                   0x200007bc   Data          14  lcd.o(.bss)
    USART_RX_BUF                             0x200007ca   Data         200  usart.o(.bss)
    OSEventTbl                               0x20000894   Data         200  os_core.o(.bss)
    OSFlagTbl                                0x2000095c   Data          80  os_core.o(.bss)
    OSTaskStatStk                            0x200009ac   Data         512  os_core.o(.bss)
    OSTaskIdleStk                            0x20000bac   Data         512  os_core.o(.bss)
    OSTCBPrioTbl                             0x20000dac   Data         256  os_core.o(.bss)
    OSTCBTbl                                 0x20000eac   Data        1008  os_core.o(.bss)
    OSQTbl                                   0x2000129c   Data         120  os_core.o(.bss)
    __libspace_start                         0x20001314   Data          96  libspace.o(.bss)
    __temporary_stack_top$libspace           0x20001374   Data           0  libspace.o(.bss)



==============================================================================

Memory Map of the image

  Image Entry point : 0x08000189

  Load Region LR_IROM1 (Base: 0x08000000, Size: 0x0000dfa8, Max: 0x00100000, ABSOLUTE)

    Execution Region ER_IROM1 (Base: 0x08000000, Size: 0x0000deec, Max: 0x00100000, ABSOLUTE)

    Base Addr    Size         Type   Attr      Idx    E Section Name        Object

    0x08000000   0x00000188   Data   RO          599    RESET               startup_stm32f40_41xxx.o
    0x08000188   0x00000008   Code   RO         1021  * !!!main             c_w.l(__main.o)
    0x08000190   0x00000034   Code   RO         1244    !!!scatter          c_w.l(__scatter.o)
    0x080001c4   0x0000001a   Code   RO         1246    !!handler_copy      c_w.l(__scatter_copy.o)
    0x080001de   0x00000002   PAD
    0x080001e0   0x0000001c   Code   RO         1248    !!handler_zi        c_w.l(__scatter_zi.o)
    0x080001fc   0x00000000   Code   RO         1016    .ARM.Collect$$_printf_percent$$00000000  c_w.l(_printf_percent.o)
    0x080001fc   0x00000006   Code   RO         1015    .ARM.Collect$$_printf_percent$$00000009  c_w.l(_printf_d.o)
    0x08000202   0x00000006   Code   RO         1014    .ARM.Collect$$_printf_percent$$0000000C  c_w.l(_printf_x.o)
    0x08000208   0x00000006   Code   RO         1013    .ARM.Collect$$_printf_percent$$00000014  c_w.l(_printf_s.o)
    0x0800020e   0x00000004   Code   RO         1070    .ARM.Collect$$_printf_percent$$00000017  c_w.l(_printf_percent_end.o)
    0x08000212   0x00000002   Code   RO         1122    .ARM.Collect$$libinit$$00000000  c_w.l(libinit.o)
    0x08000214   0x00000004   Code   RO         1125    .ARM.Collect$$libinit$$00000001  c_w.l(libinit2.o)
    0x08000218   0x00000000   Code   RO         1128    .ARM.Collect$$libinit$$00000004  c_w.l(libinit2.o)
    0x08000218   0x00000000   Code   RO         1131    .ARM.Collect$$libinit$$0000000A  c_w.l(libinit2.o)
    0x08000218   0x00000000   Code   RO         1133    .ARM.Collect$$libinit$$0000000C  c_w.l(libinit2.o)
    0x08000218   0x00000000   Code   RO         1135    .ARM.Collect$$libinit$$0000000E  c_w.l(libinit2.o)
    0x08000218   0x00000000   Code   RO         1138    .ARM.Collect$$libinit$$00000011  c_w.l(libinit2.o)
    0x08000218   0x00000000   Code   RO         1140    .ARM.Collect$$libinit$$00000013  c_w.l(libinit2.o)
    0x08000218   0x00000000   Code   RO         1142    .ARM.Collect$$libinit$$00000015  c_w.l(libinit2.o)
    0x08000218   0x00000000   Code   RO         1144    .ARM.Collect$$libinit$$00000017  c_w.l(libinit2.o)
    0x08000218   0x00000000   Code   RO         1146    .ARM.Collect$$libinit$$00000019  c_w.l(libinit2.o)
    0x08000218   0x00000000   Code   RO         1148    .ARM.Collect$$libinit$$0000001B  c_w.l(libinit2.o)
    0x08000218   0x00000000   Code   RO         1150    .ARM.Collect$$libinit$$0000001D  c_w.l(libinit2.o)
    0x08000218   0x00000000   Code   RO         1152    .ARM.Collect$$libinit$$0000001F  c_w.l(libinit2.o)
    0x08000218   0x00000000   Code   RO         1154    .ARM.Collect$$libinit$$00000021  c_w.l(libinit2.o)
    0x08000218   0x00000000   Code   RO         1156    .ARM.Collect$$libinit$$00000023  c_w.l(libinit2.o)
    0x08000218   0x00000000   Code   RO         1158    .ARM.Collect$$libinit$$00000025  c_w.l(libinit2.o)
    0x08000218   0x00000000   Code   RO         1162    .ARM.Collect$$libinit$$0000002C  c_w.l(libinit2.o)
    0x08000218   0x00000000   Code   RO         1164    .ARM.Collect$$libinit$$0000002E  c_w.l(libinit2.o)
    0x08000218   0x00000000   Code   RO         1166    .ARM.Collect$$libinit$$00000030  c_w.l(libinit2.o)
    0x08000218   0x00000000   Code   RO         1168    .ARM.Collect$$libinit$$00000032  c_w.l(libinit2.o)
    0x08000218   0x00000002   Code   RO         1169    .ARM.Collect$$libinit$$00000033  c_w.l(libinit2.o)
    0x0800021a   0x00000002   Code   RO         1187    .ARM.Collect$$libshutdown$$00000000  c_w.l(libshutdown.o)
    0x0800021c   0x00000000   Code   RO         1198    .ARM.Collect$$libshutdown$$00000003  c_w.l(libshutdown2.o)
    0x0800021c   0x00000000   Code   RO         1201    .ARM.Collect$$libshutdown$$00000006  c_w.l(libshutdown2.o)
    0x0800021c   0x00000000   Code   RO         1204    .ARM.Collect$$libshutdown$$00000009  c_w.l(libshutdown2.o)
    0x0800021c   0x00000000   Code   RO         1206    .ARM.Collect$$libshutdown$$0000000B  c_w.l(libshutdown2.o)
    0x0800021c   0x00000000   Code   RO         1209    .ARM.Collect$$libshutdown$$0000000E  c_w.l(libshutdown2.o)
    0x0800021c   0x00000002   Code   RO         1210    .ARM.Collect$$libshutdown$$0000000F  c_w.l(libshutdown2.o)
    0x0800021e   0x00000000   Code   RO         1061    .ARM.Collect$$rtentry$$00000000  c_w.l(__rtentry.o)
    0x0800021e   0x00000000   Code   RO         1083    .ARM.Collect$$rtentry$$00000002  c_w.l(__rtentry2.o)
    0x0800021e   0x00000006   Code   RO         1095    .ARM.Collect$$rtentry$$00000004  c_w.l(__rtentry4.o)
    0x08000224   0x00000000   Code   RO         1085    .ARM.Collect$$rtentry$$00000009  c_w.l(__rtentry2.o)
    0x08000224   0x00000004   Code   RO         1086    .ARM.Collect$$rtentry$$0000000A  c_w.l(__rtentry2.o)
    0x08000228   0x00000000   Code   RO         1088    .ARM.Collect$$rtentry$$0000000C  c_w.l(__rtentry2.o)
    0x08000228   0x00000008   Code   RO         1089    .ARM.Collect$$rtentry$$0000000D  c_w.l(__rtentry2.o)
    0x08000230   0x00000002   Code   RO         1123    .ARM.Collect$$rtexit$$00000000  c_w.l(rtexit.o)
    0x08000232   0x00000000   Code   RO         1171    .ARM.Collect$$rtexit$$00000002  c_w.l(rtexit2.o)
    0x08000232   0x00000004   Code   RO         1172    .ARM.Collect$$rtexit$$00000003  c_w.l(rtexit2.o)
    0x08000236   0x00000006   Code   RO         1173    .ARM.Collect$$rtexit$$00000004  c_w.l(rtexit2.o)
    0x0800023c   0x00000584   Code   RO            3    .text               main.o
    0x080007c0   0x00000016   Code   RO          197    .text               stm32f4xx_it.o
    0x080007d6   0x00000002   PAD
    0x080007d8   0x00000210   Code   RO          246    .text               system_stm32f4xx.o
    0x080009e8   0x00000040   Code   RO          272    .text               led.o
    0x08000a28   0x00004c80   Code   RO          292    .text               lcd.o
    0x080056a8   0x00000104   Code   RO          330    .text               key.o
    0x080057ac   0x0000025c   Code   RO          351    .text               myiic.o
    0x08005a08   0x0000017a   Code   RO          374    .text               24cxx.o
    0x08005b82   0x00000002   PAD
    0x08005b84   0x00000254   Code   RO          397    .text               ctiic.o
    0x08005dd8   0x00000448   Code   RO          420    .text               gt9147.o
    0x08006220   0x00000388   Code   RO          448    .text               ott2001a.o
    0x080065a8   0x0000032c   Code   RO          472    .text               ft5206.o
    0x080068d4   0x000010e0   Code   RO          496    .text               touch.o
    0x080079b4   0x00000128   Code   RO          528    .text               delay.o
    0x08007adc   0x00000150   Code   RO          568    .text               usart.o
    0x08007c2c   0x00000040   Code   RO          600    .text               startup_stm32f40_41xxx.o
    0x08007c6c   0x000000e0   Code   RO          606    .text               misc.o
    0x08007d4c   0x00000294   Code   RO          626    .text               stm32f4xx_gpio.o
    0x08007fe0   0x000005c8   Code   RO          646    .text               stm32f4xx_fsmc.o
    0x080085a8   0x0000065c   Code   RO          669    .text               stm32f4xx_rcc.o
    0x08008c04   0x00000454   Code   RO          711    .text               stm32f4xx_usart.o
    0x08009058   0x00000890   Code   RO          731    .text               os_core.o
    0x080098e8   0x0000080c   Code   RO          759    .text               os_flag.o
    0x0800a0f4   0x000003cc   Code   RO          779    .text               os_mbox.o
    0x0800a4c0   0x000005e8   Code   RO          833    .text               os_q.o
    0x0800aaa8   0x000007c4   Code   RO          873    .text               os_task.o
    0x0800b26c   0x000001b0   Code   RO          893    .text               os_time.o
    0x0800b41c   0x000000c8   Code   RO          925    .text               os_cpu_a.o
    0x0800b4e4   0x000001c4   Code   RO          930    .text               os_cpu_c.o
    0x0800b6a8   0x00000002   Code   RO          960    .text               c_w.l(use_no_semi_2.o)
    0x0800b6aa   0x00000002   PAD
    0x0800b6ac   0x00000018   Code   RO          964    .text               c_w.l(noretval__2printf.o)
    0x0800b6c4   0x00000068   Code   RO          966    .text               c_w.l(__printf.o)
    0x0800b72c   0x00000052   Code   RO          968    .text               c_w.l(_printf_str.o)
    0x0800b77e   0x00000002   PAD
    0x0800b780   0x00000078   Code   RO          970    .text               c_w.l(_printf_dec.o)
    0x0800b7f8   0x00000058   Code   RO          975    .text               c_w.l(_printf_hex_int.o)
    0x0800b850   0x00000080   Code   RO         1017    .text               c_w.l(strcmpv7m.o)
    0x0800b8d0   0x00000006   Code   RO         1019    .text               c_w.l(heapauxi.o)
    0x0800b8d6   0x00000002   Code   RO         1059    .text               c_w.l(use_no_semi.o)
    0x0800b8d8   0x00000016   Code   RO         1062    .text               c_w.l(_rserrno.o)
    0x0800b8ee   0x000000b2   Code   RO         1064    .text               c_w.l(_printf_intcommon.o)
    0x0800b9a0   0x0000002c   Code   RO         1066    .text               c_w.l(_printf_char.o)
    0x0800b9cc   0x00000024   Code   RO         1068    .text               c_w.l(_printf_char_file.o)
    0x0800b9f0   0x00000008   Code   RO         1100    .text               c_w.l(rt_errno_addr_intlibspace.o)
    0x0800b9f8   0x00000030   Code   RO         1102    .text               c_w.l(_printf_char_common.o)
    0x0800ba28   0x00000008   Code   RO         1104    .text               c_w.l(ferror.o)
    0x0800ba30   0x00000008   Code   RO         1108    .text               c_w.l(libspace.o)
    0x0800ba38   0x0000004a   Code   RO         1111    .text               c_w.l(sys_stackheap_outer.o)
    0x0800ba82   0x0000000c   Code   RO         1115    .text               c_w.l(exit.o)
    0x0800ba8e   0x0000007a   Code   RO         1047    i.__hardfp_sqrt     m_wm.l(sqrt.o)
    0x0800bb08   0x00000150   Code   RO         1023    x$fpl$dadd          fz_wm.l(daddsub_clz.o)
    0x0800bc58   0x00000018   Code   RO         1071    x$fpl$dcmpinf       fz_wm.l(dcmpi.o)
    0x0800bc70   0x0000005a   Code   RO         1029    x$fpl$dfixu         fz_wm.l(dfixu.o)
    0x0800bcca   0x0000002e   Code   RO         1034    x$fpl$dflt          fz_wm.l(dflt_clz.o)
    0x0800bcf8   0x00000026   Code   RO         1033    x$fpl$dfltu         fz_wm.l(dflt_clz.o)
    0x0800bd1e   0x00000002   PAD
    0x0800bd20   0x00000078   Code   RO         1039    x$fpl$dleqf         fz_wm.l(dleqf.o)
    0x0800bd98   0x00000154   Code   RO         1041    x$fpl$dmul          fz_wm.l(dmul.o)
    0x0800beec   0x0000009c   Code   RO         1073    x$fpl$dnaninf       fz_wm.l(dnaninf.o)
    0x0800bf88   0x0000000c   Code   RO         1075    x$fpl$dretinf       fz_wm.l(dretinf.o)
    0x0800bf94   0x0000006c   Code   RO         1043    x$fpl$drleqf        fz_wm.l(drleqf.o)
    0x0800c000   0x00000016   Code   RO         1024    x$fpl$drsb          fz_wm.l(daddsub_clz.o)
    0x0800c016   0x00000002   PAD
    0x0800c018   0x00000198   Code   RO         1077    x$fpl$dsqrt         fz_wm.l(dsqrt_umaal.o)
    0x0800c1b0   0x000001d4   Code   RO         1025    x$fpl$dsub          fz_wm.l(daddsub_clz.o)
    0x0800c384   0x00000056   Code   RO         1045    x$fpl$f2d           fz_wm.l(f2d.o)
    0x0800c3da   0x0000008c   Code   RO         1079    x$fpl$fnaninf       fz_wm.l(fnaninf.o)
    0x0800c466   0x0000000a   Code   RO         1179    x$fpl$fpinit        fz_wm.l(fpinit.o)
    0x0800c470   0x00000000   Code   RO         1081    x$fpl$usenofp       fz_wm.l(usenofp.o)
    0x0800c470   0x000017c0   Data   RO          294    .constdata          lcd.o
    0x0800dc30   0x000000c2   Data   RO          421    .constdata          gt9147.o
    0x0800dcf2   0x0000000a   Data   RO          449    .constdata          ott2001a.o
    0x0800dcfc   0x0000000a   Data   RO          473    .constdata          ft5206.o
    0x0800dd06   0x00000002   PAD
    0x0800dd08   0x00000004   Data   RO          497    .constdata          touch.o
    0x0800dd0c   0x0000001c   Data   RO          647    .constdata          stm32f4xx_fsmc.o
    0x0800dd28   0x00000100   Data   RO          733    .constdata          os_core.o
    0x0800de28   0x00000028   Data   RO          976    .constdata          c_w.l(_printf_hex_int.o)
    0x0800de50   0x00000079   Data   RO          498    .conststring        touch.o
    0x0800dec9   0x00000003   PAD
    0x0800decc   0x00000020   Data   RO         1242    Region$$Table       anon$$obj.o


    Execution Region RW_IRAM1 (Base: 0x20000000, Size: 0x00001978, Max: 0x00020000, ABSOLUTE)

    Base Addr    Size         Type   Attr      Idx    E Section Name        Object

    0x20000000   0x00000004   Data   RW            5    .data               main.o
    0x20000004   0x00000014   Data   RW          247    .data               system_stm32f4xx.o
    0x20000018   0x00000004   Data   RW          295    .data               lcd.o
    0x2000001c   0x00000001   Data   RW          331    .data               key.o
    0x2000001d   0x00000001   Data   RW          422    .data               gt9147.o
    0x2000001e   0x00000001   Data   RW          450    .data               ott2001a.o
    0x2000001f   0x00000001   Data   RW          474    .data               ft5206.o
    0x20000020   0x00000036   Data   RW          499    .data               touch.o
    0x20000056   0x00000004   Data   RW          529    .data               delay.o
    0x2000005a   0x00000002   PAD
    0x2000005c   0x00000006   Data   RW          570    .data               usart.o
    0x20000062   0x00000010   Data   RW          670    .data               stm32f4xx_rcc.o
    0x20000072   0x00000002   PAD
    0x20000074   0x00000048   Data   RW          734    .data               os_core.o
    0x200000bc   0x00000700   Zero   RW            4    .bss                main.o
    0x200007bc   0x0000000e   Zero   RW          293    .bss                lcd.o
    0x200007ca   0x000000c8   Zero   RW          569    .bss                usart.o
    0x20000892   0x00000002   PAD
    0x20000894   0x00000a80   Zero   RW          732    .bss                os_core.o
    0x20001314   0x00000060   Zero   RW         1109    .bss                c_w.l(libspace.o)
    0x20001374   0x00000004   PAD
    0x20001378   0x00000200   Zero   RW          598    HEAP                startup_stm32f40_41xxx.o
    0x20001578   0x00000400   Zero   RW          597    STACK               startup_stm32f40_41xxx.o


==============================================================================

Image component sizes


      Code (inc. data)   RO Data    RW Data    ZI Data      Debug   Object Name

       378          0          0          0          0       2642   24cxx.o
       596         24          0          0          0       2053   ctiic.o
       296         18          0          4          0       1781   delay.o
       812         40         10          1          0       2443   ft5206.o
      1096         78        194          1          0       2986   gt9147.o
       260         12          0          1          0        856   key.o
     19584        174       6080          4         14      22222   lcd.o
        64          4          0          0          0        515   led.o
      1412        180          0          4       1792     283193   main.o
       224         20          0          0          0       1797   misc.o
       604         14          0          0          0       1888   myiic.o
      2192        218        256         72       2688      15067   os_core.o
       200         32          0          0          0        316   os_cpu_a.o
       452          6          0          0          0      10582   os_cpu_c.o
      2060         42          0          0          0       6880   os_flag.o
       972         16          0          0          0       4106   os_mbox.o
      1512         30          0          0          0       5509   os_q.o
      1988         70          0          0          0       7545   os_task.o
       432         30          0          0          0       1794   os_time.o
       904         66         10          1          0       2643   ott2001a.o
        64         26        392          0       1536        828   startup_stm32f40_41xxx.o
      1480         18         28          0          0       5586   stm32f4xx_fsmc.o
       660         44          0          0          0       4073   stm32f4xx_gpio.o
        22          0          0          0          0       1023   stm32f4xx_it.o
      1628         52          0         16          0      12852   stm32f4xx_rcc.o
      1108         34          0          0          0       7776   stm32f4xx_usart.o
       528         46          0         20          0       1747   system_stm32f4xx.o
      4320        228        125         54          0       6621   touch.o
       336         16          0          6        200       3278   usart.o

    ----------------------------------------------------------------------
     46188       1538       7132        188       6232     420602   Object Totals
         0          0         32          0          0          0   (incl. Generated)
         4          0          5          4          2          0   (incl. Padding)

    ----------------------------------------------------------------------

      Code (inc. data)   RO Data    RW Data    ZI Data      Debug   Library Member Name

         8          0          0          0          0         68   __main.o
       104          0          0          0          0         84   __printf.o
         0          0          0          0          0          0   __rtentry.o
        12          0          0          0          0          0   __rtentry2.o
         6          0          0          0          0          0   __rtentry4.o
        52          8          0          0          0          0   __scatter.o
        26          0          0          0          0          0   __scatter_copy.o
        28          0          0          0          0          0   __scatter_zi.o
        44          0          0          0          0        108   _printf_char.o
        48          6          0          0          0         96   _printf_char_common.o
        36          4          0          0          0         80   _printf_char_file.o
         6          0          0          0          0          0   _printf_d.o
       120         16          0          0          0         92   _printf_dec.o
        88          4         40          0          0         88   _printf_hex_int.o
       178          0          0          0          0         88   _printf_intcommon.o
         0          0          0          0          0          0   _printf_percent.o
         4          0          0          0          0          0   _printf_percent_end.o
         6          0          0          0          0          0   _printf_s.o
        82          0          0          0          0         80   _printf_str.o
         6          0          0          0          0          0   _printf_x.o
        22          0          0          0          0        100   _rserrno.o
        12          0          0          0          0         72   exit.o
         8          0          0          0          0         68   ferror.o
         6          0          0          0          0        152   heapauxi.o
         2          0          0          0          0          0   libinit.o
         6          0          0          0          0          0   libinit2.o
         2          0          0          0          0          0   libshutdown.o
         2          0          0          0          0          0   libshutdown2.o
         8          4          0          0         96         68   libspace.o
        24          4          0          0          0         84   noretval__2printf.o
         8          4          0          0          0         68   rt_errno_addr_intlibspace.o
         2          0          0          0          0          0   rtexit.o
        10          0          0          0          0          0   rtexit2.o
       128          0          0          0          0         68   strcmpv7m.o
        74          0          0          0          0         80   sys_stackheap_outer.o
         2          0          0          0          0         68   use_no_semi.o
         2          0          0          0          0         68   use_no_semi_2.o
       826         16          0          0          0        492   daddsub_clz.o
        24          0          0          0          0        116   dcmpi.o
        90          4          0          0          0        140   dfixu.o
        84          0          0          0          0        232   dflt_clz.o
       120          4          0          0          0        140   dleqf.o
       340         12          0          0          0        152   dmul.o
       156          4          0          0          0        140   dnaninf.o
        12          0          0          0          0        116   dretinf.o
       108          0          0          0          0        128   drleqf.o
       408         56          0          0          0        168   dsqrt_umaal.o
        86          4          0          0          0        132   f2d.o
       140          4          0          0          0        132   fnaninf.o
        10          0          0          0          0        116   fpinit.o
         0          0          0          0          0          0   usenofp.o
       122          0          0          0          0        148   sqrt.o

    ----------------------------------------------------------------------
      3708        154         40          0        100       4032   Library Totals
        10          0          0          0          4          0   (incl. Padding)

    ----------------------------------------------------------------------

      Code (inc. data)   RO Data    RW Data    ZI Data      Debug   Library Name

      1172         50         40          0         96       1680   c_w.l
      2404        104          0          0          0       2204   fz_wm.l
       122          0          0          0          0        148   m_wm.l

    ----------------------------------------------------------------------
      3708        154         40          0        100       4032   Library Totals

    ----------------------------------------------------------------------

==============================================================================


      Code (inc. data)   RO Data    RW Data    ZI Data      Debug   

     49896       1692       7172        188       6332     417302   Grand Totals
     49896       1692       7172        188       6332     417302   ELF Image Totals
     49896       1692       7172        188          0          0   ROM Totals

==============================================================================

    Total RO  Size (Code + RO Data)                57068 (  55.73kB)
    Total RW  Size (RW Data + ZI Data)              6520 (   6.37kB)
    Total ROM Size (Code + RO Data + RW Data)      57256 (  55.91kB)

==============================================================================

