Component: ARM Compiler 5.05 update 1 (build 106) Tool: armlink [4d0efa]

==============================================================================

Section Cross References

    main.o(.text) refers to lcd.o(.text) for LCD_Clear
    main.o(.text) refers to text.o(.text) for Show_Str
    main.o(.text) refers to touch.o(.text) for TP_Scan
    main.o(.text) refers to delay.o(.text) for delay_ms
    main.o(.text) refers to videoplayer.o(.text) for video_play
    main.o(.text) refers to fattester.o(.text) for file_manage
    main.o(.text) refers to os_mbox.o(.text) for OSMboxCreate
    main.o(.text) refers to os_core.o(.text) for OSStatInit
    main.o(.text) refers to os_cpu_a.o(.text) for OS_CPU_SR_Save
    main.o(.text) refers to os_task.o(.text) for OSTaskCreate
    main.o(.text) refers to misc.o(.text) for NVIC_PriorityGroupConfig
    main.o(.text) refers to usart.o(.text) for uart_init
    main.o(.text) refers to led.o(.text) for LED_Init
    main.o(.text) refers to key.o(.text) for KEY_Init
    main.o(.text) refers to malloc.o(.text) for my_mem_init
    main.o(.text) refers to exfuns.o(.text) for exfuns_init
    main.o(.text) refers to ff.o(.text) for f_mount
    main.o(.text) refers to w25qxx.o(.text) for W25QXX_Init
    main.o(.text) refers to wm8978.o(.text) for WM8978_Init
    main.o(.text) refers to timer.o(.text) for TIM3_Int_Init
    main.o(.text) refers to fontupd.o(.text) for font_init
    main.o(.text) refers to lcd.o(.data) for POINT_COLOR
    main.o(.text) refers to lcd.o(.bss) for lcddev
    main.o(.text) refers to touch.o(.data) for tp_dev
    main.o(.text) refers to main.o(.data) for .data
    main.o(.text) refers to main.o(.bss) for .bss
    main.o(.text) refers to exfuns.o(.bss) for fs
    system_stm32f4xx.o(.text) refers to system_stm32f4xx.o(.data) for .data
    led.o(.text) refers to stm32f4xx_rcc.o(.text) for RCC_AHB1PeriphClockCmd
    led.o(.text) refers to stm32f4xx_gpio.o(.text) for GPIO_Init
    lcd.o(.text) refers to _printf_percent.o(.ARM.Collect$$_printf_percent$$00000000) for _printf_percent
    lcd.o(.text) refers to _printf_x.o(.ARM.Collect$$_printf_percent$$0000000C) for _printf_x
    lcd.o(.text) refers to _printf_hex_int_ptr.o(.text) for _printf_longlong_hex
    lcd.o(.text) refers to malloc.o(.text) for mymalloc
    lcd.o(.text) refers to ff.o(.text) for f_opendir
    lcd.o(.text) refers to text.o(.text) for Show_Str
    lcd.o(.text) refers to delay.o(.text) for delay_ms
    lcd.o(.text) refers to exfuns.o(.text) for f_typetell
    lcd.o(.text) refers to piclib.o(.text) for piclib_init
    lcd.o(.text) refers to strcpy.o(.text) for strcpy
    lcd.o(.text) refers to strcat.o(.text) for strcat
    lcd.o(.text) refers to lcd.o(.bss) for .bss
    lcd.o(.text) refers to dflt_clz.o(x$fpl$dfltu) for __aeabi_ui2d
    lcd.o(.text) refers to dmul.o(x$fpl$dmul) for __aeabi_dmul
    lcd.o(.text) refers to dfixu.o(x$fpl$dfixu) for __aeabi_d2uiz
    lcd.o(.text) refers to lcd.o(.data) for .data
    lcd.o(.text) refers to stm32f4xx_rcc.o(.text) for RCC_AHB1PeriphClockCmd
    lcd.o(.text) refers to stm32f4xx_gpio.o(.text) for GPIO_Init
    lcd.o(.text) refers to stm32f4xx_fsmc.o(.text) for FSMC_NORSRAMInit
    lcd.o(.text) refers to noretval__2printf.o(.text) for __2printf
    lcd.o(.text) refers to lcd.o(.constdata) for .constdata
    key.o(.text) refers to stm32f4xx_rcc.o(.text) for RCC_AHB1PeriphClockCmd
    key.o(.text) refers to stm32f4xx_gpio.o(.text) for GPIO_Init
    key.o(.text) refers to delay.o(.text) for delay_ms
    key.o(.text) refers to key.o(.data) for .data
    myiic.o(.text) refers to stm32f4xx_rcc.o(.text) for RCC_AHB1PeriphClockCmd
    myiic.o(.text) refers to stm32f4xx_gpio.o(.text) for GPIO_Init
    myiic.o(.text) refers to delay.o(.text) for delay_us
    24cxx.o(.text) refers to myiic.o(.text) for IIC_Init
    24cxx.o(.text) refers to delay.o(.text) for delay_ms
    ctiic.o(.text) refers to delay.o(.text) for delay_us
    ctiic.o(.text) refers to stm32f4xx_rcc.o(.text) for RCC_AHB1PeriphClockCmd
    ctiic.o(.text) refers to stm32f4xx_gpio.o(.text) for GPIO_Init
    gt9147.o(.text) refers to _printf_percent.o(.ARM.Collect$$_printf_percent$$00000000) for _printf_percent
    gt9147.o(.text) refers to _printf_s.o(.ARM.Collect$$_printf_percent$$00000014) for _printf_s
    gt9147.o(.text) refers to _printf_str.o(.text) for _printf_str
    gt9147.o(.text) refers to _printf_d.o(.ARM.Collect$$_printf_percent$$00000009) for _printf_d
    gt9147.o(.text) refers to _printf_dec.o(.text) for _printf_int_dec
    gt9147.o(.text) refers to ctiic.o(.text) for CT_IIC_Start
    gt9147.o(.text) refers to stm32f4xx_rcc.o(.text) for RCC_AHB1PeriphClockCmd
    gt9147.o(.text) refers to stm32f4xx_gpio.o(.text) for GPIO_Init
    gt9147.o(.text) refers to delay.o(.text) for delay_ms
    gt9147.o(.text) refers to noretval__2printf.o(.text) for __2printf
    gt9147.o(.text) refers to strcmpv7m.o(.text) for strcmp
    gt9147.o(.text) refers to gt9147.o(.constdata) for .constdata
[...]
    OS_QInit                                 0x0800ca9b   Thumb Code    58  os_q.o(.text)
    OSTaskChangePrio                         0x0800cadd   Thumb Code   260  os_task.o(.text)
    OSTaskCreate                             0x0800cbe1   Thumb Code   124  os_task.o(.text)
    OS_TaskStkClr                            0x0800cc5d   Thumb Code    22  os_task.o(.text)
    OSTaskCreateExt                          0x0800cc73   Thumb Code   144  os_task.o(.text)
    OSTaskDel                                0x0800cd03   Thumb Code   264  os_task.o(.text)
    OSTaskDelReq                             0x0800ce0b   Thumb Code    82  os_task.o(.text)
    OSTaskNameGet                            0x0800ce5d   Thumb Code    92  os_task.o(.text)
    OSTaskNameSet                            0x0800ceb9   Thumb Code   116  os_task.o(.text)
    OSTaskResume                             0x0800cf2d   Thumb Code   120  os_task.o(.text)
    OSTaskStkChk                             0x0800cfa5   Thumb Code    98  os_task.o(.text)
    OSTaskSuspend                            0x0800d007   Thumb Code   128  os_task.o(.text)
    OSTaskQuery                              0x0800d087   Thumb Code    74  os_task.o(.text)
    OSTaskRegGet                             0x0800d0d1   Thumb Code    50  os_task.o(.text)
    OSTaskRegSet                             0x0800d103   Thumb Code    52  os_task.o(.text)
    OS_TaskReturn                            0x0800d137   Thumb Code    18  os_task.o(.text)
    OSTimeDly                                0x0800d15d   Thumb Code    82  os_time.o(.text)
    OSTimeDlyHMSM                            0x0800d1af   Thumb Code    74  os_time.o(.text)
    OSTimeDlyResume                          0x0800d1f9   Thumb Code   134  os_time.o(.text)
    OSTimeGet                                0x0800d27f   Thumb Code    18  os_time.o(.text)
    OSTimeSet                                0x0800d291   Thumb Code    20  os_time.o(.text)
    OS_CPU_SR_Save                           0x0800d2c1   Thumb Code     0  os_cpu_a.o(.text)
    OS_CPU_SR_Restore                        0x0800d2c9   Thumb Code     0  os_cpu_a.o(.text)
    OSStartHighRdy                           0x0800d2cf   Thumb Code     0  os_cpu_a.o(.text)
    OSCtxSw                                  0x0800d2f3   Thumb Code     0  os_cpu_a.o(.text)
    OSIntCtxSw                               0x0800d301   Thumb Code     0  os_cpu_a.o(.text)
    PendSV_Handler                           0x0800d311   Thumb Code     0  os_cpu_a.o(.text)
    OSInitHookBegin                          0x0800d389   Thumb Code     2  os_cpu_c.o(.text)
    OSInitHookEnd                            0x0800d38b   Thumb Code     2  os_cpu_c.o(.text)
    OSTaskCreateHook                         0x0800d38d   Thumb Code     2  os_cpu_c.o(.text)
    OSTaskDelHook                            0x0800d38f   Thumb Code     2  os_cpu_c.o(.text)
    OSTaskIdleHook                           0x0800d391   Thumb Code     2  os_cpu_c.o(.text)
    OSTaskStatHook                           0x0800d393   Thumb Code     2  os_cpu_c.o(.text)
    OSTaskStkInit                            0x0800d395   Thumb Code   316  os_cpu_c.o(.text)
    OSTaskSwHook                             0x0800d4d1   Thumb Code     2  os_cpu_c.o(.text)
    OSTCBInitHook                            0x0800d4d3   Thumb Code     2  os_cpu_c.o(.text)
    OSTimeTickHook                           0x0800d4d5   Thumb Code     2  os_cpu_c.o(.text)
    OSTaskReturnHook                         0x0800d4d7   Thumb Code     2  os_cpu_c.o(.text)
    mymemcpy                                 0x0800d4dd   Thumb Code    16  malloc.o(.text)
    mymemset                                 0x0800d4ed   Thumb Code    12  malloc.o(.text)
    my_mem_init                              0x0800d4f9   Thumb Code    52  malloc.o(.text)
    my_mem_perused                           0x0800d52d   Thumb Code    48  malloc.o(.text)
    my_mem_malloc                            0x0800d55d   Thumb Code   132  malloc.o(.text)
    my_mem_free                              0x0800d5e1   Thumb Code    82  malloc.o(.text)
    myfree                                   0x0800d633   Thumb Code    18  malloc.o(.text)
    mymalloc                                 0x0800d645   Thumb Code    28  malloc.o(.text)
    myrealloc                                0x0800d661   Thumb Code    54  malloc.o(.text)
    exfuns_init                              0x0800d6a1   Thumb Code    92  exfuns.o(.text)
    char_upper                               0x0800d6fd   Thumb Code    14  exfuns.o(.text)
    f_typetell                               0x0800d70b   Thumb Code   130  exfuns.o(.text)
    exf_getfree                              0x0800d78d   Thumb Code    46  exfuns.o(.text)
    mf_mount                                 0x0800d7c9   Thumb Code    14  fattester.o(.text)
    mf_open                                  0x0800d7d7   Thumb Code    12  fattester.o(.text)
    mf_close                                 0x0800d7e3   Thumb Code    14  fattester.o(.text)
    mf_read                                  0x0800d7f1   Thumb Code   210  fattester.o(.text)
    mf_write                                 0x0800d8c3   Thumb Code    64  fattester.o(.text)
    mf_opendir                               0x0800d903   Thumb Code     8  fattester.o(.text)
    mf_closedir                              0x0800d90b   Thumb Code     6  fattester.o(.text)
    mf_readdir                               0x0800d911   Thumb Code   170  fattester.o(.text)
    mf_scan_files                            0x0800d9bb   Thumb Code   112  fattester.o(.text)
    mf_showfree                              0x0800da2b   Thumb Code    64  fattester.o(.text)
    mf_lseek                                 0x0800da6b   Thumb Code    10  fattester.o(.text)
    mf_tell                                  0x0800da75   Thumb Code     8  fattester.o(.text)
    mf_size                                  0x0800da7d   Thumb Code     8  fattester.o(.text)
    mf_mkdir                                 0x0800da85   Thumb Code     4  fattester.o(.text)
    mf_fmkfs                                 0x0800da89   Thumb Code     4  fattester.o(.text)
    mf_unlink                                0x0800da8d   Thumb Code     4  fattester.o(.text)
    mf_rename                                0x0800da91   Thumb Code     4  fattester.o(.text)
    mf_getlabel                              0x0800da95   Thumb Code    56  fattester.o(.text)
    mf_setlabel                              0x0800dacd   Thumb Code    28  fattester.o(.text)
    mf_gets                                  0x0800dae9   Thumb Code    36  fattester.o(.text)
    mf_putc                                  0x0800db0d   Thumb Code    14  fattester.o(.text)
    mf_puts                                  0x0800db1b   Thumb Code    14  fattester.o(.text)
    mf_scan_dir                              0x0800db29   Thumb Code  1020  fattester.o(.text)
    file_manage                              0x0800df25   Thumb Code   302  fattester.o(.text)
    ff_convert                               0x0800e075   Thumb Code   106  mycc936.o(.text)
    ff_wtoupper                              0x0800e0df   Thumb Code    28  mycc936.o(.text)
    disk_initialize                          0x0800e109   Thumb Code    36  diskio.o(.text)
    disk_status                              0x0800e12d   Thumb Code     4  diskio.o(.text)
    disk_read                                0x0800e131   Thumb Code    76  diskio.o(.text)
    disk_write                               0x0800e17d   Thumb Code    74  diskio.o(.text)
    disk_ioctl                               0x0800e1c7   Thumb Code   106  diskio.o(.text)
    get_fattime                              0x0800e231   Thumb Code     4  diskio.o(.text)
    ff_memalloc                              0x0800e235   Thumb Code     8  diskio.o(.text)
    ff_memfree                               0x0800e23d   Thumb Code     8  diskio.o(.text)
    clust2sect                               0x0800e37b   Thumb Code    24  ff.o(.text)
    get_fat                                  0x0800e393   Thumb Code   180  ff.o(.text)
    put_fat                                  0x0800e447   Thumb Code   248  ff.o(.text)
    dir_sdi                                  0x0800e65f   Thumb Code   124  ff.o(.text)
    f_mount                                  0x0800f209   Thumb Code    72  ff.o(.text)
    f_open                                   0x0800f251   Thumb Code   344  ff.o(.text)
    f_read                                   0x0800f3a9   Thumb Code   328  ff.o(.text)
    f_write                                  0x0800f4f1   Thumb Code   400  ff.o(.text)
    f_sync                                   0x0800f681   Thumb Code   152  ff.o(.text)
    f_close                                  0x0800f719   Thumb Code    28  ff.o(.text)
    f_lseek                                  0x0800f735   Thumb Code   510  ff.o(.text)
    f_opendir                                0x0800f933   Thumb Code   128  ff.o(.text)
    f_closedir                               0x0800f9b3   Thumb Code    18  ff.o(.text)
    f_readdir                                0x0800f9c5   Thumb Code   116  ff.o(.text)
    f_stat                                   0x0800fa39   Thumb Code    86  ff.o(.text)
    f_getfree                                0x0800fa8f   Thumb Code   192  ff.o(.text)
    f_truncate                               0x0800fb4f   Thumb Code   176  ff.o(.text)
    f_unlink                                 0x0800fbff   Thumb Code   190  ff.o(.text)
    f_mkdir                                  0x0800fcbd   Thumb Code   384  ff.o(.text)
    f_chmod                                  0x0800fe3d   Thumb Code   106  ff.o(.text)
    f_utime                                  0x0800fea7   Thumb Code   108  ff.o(.text)
    f_rename                                 0x0800ff13   Thumb Code   292  ff.o(.text)
    f_getlabel                               0x08010037   Thumb Code   142  ff.o(.text)
    f_setlabel                               0x080100c5   Thumb Code   346  ff.o(.text)
    f_mkfs                                   0x0801021f   Thumb Code  1314  ff.o(.text)
    f_gets                                   0x08010741   Thumb Code    68  ff.o(.text)
    f_putc                                   0x080107bf   Thumb Code    60  ff.o(.text)
    f_puts                                   0x080107fb   Thumb Code    70  ff.o(.text)
    f_printf                                 0x08010841   Thumb Code   510  ff.o(.text)
    fupd_prog                                0x08010b35   Thumb Code   120  fontupd.o(.text)
    updata_fontx                             0x08010bad   Thumb Code   232  fontupd.o(.text)
    update_font                              0x08010c95   Thumb Code   660  fontupd.o(.text)
    font_init                                0x08010f29   Thumb Code   198  fontupd.o(.text)
    Get_HzMat                                0x08010ff1   Thumb Code   136  text.o(.text)
    Show_Font                                0x08011079   Thumb Code   156  text.o(.text)
    Show_Str                                 0x08011115   Thumb Code   172  text.o(.text)
    Show_Str_Mid                             0x080111c1   Thumb Code    82  text.o(.text)
    audio_i2s_dma_callback                   0x08011225   Thumb Code    48  videoplayer.o(.text)
    video_get_tnum                           0x08011255   Thumb Code    98  videoplayer.o(.text)
    video_time_show                          0x080112b7   Thumb Code   226  videoplayer.o(.text)
    video_info_show                          0x08011399   Thumb Code   130  videoplayer.o(.text)
    video_bmsg_show                          0x0801141b   Thumb Code   114  videoplayer.o(.text)
    video_play_mjpeg                         0x0801148d   Thumb Code  1422  videoplayer.o(.text)
    video_play                               0x08011a1b   Thumb Code   630  videoplayer.o(.text)
    video_seek                               0x08011c91   Thumb Code   228  videoplayer.o(.text)
    avi_srarch_id                            0x08011d91   Thumb Code    58  avi.o(.text)
    avi_init                                 0x08011dcb   Thumb Code   548  avi.o(.text)
    avi_get_streaminfo                       0x08011fef   Thumb Code    50  avi.o(.text)
    mjpeg_malloc                             0x08012141   Thumb Code    32  mjpeg.o(.text)
    mjpegdec_free                            0x080121f3   Thumb Code    32  mjpeg.o(.text)
    mjpegdec_init                            0x08012213   Thumb Code    70  mjpeg.o(.text)
    mjpegdec_decode                          0x08012259   Thumb Code   224  mjpeg.o(.text)
    jpeg_abort                               0x08012389   Thumb Code    50  jcomapi.o(.text)
    jpeg_destroy                             0x080123bb   Thumb Code    22  jcomapi.o(.text)
    jpeg_alloc_quant_table                   0x080123d1   Thumb Code    20  jcomapi.o(.text)
    jpeg_alloc_huff_table                    0x080123e5   Thumb Code    22  jcomapi.o(.text)
    jdiv_round_up                            0x080123fb   Thumb Code    10  jutils.o(.text)
    jround_up                                0x08012405   Thumb Code    16  jutils.o(.text)
    jcopy_sample_rows                        0x08012415   Thumb Code    38  jutils.o(.text)
    jcopy_block_row                          0x0801243b   Thumb Code    12  jutils.o(.text)
    jpeg_std_error                           0x0801253d   Thumb Code    46  jerror.o(.text)
    jinit_memory_mgr                         0x08012d51   Thumb Code   196  jmemmgr.o(.text)
    jpeg_CreateDecompress                    0x08012e65   Thumb Code   160  jdapimin.o(.text)
    jpeg_destroy_decompress                  0x08012f05   Thumb Code     4  jdapimin.o(.text)
    jpeg_abort_decompress                    0x08012f09   Thumb Code     4  jdapimin.o(.text)
    jpeg_consume_input                       0x08013063   Thumb Code   122  jdapimin.o(.text)
    jpeg_read_header                         0x080130dd   Thumb Code    80  jdapimin.o(.text)
    jpeg_input_complete                      0x0801312d   Thumb Code    40  jdapimin.o(.text)
    jpeg_has_multiple_scans                  0x08013155   Thumb Code    40  jdapimin.o(.text)
    jpeg_finish_decompress                   0x0801317d   Thumb Code   126  jdapimin.o(.text)
    jpeg_start_decompress                    0x08013293   Thumb Code   150  jdapistd.o(.text)
    jpeg_read_scanlines                      0x08013329   Thumb Code    94  jdapistd.o(.text)
    jpeg_read_raw_data                       0x08013387   Thumb Code   140  jdapistd.o(.text)
    jpeg_start_output                        0x08013413   Thumb Code    68  jdapistd.o(.text)
    jpeg_finish_output                       0x08013457   Thumb Code    98  jdapistd.o(.text)
    jinit_arith_decoder                      0x08013e79   Thumb Code   106  jdarith.o(.text)
    jpeg_calc_output_dimensions              0x08013f99   Thumb Code   338  jdmaster.o(.text)
    jpeg_new_colormap                        0x08014421   Thumb Code    86  jdmaster.o(.text)
    jinit_master_decompress                  0x08014477   Thumb Code    40  jdmaster.o(.text)
    jinit_huff_decoder                       0x0801575d   Thumb Code   112  jdhuff.o(.text)
    jpeg_core_output_dimensions              0x08015819   Thumb Code   656  jdinput.o(.text)
    jinit_input_controller                   0x08015fe3   Thumb Code    48  jdinput.o(.text)
    jpeg_resync_to_restart                   0x08017485   Thumb Code   176  jdmarker.o(.text)
    jinit_marker_reader                      0x08017535   Thumb Code    72  jdmarker.o(.text)
    jpeg_save_markers                        0x0801757d   Thumb Code   116  jdmarker.o(.text)
    jpeg_set_marker_processor                0x080175f1   Thumb Code    54  jdmarker.o(.text)
    jinit_d_main_controller                  0x08017a61   Thumb Code   156  jdmainct.o(.text)
    jinit_d_coef_controller                  0x080183f5   Thumb Code   194  jdcoefct.o(.text)
    jinit_d_post_controller                  0x0801873d   Thumb Code   106  jdpostct.o(.text)
    jinit_inverse_dct                        0x08018ab7   Thumb Code    86  jddctmgr.o(.text)
    jpeg_idct_float                          0x08018ba5   Thumb Code   812  jidctflt.o(.text)
    jpeg_idct_ifast                          0x08018ee5   Thumb Code   718  jidctfst.o(.text)
    jpeg_idct_islow                          0x080191b5   Thumb Code   870  jidctint.o(.text)
    jpeg_idct_7x7                            0x0801951b   Thumb Code   672  jidctint.o(.text)
    jpeg_idct_6x6                            0x080197bb   Thumb Code   394  jidctint.o(.text)
    jpeg_idct_5x5                            0x08019945   Thumb Code   366  jidctint.o(.text)
    jpeg_idct_4x4                            0x08019ab3   Thumb Code   294  jidctint.o(.text)
    jpeg_idct_3x3                            0x08019bd9   Thumb Code   212  jidctint.o(.text)
    jpeg_idct_2x2                            0x08019cad   Thumb Code   106  jidctint.o(.text)
    jpeg_idct_1x1                            0x08019d17   Thumb Code    32  jidctint.o(.text)
    jpeg_idct_9x9                            0x08019d37   Thumb Code   770  jidctint.o(.text)
    jpeg_idct_10x10                          0x0801a039   Thumb Code   834  jidctint.o(.text)
    jpeg_idct_11x11                          0x0801a37b   Thumb Code  1218  jidctint.o(.text)
    jpeg_idct_12x12                          0x0801a83d   Thumb Code   994  jidctint.o(.text)
    jpeg_idct_13x13                          0x0801ac1f   Thumb Code  1388  jidctint.o(.text)
    jpeg_idct_14x14                          0x0801b18b   Thumb Code  1140  jidctint.o(.text)
    jpeg_idct_15x15                          0x0801b5ff   Thumb Code  1250  jidctint.o(.text)
    jpeg_idct_16x16                          0x0801bae1   Thumb Code  1512  jidctint.o(.text)
    jpeg_idct_16x8                           0x0801c0c9   Thumb Code  1274  jidctint.o(.text)
    jpeg_idct_14x7                           0x0801c5c3   Thumb Code   906  jidctint.o(.text)
    jpeg_idct_12x6                           0x0801c94d   Thumb Code   712  jidctint.o(.text)
    jpeg_idct_10x5                           0x0801cc15   Thumb Code   578  jidctint.o(.text)
    jpeg_idct_8x4                            0x0801ce57   Thumb Code   490  jidctint.o(.text)
    jpeg_idct_6x3                            0x0801d041   Thumb Code   294  jidctint.o(.text)
    jpeg_idct_4x2                            0x0801d167   Thumb Code   188  jidctint.o(.text)
    jpeg_idct_2x1                            0x0801d223   Thumb Code    52  jidctint.o(.text)
    jpeg_idct_8x16                           0x0801d257   Thumb Code  1158  jidctint.o(.text)
    jpeg_idct_7x14                           0x0801d6dd   Thumb Code   940  jidctint.o(.text)
    jpeg_idct_6x12                           0x0801da89   Thumb Code   722  jidctint.o(.text)
    jpeg_idct_5x10                           0x0801dd5b   Thumb Code   608  jidctint.o(.text)
    jpeg_idct_4x8                            0x0801dfbb   Thumb Code   604  jidctint.o(.text)
    jpeg_idct_3x6                            0x0801e217   Thumb Code   298  jidctint.o(.text)
    jpeg_idct_2x4                            0x0801e341   Thumb Code   216  jidctint.o(.text)
    jpeg_idct_1x2                            0x0801e419   Thumb Code    52  jidctint.o(.text)
    jinit_upsampler                          0x0801e611   Thumb Code   276  jdsample.o(.text)
    jinit_color_deconverter                  0x0801eb4d   Thumb Code   504  jdcolor.o(.text)
    jinit_1pass_quantizer                    0x0801f2e5   Thumb Code   122  jquant1.o(.text)
    jinit_2pass_quantizer                    0x0801fe79   Thumb Code   232  jquant2.o(.text)
    jinit_merged_upsampler                   0x0802050b   Thumb Code    74  jdmerge.o(.text)
    jpeg_get_small                           0x08020605   Thumb Code     6  jmemnobs.o(.text)
    jpeg_free_small                          0x0802060b   Thumb Code     2  jmemnobs.o(.text)
    jpeg_get_large                           0x0802060d   Thumb Code     6  jmemnobs.o(.text)
    jpeg_free_large                          0x08020613   Thumb Code     2  jmemnobs.o(.text)
    jpeg_mem_available                       0x08020615   Thumb Code     4  jmemnobs.o(.text)
    jpeg_open_backing_store                  0x08020619   Thumb Code    12  jmemnobs.o(.text)
    jpeg_mem_init                            0x08020625   Thumb Code     4  jmemnobs.o(.text)
    jpeg_mem_term                            0x08020629   Thumb Code     2  jmemnobs.o(.text)
    stdbmp_decode                            0x0802062d   Thumb Code   506  bmp.o(.text)
    minibmp_decode                           0x08020827   Thumb Code   720  bmp.o(.text)
    bmp_encode                               0x08020af7   Thumb Code   414  bmp.o(.text)
    gif_check_head                           0x08020ca1   Thumb Code    78  gif.o(.text)
    gif_getrgb565                            0x08020cef   Thumb Code    24  gif.o(.text)
    gif_readcolortbl                         0x08020d07   Thumb Code    58  gif.o(.text)
    gif_getinfo                              0x08020d41   Thumb Code    54  gif.o(.text)
    gif_savegctbl                            0x08020d77   Thumb Code    22  gif.o(.text)
    gif_recovergctbl                         0x08020d8d   Thumb Code    22  gif.o(.text)
    gif_initlzw                              0x08020da3   Thumb Code   138  gif.o(.text)
    gif_getdatablock                         0x08020e2d   Thumb Code    58  gif.o(.text)
    gif_readextension                        0x08020e67   Thumb Code   130  gif.o(.text)
    gif_getnextcode                          0x08020ee9   Thumb Code   288  gif.o(.text)
    gif_getnextbyte                          0x08021009   Thumb Code   572  gif.o(.text)
    gif_dispimage                            0x08021245   Thumb Code   420  gif.o(.text)
    gif_clear2bkcolor                        0x080213e9   Thumb Code   324  gif.o(.text)
    gif_drawimage                            0x0802152d   Thumb Code   284  gif.o(.text)
    gif_quit                                 0x08021649   Thumb Code     8  gif.o(.text)
    gif_decode                               0x08021651   Thumb Code   258  gif.o(.text)
    piclib_draw_hline                        0x0802175d   Thumb Code    38  piclib.o(.text)
    piclib_fill_color                        0x08021783   Thumb Code    24  piclib.o(.text)
    piclib_init                              0x0802179b   Thumb Code    60  piclib.o(.text)
    piclib_alpha_blend                       0x080217d7   Thumb Code    32  piclib.o(.text)
    ai_draw_init                             0x080217f7   Thumb Code   166  piclib.o(.text)
    is_element_ok                            0x0802189d   Thumb Code    34  piclib.o(.text)
    ai_load_picfile                          0x080218bf   Thumb Code   130  piclib.o(.text)
    pic_memalloc                             0x08021941   Thumb Code     8  piclib.o(.text)
    pic_memfree                              0x08021949   Thumb Code     8  piclib.o(.text)
    jd_prepare                               0x08022189   Thumb Code   712  tjpgd.o(.text)
    jd_decomp                                0x08022451   Thumb Code   228  tjpgd.o(.text)
    jpeg_mallocall                           0x08022535   Thumb Code    46  tjpgd.o(.text)
    jpeg_freeall                             0x08022563   Thumb Code    26  tjpgd.o(.text)
    jpeg_in_func                             0x0802257d   Thumb Code    36  tjpgd.o(.text)
    jpeg_out_func_fill                       0x080225a1   Thumb Code    50  tjpgd.o(.text)
    jpeg_out_func_point                      0x080225d3   Thumb Code   160  tjpgd.o(.text)
    jpg_decode                               0x08022673   Thumb Code   182  tjpgd.o(.text)
    __use_no_semihosting                     0x08022755   Thumb Code     2  use_no_semi_2.o(.text)
    __aeabi_ldivmod                          0x08022757   Thumb Code     0  llsdiv.o(.text)
    _ll_sdiv                                 0x08022757   Thumb Code    72  llsdiv.o(.text)
    __2printf                                0x080227a1   Thumb Code    20  noretval__2printf.o(.text)
    __2sprintf                               0x080227b9   Thumb Code    34  noretval__2sprintf.o(.text)
    _printf_pre_padding                      0x080227e1   Thumb Code    44  _printf_pad.o(.text)
    _printf_post_padding                     0x0802280d   Thumb Code    34  _printf_pad.o(.text)
    _printf_truncate_signed                  0x0802282f   Thumb Code    18  _printf_truncate.o(.text)
    _printf_truncate_unsigned                0x08022841   Thumb Code    18  _printf_truncate.o(.text)
    _printf_str                              0x08022853   Thumb Code    82  _printf_str.o(.text)
    _printf_int_dec                          0x080228a5   Thumb Code   104  _printf_dec.o(.text)
    _printf_charcount                        0x0802291d   Thumb Code    40  _printf_charcount.o(.text)
    _printf_wctomb                           0x08022945   Thumb Code   182  _printf_wctomb.o(.text)
    _printf_int_oct                          0x08022a01   Thumb Code    74  _printf_oct_int.o(.text)
    _printf_longlong_oct                     0x08022a01   Thumb Code     0  _printf_oct_int.o(.text)
    _printf_longlong_hex                     0x08022a55   Thumb Code    78  _printf_hex_int_ptr.o(.text)
    _printf_int_hex                          0x08022aa3   Thumb Code    26  _printf_hex_int_ptr.o(.text)
    _printf_hex_ptr                          0x08022abd   Thumb Code    16  _printf_hex_int_ptr.o(.text)
    __printf                                 0x08022ad1   Thumb Code   388  __printf_flags_ss_wp.o(.text)
    __0sscanf                                0x08022c59   Thumb Code    52  __0sscanf.o(.text)
    _scanf_int                               0x08022c95   Thumb Code   332  _scanf_int.o(.text)
    _scanf_string                            0x08022de1   Thumb Code   224  _scanf_str.o(.text)
    strcpy                                   0x08022ec1   Thumb Code    72  strcpy.o(.text)
    strlen                                   0x08022f09   Thumb Code    62  strlen.o(.text)
    strcat                                   0x08022f47   Thumb Code    24  strcat.o(.text)
    __aeabi_memcpy                           0x08022f5f   Thumb Code     0  rt_memcpy_v6.o(.text)
    __rt_memcpy                              0x08022f5f   Thumb Code   138  rt_memcpy_v6.o(.text)
    _memcpy_lastbytes                        0x08022fc5   Thumb Code     0  rt_memcpy_v6.o(.text)
    __aeabi_memcpy4                          0x08022fe9   Thumb Code     0  rt_memcpy_w.o(.text)
    __aeabi_memcpy8                          0x08022fe9   Thumb Code     0  rt_memcpy_w.o(.text)
    __rt_memcpy_w                            0x08022fe9   Thumb Code   100  rt_memcpy_w.o(.text)
    _memcpy_lastbytes_aligned                0x08023031   Thumb Code     0  rt_memcpy_w.o(.text)
    __aeabi_memclr                           0x0802304d   Thumb Code     0  rt_memclr.o(.text)
    __rt_memclr                              0x0802304d   Thumb Code    68  rt_memclr.o(.text)
    _memset                                  0x08023051   Thumb Code     0  rt_memclr.o(.text)
    __aeabi_memclr4                          0x08023091   Thumb Code     0  rt_memclr_w.o(.text)
    __aeabi_memclr8                          0x08023091   Thumb Code     0  rt_memclr_w.o(.text)
    __rt_memclr_w                            0x08023091   Thumb Code    78  rt_memclr_w.o(.text)
    _memset_w                                0x08023095   Thumb Code     0  rt_memclr_w.o(.text)
    strncpy                                  0x080230df   Thumb Code    86  strncpy.o(.text)
    strcmp                                   0x08023135   Thumb Code   128  strcmpv7m.o(.text)
    __use_two_region_memory                  0x080231b5   Thumb Code     2  heapauxi.o(.text)
    __rt_heap_escrow$2region                 0x080231b7   Thumb Code     2  heapauxi.o(.text)
    __rt_heap_expand$2region                 0x080231b9   Thumb Code     2  heapauxi.o(.text)
    setjmp                                   0x080231bb   Thumb Code    42  setjmp.o(.text)
    longjmp                                  0x080231e5   Thumb Code    56  setjmp.o(.text)
    __I$use$semihosting                      0x0802321d   Thumb Code     0  use_no_semi.o(.text)
    __use_no_semihosting_swi                 0x0802321d   Thumb Code     2  use_no_semi.o(.text)
    __aeabi_uldivmod                         0x0802321f   Thumb Code     0  lludivv7m.o(.text)
    _ll_udiv                                 0x0802321f   Thumb Code   238  lludivv7m.o(.text)
    __read_errno                             0x0802330d   Thumb Code    10  _rserrno.o(.text)
    __set_errno                              0x08023317   Thumb Code    12  _rserrno.o(.text)
    _printf_int_common                       0x08023323   Thumb Code   178  _printf_intcommon.o(.text)
    _printf_char_common                      0x080233df   Thumb Code    32  _printf_char_common.o(.text)
    _sputc                                   0x08023405   Thumb Code    10  _sputc.o(.text)
    _printf_cs_common                        0x0802340f   Thumb Code    20  _printf_char.o(.text)
    _printf_char                             0x08023423   Thumb Code    16  _printf_char.o(.text)
    _printf_string                           0x08023433   Thumb Code     8  _printf_char.o(.text)
    _printf_char_file                        0x0802343d   Thumb Code    32  _printf_char_file.o(.text)
    _printf_lcs_common                       0x08023461   Thumb Code    20  _printf_wchar.o(.text)
    _printf_wchar                            0x08023475   Thumb Code    16  _printf_wchar.o(.text)
    _printf_wstring                          0x08023485   Thumb Code     8  _printf_wchar.o(.text)
    _chval                                   0x0802348d   Thumb Code    28  _chval.o(.text)
    __vfscanf_char                           0x080234b5   Thumb Code    24  scanf_char.o(.text)
    _sgetc                                   0x080234d5   Thumb Code    30  _sgetc.o(.text)
    _sbackspace                              0x080234f3   Thumb Code    34  _sgetc.o(.text)
    _wcrtomb                                 0x08023515   Thumb Code    64  _wcrtomb.o(.text)
    __rt_ctype_table                         0x08023555   Thumb Code    16  rt_ctype_table.o(.text)
    __aeabi_errno_addr                       0x08023565   Thumb Code     8  rt_errno_addr_intlibspace.o(.text)
    __errno$intlibspace                      0x08023565   Thumb Code     0  rt_errno_addr_intlibspace.o(.text)
    __rt_errno_addr$intlibspace              0x08023565   Thumb Code     0  rt_errno_addr_intlibspace.o(.text)
    isspace                                  0x0802356d   Thumb Code    18  isspace.o(.text)
    __vfscanf                                0x08023581   Thumb Code   878  _scanf.o(.text)
    ferror                                   0x080238f5   Thumb Code     8  ferror.o(.text)
    __user_libspace                          0x080238fd   Thumb Code     8  libspace.o(.text)
    __user_perproc_libspace                  0x080238fd   Thumb Code     0  libspace.o(.text)
    __user_perthread_libspace                0x080238fd   Thumb Code     0  libspace.o(.text)
    __user_setup_stackheap                   0x08023905   Thumb Code    74  sys_stackheap_outer.o(.text)
    __rt_locale                              0x08023951   Thumb Code     8  rt_locale_intlibspace.o(.text)
    exit                                     0x08023959   Thumb Code    12  exit.o(.text)
    __hardfp_sqrt                            0x08023965   Thumb Code   122  sqrt.o(i.__hardfp_sqrt)
    _is_digit                                0x080239df   Thumb Code    14  __printf_wp.o(i._is_digit)
    _get_lc_ctype                            0x080239ed   Thumb Code    44  lc_ctype_c.o(locale$$code)
    __aeabi_d2f                              0x08023a19   Thumb Code     0  d2f.o(x$fpl$d2f)
    _d2f                                     0x08023a19   Thumb Code    98  d2f.o(x$fpl$d2f)
    __aeabi_dadd                             0x08023a7d   Thumb Code     0  daddsub_clz.o(x$fpl$dadd)
    _dadd                                    0x08023a7d   Thumb Code   332  daddsub_clz.o(x$fpl$dadd)
    __fpl_dcmp_Inf                           0x08023bcd   Thumb Code    24  dcmpi.o(x$fpl$dcmpinf)
    __aeabi_ddiv                             0x08023be5   Thumb Code     0  ddiv.o(x$fpl$ddiv)
    _ddiv                                    0x08023be5   Thumb Code   552  ddiv.o(x$fpl$ddiv)
    __aeabi_d2uiz                            0x08023e95   Thumb Code     0  dfixu.o(x$fpl$dfixu)
    _dfixu                                   0x08023e95   Thumb Code    90  dfixu.o(x$fpl$dfixu)
    __aeabi_ui2d                             0x08023eef   Thumb Code     0  dflt_clz.o(x$fpl$dfltu)
    _dfltu                                   0x08023eef   Thumb Code    38  dflt_clz.o(x$fpl$dfltu)
    __aeabi_cdcmple                          0x08023f15   Thumb Code     0  dleqf.o(x$fpl$dleqf)
    _dcmple                                  0x08023f15   Thumb Code   120  dleqf.o(x$fpl$dleqf)
    __fpl_dcmple_InfNaN                      0x08023f77   Thumb Code     0  dleqf.o(x$fpl$dleqf)
    __aeabi_dmul                             0x08023f8d   Thumb Code     0  dmul.o(x$fpl$dmul)
    _dmul                                    0x08023f8d   Thumb Code   332  dmul.o(x$fpl$dmul)
    __fpl_dnaninf                            0x080240e1   Thumb Code   156  dnaninf.o(x$fpl$dnaninf)
    __fpl_dretinf                            0x0802417d   Thumb Code    12  dretinf.o(x$fpl$dretinf)
    __aeabi_cdrcmple                         0x08024189   Thumb Code     0  drleqf.o(x$fpl$drleqf)
    _drcmple                                 0x08024189   Thumb Code   108  drleqf.o(x$fpl$drleqf)
    __aeabi_drsub                            0x080241f5   Thumb Code     0  daddsub_clz.o(x$fpl$drsb)
    _drsb                                    0x080241f5   Thumb Code    22  daddsub_clz.o(x$fpl$drsb)
    _dsqrt                                   0x0802420d   Thumb Code   404  dsqrt_umaal.o(x$fpl$dsqrt)
    __aeabi_dsub                             0x080243a5   Thumb Code     0  daddsub_clz.o(x$fpl$dsub)
    _dsub                                    0x080243a5   Thumb Code   464  daddsub_clz.o(x$fpl$dsub)
    __aeabi_f2d                              0x08024579   Thumb Code     0  f2d.o(x$fpl$f2d)
    _f2d                                     0x08024579   Thumb Code    86  f2d.o(x$fpl$f2d)
    __fpl_fnaninf                            0x080245cf   Thumb Code   140  fnaninf.o(x$fpl$fnaninf)
    _fp_init                                 0x0802465b   Thumb Code    10  fpinit.o(x$fpl$fpinit)
    __fplib_config_fpu_vfp                   0x08024663   Thumb Code     0  fpinit.o(x$fpl$fpinit)
    __fplib_config_pureend_doubles           0x08024663   Thumb Code     0  fpinit.o(x$fpl$fpinit)
    __fpl_fretinf                            0x08024665   Thumb Code    10  fretinf.o(x$fpl$fretinf)
    __I$use$fp                               0x0802466e   Number         0  usenofp.o(x$fpl$usenofp)
    asc2_1206                                0x0802466e   Data        1140  lcd.o(.constdata)
    asc2_1608                                0x08024ae2   Data        1520  lcd.o(.constdata)
    asc2_2412                                0x080250d2   Data        3420  lcd.o(.constdata)
    GT9147_CFG_TBL                           0x08025e2e   Data         184  gt9147.o(.constdata)
    GT9147_TPX_TBL                           0x08025ee6   Data          10  gt9147.o(.constdata)
    OTT_TPX_TBL                              0x08025ef0   Data          10  ott2001a.o(.constdata)
    FT5206_TPX_TBL                           0x08025efa   Data          10  ft5206.o(.constdata)
    TP_REMIND_MSG_TBL                        0x08025f04   Data           4  touch.o(.constdata)
    I2S_PSC_TBL                              0x08025f08   Data         110  i2s.o(.constdata)
    FSMC_DefaultTimingStruct                 0x08025f78   Data          28  stm32f4xx_fsmc.o(.constdata)
    OSUnMapTbl                               0x08025f94   Data         256  os_core.o(.constdata)
    memtblsize                               0x08026094   Data          12  malloc.o(.constdata)
    memblksize                               0x080260a0   Data          12  malloc.o(.constdata)
    memsize                                  0x080260ac   Data          12  malloc.o(.constdata)
    FILE_TYPE_TBL                            0x080260b8   Data         112  exfuns.o(.constdata)
    GBK24_PATH                               0x08026524   Data           4  fontupd.o(.constdata)
    GBK16_PATH                               0x08026528   Data           4  fontupd.o(.constdata)
    GBK12_PATH                               0x0802652c   Data           4  fontupd.o(.constdata)
    UNIGBK_PATH                              0x08026530   Data           4  fontupd.o(.constdata)
    AVI_VIDS_FLAG_TBL                        0x08026534   Data           8  avi.o(.constdata)
    AVI_AUDS_FLAG_TBL                        0x0802653c   Data           8  avi.o(.constdata)
    jpeg_aritab                              0x08026544   Data         456  jaricom.o(.constdata)
    jpeg_natural_order                       0x0802670c   Data         320  jutils.o(.constdata)
    jpeg_natural_order7                      0x0802684c   Data         260  jutils.o(.constdata)
    jpeg_natural_order6                      0x08026950   Data         208  jutils.o(.constdata)
    jpeg_natural_order5                      0x08026a20   Data         164  jutils.o(.constdata)
    jpeg_natural_order4                      0x08026ac4   Data         128  jutils.o(.constdata)
    jpeg_natural_order3                      0x08026b44   Data         100  jutils.o(.constdata)
    jpeg_natural_order2                      0x08026ba8   Data          80  jutils.o(.constdata)
    jpeg_std_message_table                   0x08026bf8   Data         512  jerror.o(.constdata)
    _aInterlaceOffset                        0x08027344   Data           4  gif.o(.constdata)
    _aInterlaceYPos                          0x08027348   Data           4  gif.o(.constdata)
    _aMaskTbl                                0x0802734c   Data          32  gif.o(.constdata)
    Region$$Table$$Base                      0x08028cbc   Number         0  anon$$obj.o(Region$$Table)
    Region$$Table$$Limit                     0x08028cdc   Number         0  anon$$obj.o(Region$$Table)
    __ctype                                  0x08028ce9   Data           0  lc_ctype_c.o(locale$$data)
    mem3base                                 0x10000000   Data       61440  malloc.o(.ARM.__AT_0x10000000)
    mem3mapbase                              0x1000f000   Data        3840  malloc.o(.ARM.__AT_0x1000F000)
    msg_key                                  0x20000000   Data           4  main.o(.data)
    SystemCoreClock                          0x20000004   Data           4  system_stm32f4xx.o(.data)
    AHBPrescTable                            0x20000008   Data          16  system_stm32f4xx.o(.data)
    POINT_COLOR                              0x20000018   Data           2  lcd.o(.data)
    BACK_COLOR                               0x2000001a   Data           2  lcd.o(.data)
    CMD_RDX                                  0x20000020   Data           1  touch.o(.data)
    CMD_RDY                                  0x20000021   Data           1  touch.o(.data)
    tp_dev                                   0x20000024   Data          52  touch.o(.data)
    i2s_tx_callback                          0x20000058   Data           4  i2s.o(.data)
    i2s_rx_callback                          0x2000005c   Data           4  i2s.o(.data)
    W25QXX_TYPE                              0x20000060   Data           2  w25qxx.o(.data)
    TransferError                            0x20000067   Data           1  sdio_sdcard.o(.data)
    TransferEnd                              0x20000068   Data           1  sdio_sdcard.o(.data)
    tempbuff                                 0x20000070   Data           4  sdio_sdcard.o(.data)
    frameup                                  0x200000e8   Data           1  timer.o(.data)
    frame                                    0x200000ea   Data           2  timer.o(.data)
    USART_RX_STA                             0x200000f0   Data           2  usart.o(.data)
    __stdout                                 0x200000f4   Data           4  usart.o(.data)
    OSCPUUsage                               0x20000108   Data           1  os_core.o(.data)
    OSStatRdy                                0x20000109   Data           1  os_core.o(.data)
    OSIntNesting                             0x2000010a   Data           1  os_core.o(.data)
    OSLockNesting                            0x2000010b   Data           1  os_core.o(.data)
    OSPrioCur                                0x2000010c   Data           1  os_core.o(.data)
    OSPrioHighRdy                            0x2000010d   Data           1  os_core.o(.data)
    OSRdyGrp                                 0x2000010e   Data           1  os_core.o(.data)
    OSRunning                                0x2000010f   Data           1  os_core.o(.data)
    OSTaskCtr                                0x20000110   Data           1  os_core.o(.data)
    OSTickStepState                          0x20000111   Data           1  os_core.o(.data)
    OSCtxSwCtr                               0x20000114   Data           4  os_core.o(.data)
    OSEventFreeList                          0x20000118   Data           4  os_core.o(.data)
    OSIdleCtrMax                             0x2000011c   Data           4  os_core.o(.data)
    OSIdleCtrRun                             0x20000120   Data           4  os_core.o(.data)
    OSIdleCtr                                0x20000124   Data           4  os_core.o(.data)
    OSTCBCur                                 0x20000128   Data           4  os_core.o(.data)
    OSTCBFreeList                            0x2000012c   Data           4  os_core.o(.data)
    OSTCBHighRdy                             0x20000130   Data           4  os_core.o(.data)
    OSTCBList                                0x20000134   Data           4  os_core.o(.data)
    OSTime                                   0x20000138   Data           4  os_core.o(.data)
    OSRdyTbl                                 0x2000013c   Data           8  os_core.o(.data)
    OSFlagFreeList                           0x20000144   Data           4  os_core.o(.data)
    OSQFreeList                              0x20000148   Data           4  os_core.o(.data)
    mallco_dev                               0x2000014c   Data          36  malloc.o(.data)
    file                                     0x20000170   Data           4  exfuns.o(.data)
    ftemp                                    0x20000174   Data           4  exfuns.o(.data)
    fatbuf                                   0x20000178   Data           4  exfuns.o(.data)
    br                                       0x2000017c   Data           4  exfuns.o(.data)
    bw                                       0x20000180   Data           4  exfuns.o(.data)
    FLASH_SECTOR_COUNT                       0x20000184   Data           2  diskio.o(.data)
    i2splaybuf                               0x20000188   Data           1  videoplayer.o(.data)
    imgoffx                                  0x20000190   Data           2  mjpeg.o(.data)
    imgoffy                                  0x20000192   Data           2  mjpeg.o(.data)
    cinfo                                    0x20000194   Data           4  mjpeg.o(.data)
    jerr                                     0x20000198   Data           4  mjpeg.o(.data)
    jpegbuf                                  0x2000019c   Data           4  mjpeg.o(.data)
    jbufsize                                 0x200001a0   Data           4  mjpeg.o(.data)
    jmembuf                                  0x200001a4   Data           4  mjpeg.o(.data)
    jmempos                                  0x200001a8   Data           4  mjpeg.o(.data)
    gifdecoding                              0x200001ac   Data           1  gif.o(.data)
    f_jpeg                                   0x200001b0   Data           4  tjpgd.o(.data)
    jpeg_dev                                 0x200001b4   Data           4  tjpgd.o(.data)
    jpg_buffer                               0x200001b8   Data           4  tjpgd.o(.data)
    START_TASK_STK                           0x200001bc   Data         256  main.o(.bss)
    MAIN_TASK_STK                            0x200002bc   Data         512  main.o(.bss)
    lcddev                                   0x200004bc   Data          14  lcd.o(.bss)
    W25QXX_BUFFER                            0x200004ca   Data        4096  w25qxx.o(.bss)
    SDIO_InitStructure                       0x200014d0   Data          24  sdio_sdcard.o(.bss)
    SDIO_CmdInitStructure                    0x200014e8   Data          20  sdio_sdcard.o(.bss)
    SDIO_DataInitStructure                   0x200014fc   Data          24  sdio_sdcard.o(.bss)
    SDCardInfo                               0x20001538   Data          88  sdio_sdcard.o(.bss)
    SDIO_DATA_BUFFER                         0x20001590   Data         512  sdio_sdcard.o(.bss)
    USART_RX_BUF                             0x20001790   Data         200  usart.o(.bss)
    OSEventTbl                               0x20001858   Data         200  os_core.o(.bss)
    OSTaskStatStk                            0x20001920   Data         512  os_core.o(.bss)
    OSTaskIdleStk                            0x20001b20   Data         512  os_core.o(.bss)
    OSTCBPrioTbl                             0x20001d20   Data         256  os_core.o(.bss)
    OSTCBTbl                                 0x20001e20   Data        1008  os_core.o(.bss)
    OSFlagTbl                                0x20002210   Data          80  os_core.o(.bss)
    OSQTbl                                   0x20002260   Data         120  os_core.o(.bss)
    mem1base                                 0x200022e0   Data       102400  malloc.o(.bss)
    mem1mapbase                              0x2001b2e0   Data        6400  malloc.o(.bss)
    fs                                       0x2001cbe0   Data          12  exfuns.o(.bss)
    fileinfo                                 0x2001cbec   Data          32  exfuns.o(.bss)
    dir                                      0x2001cc0c   Data          36  exfuns.o(.bss)
    ftinfo                                   0x2001cc3c   Data          33  fontupd.o(.bss)
    i2sbuf                                   0x2001cc60   Data          16  videoplayer.o(.bss)
    avix                                     0x2001cc70   Data          40  avi.o(.bss)
    picinfo                                  0x2001cc98   Data          40  piclib.o(.bss)
    pic_phy                                  0x2001ccc0   Data          20  piclib.o(.bss)
    __libspace_start                         0x2001ccd4   Data          96  libspace.o(.bss)
    __temporary_stack_top$libspace           0x2001cd34   Data           0  libspace.o(.bss)
    mem2base                                 0x68000000   Data       983040  malloc.o(.ARM.__AT_0x68000000)
    mem2mapbase                              0x680f0000   Data       61440  malloc.o(.ARM.__AT_0x680F0000)



==============================================================================

Memory Map of the image

  Image Entry point : 0x08000189

  Load Region LR_IROM1 (Base: 0x08000000, Size: 0x00028fa8, Max: 0x00100000, ABSOLUTE, COMPRESSED[0x00028e74])

    Execution Region ER_IROM1 (Base: 0x08000000, Size: 0x00028dec, Max: 0x00100000, ABSOLUTE)

    Base Addr    Size         Type   Attr      Idx    E Section Name        Object

    0x08000000   0x00000188   Data   RO          867    RESET               startup_stm32f40_41xxx.o
    0x08000188   0x00000008   Code   RO         2372  * !!!main             c_w.l(__main.o)
    0x08000190   0x00000034   Code   RO         2646    !!!scatter          c_w.l(__scatter.o)
    0x080001c4   0x0000005a   Code   RO         2644    !!dczerorl2         c_w.l(__dczerorl2.o)
    0x0800021e   0x00000002   PAD
    0x08000220   0x0000001c   Code   RO         2648    !!handler_zi        c_w.l(__scatter_zi.o)
    0x0800023c   0x00000000   Code   RO         2342    .ARM.Collect$$_printf_percent$$00000000  c_w.l(_printf_percent.o)
    0x0800023c   0x00000006   Code   RO         2335    .ARM.Collect$$_printf_percent$$00000001  c_w.l(_printf_n.o)
    0x08000242   0x00000006   Code   RO         2337    .ARM.Collect$$_printf_percent$$00000002  c_w.l(_printf_p.o)
    0x08000248   0x00000006   Code   RO         2339    .ARM.Collect$$_printf_percent$$00000008  c_w.l(_printf_i.o)
    0x0800024e   0x00000006   Code   RO         2340    .ARM.Collect$$_printf_percent$$00000009  c_w.l(_printf_d.o)
    0x08000254   0x00000006   Code   RO         2341    .ARM.Collect$$_printf_percent$$0000000A  c_w.l(_printf_u.o)
    0x0800025a   0x00000006   Code   RO         2338    .ARM.Collect$$_printf_percent$$0000000B  c_w.l(_printf_o.o)
    0x08000260   0x00000006   Code   RO         2336    .ARM.Collect$$_printf_percent$$0000000C  c_w.l(_printf_x.o)
    0x08000266   0x0000000a   Code   RO         2438    .ARM.Collect$$_printf_percent$$00000012  c_w.l(_printf_l.o)
    0x08000270   0x00000006   Code   RO         2333    .ARM.Collect$$_printf_percent$$00000013  c_w.l(_printf_c.o)
    0x08000276   0x00000006   Code   RO         2334    .ARM.Collect$$_printf_percent$$00000014  c_w.l(_printf_s.o)
    0x0800027c   0x00000006   Code   RO         2343    .ARM.Collect$$_printf_percent$$00000015  c_w.l(_printf_lc.o)
    0x08000282   0x00000004   Code   RO         2437    .ARM.Collect$$_printf_percent$$00000017  c_w.l(_printf_percent_end.o)
    0x08000286   0x00000002   Code   RO         2518    .ARM.Collect$$libinit$$00000000  c_w.l(libinit.o)
    0x08000288   0x00000004   Code   RO         2525    .ARM.Collect$$libinit$$00000001  c_w.l(libinit2.o)
    0x0800028c   0x00000000   Code   RO         2528    .ARM.Collect$$libinit$$00000004  c_w.l(libinit2.o)
    0x0800028c   0x00000000   Code   RO         2531    .ARM.Collect$$libinit$$0000000A  c_w.l(libinit2.o)
    0x0800028c   0x00000000   Code   RO         2533    .ARM.Collect$$libinit$$0000000C  c_w.l(libinit2.o)
    0x0800028c   0x00000000   Code   RO         2535    .ARM.Collect$$libinit$$0000000E  c_w.l(libinit2.o)
    0x0800028c   0x00000006   Code   RO         2536    .ARM.Collect$$libinit$$0000000F  c_w.l(libinit2.o)
    0x08000292   0x00000000   Code   RO         2538    .ARM.Collect$$libinit$$00000011  c_w.l(libinit2.o)
    0x08000292   0x0000000c   Code   RO         2539    .ARM.Collect$$libinit$$00000012  c_w.l(libinit2.o)
    0x0800029e   0x00000000   Code   RO         2540    .ARM.Collect$$libinit$$00000013  c_w.l(libinit2.o)
    0x0800029e   0x00000000   Code   RO         2542    .ARM.Collect$$libinit$$00000015  c_w.l(libinit2.o)
    0x0800029e   0x00000000   Code   RO         2544    .ARM.Collect$$libinit$$00000017  c_w.l(libinit2.o)
    0x0800029e   0x00000000   Code   RO         2546    .ARM.Collect$$libinit$$00000019  c_w.l(libinit2.o)
    0x0800029e   0x00000000   Code   RO         2548    .ARM.Collect$$libinit$$0000001B  c_w.l(libinit2.o)
    0x0800029e   0x00000000   Code   RO         2550    .ARM.Collect$$libinit$$0000001D  c_w.l(libinit2.o)
    0x0800029e   0x00000000   Code   RO         2552    .ARM.Collect$$libinit$$0000001F  c_w.l(libinit2.o)
    0x0800029e   0x00000000   Code   RO         2554    .ARM.Collect$$libinit$$00000021  c_w.l(libinit2.o)
    0x0800029e   0x00000000   Code   RO         2556    .ARM.Collect$$libinit$$00000023  c_w.l(libinit2.o)
    0x0800029e   0x00000000   Code   RO         2558    .ARM.Collect$$libinit$$00000025  c_w.l(libinit2.o)
    0x0800029e   0x00000000   Code   RO         2562    .ARM.Collect$$libinit$$0000002C  c_w.l(libinit2.o)
    0x0800029e   0x00000000   Code   RO         2564    .ARM.Collect$$libinit$$0000002E  c_w.l(libinit2.o)
    0x0800029e   0x00000000   Code   RO         2566    .ARM.Collect$$libinit$$00000030  c_w.l(libinit2.o)
    0x0800029e   0x00000000   Code   RO         2568    .ARM.Collect$$libinit$$00000032  c_w.l(libinit2.o)
    0x0800029e   0x00000002   Code   RO         2569    .ARM.Collect$$libinit$$00000033  c_w.l(libinit2.o)
    0x080002a0   0x00000002   Code   RO         2597    .ARM.Collect$$libshutdown$$00000000  c_w.l(libshutdown.o)
    0x080002a2   0x00000000   Code   RO         2612    .ARM.Collect$$libshutdown$$00000003  c_w.l(libshutdown2.o)
    0x080002a2   0x00000000   Code   RO         2615    .ARM.Collect$$libshutdown$$00000006  c_w.l(libshutdown2.o)
    0x080002a2   0x00000000   Code   RO         2618    .ARM.Collect$$libshutdown$$00000009  c_w.l(libshutdown2.o)
    0x080002a2   0x00000000   Code   RO         2620    .ARM.Collect$$libshutdown$$0000000B  c_w.l(libshutdown2.o)
    0x080002a2   0x00000000   Code   RO         2623    .ARM.Collect$$libshutdown$$0000000E  c_w.l(libshutdown2.o)
    0x080002a2   0x00000002   Code   RO         2624    .ARM.Collect$$libshutdown$$0000000F  c_w.l(libshutdown2.o)
    0x080002a4   0x00000000   Code   RO         2420    .ARM.Collect$$rtentry$$00000000  c_w.l(__rtentry.o)
    0x080002a4   0x00000000   Code   RO         2461    .ARM.Collect$$rtentry$$00000002  c_w.l(__rtentry2.o)
    0x080002a4   0x00000006   Code   RO         2473    .ARM.Collect$$rtentry$$00000004  c_w.l(__rtentry4.o)
    0x080002aa   0x00000000   Code   RO         2463    .ARM.Collect$$rtentry$$00000009  c_w.l(__rtentry2.o)
    0x080002aa   0x00000004   Code   RO         2464    .ARM.Collect$$rtentry$$0000000A  c_w.l(__rtentry2.o)
    0x080002ae   0x00000000   Code   RO         2466    .ARM.Collect$$rtentry$$0000000C  c_w.l(__rtentry2.o)
    0x080002ae   0x00000008   Code   RO         2467    .ARM.Collect$$rtentry$$0000000D  c_w.l(__rtentry2.o)
    0x080002b6   0x00000002   Code   RO         2519    .ARM.Collect$$rtexit$$00000000  c_w.l(rtexit.o)
    0x080002b8   0x00000000   Code   RO         2571    .ARM.Collect$$rtexit$$00000002  c_w.l(rtexit2.o)
    0x080002b8   0x00000004   Code   RO         2572    .ARM.Collect$$rtexit$$00000003  c_w.l(rtexit2.o)
    0x080002bc   0x00000006   Code   RO         2573    .ARM.Collect$$rtexit$$00000004  c_w.l(rtexit2.o)
    0x080002c2   0x00000002   PAD
    0x080002c4   0x00000010   Code   RO          817    .emb_text           sys.o
    0x080002d4   0x0000060c   Code   RO            3    .text               main.o
    0x080008e0   0x0000000e   Code   RO          273    .text               stm32f4xx_it.o
    0x080008ee   0x00000002   PAD
    0x080008f0   0x0000017c   Code   RO          322    .text               system_stm32f4xx.o
    0x08000a6c   0x00000040   Code   RO          348    .text               led.o
    0x08000aac   0x00004a30   Code   RO          368    .text               lcd.o
    0x080054dc   0x00000104   Code   RO          417    .text               key.o
    0x080055e0   0x00000224   Code   RO          438    .text               myiic.o
    0x08005804   0x0000013e   Code   RO          461    .text               24cxx.o
    0x08005942   0x00000002   PAD
    0x08005944   0x00000244   Code   RO          484    .text               ctiic.o
    0x08005b88   0x00000390   Code   RO          508    .text               gt9147.o
    0x08005f18   0x000002e4   Code   RO          536    .text               ott2001a.o
    0x080061fc   0x000002a4   Code   RO          561    .text               ft5206.o
    0x080064a0   0x00000bf8   Code   RO          585    .text               touch.o
    0x08007098   0x000002e0   Code   RO          614    .text               i2s.o
    0x08007378   0x0000010c   Code   RO          641    .text               spi.o
    0x08007484   0x00000360   Code   RO          664    .text               w25qxx.o
    0x080077e4   0x0000178c   Code   RO          692    .text               sdio_sdcard.o
    0x08008f70   0x00000368   Code   RO          727    .text               wm8978.o
    0x080092d8   0x00000114   Code   RO          750    .text               timer.o
    0x080093ec   0x000000e0   Code   RO          794    .text               delay.o
    0x080094cc   0x00000124   Code   RO          835    .text               usart.o
    0x080095f0   0x00000040   Code   RO          868    .text               startup_stm32f40_41xxx.o
    0x08009630   0x000000b0   Code   RO          874    .text               misc.o
    0x080096e0   0x0000020c   Code   RO          894    .text               stm32f4xx_gpio.o
    0x080098ec   0x00000448   Code   RO          914    .text               stm32f4xx_fsmc.o
    0x08009d34   0x00000480   Code   RO          937    .text               stm32f4xx_rcc.o
    0x0800a1b4   0x00000358   Code   RO          979    .text               stm32f4xx_usart.o
    0x0800a50c   0x000009dc   Code   RO          999    .text               stm32f4xx_tim.o
    0x0800aee8   0x000001b8   Code   RO         1020    .text               stm32f4xx_sdio.o
    0x0800b0a0   0x0000032c   Code   RO         1040    .text               stm32f4xx_spi.o
    0x0800b3cc   0x00000320   Code   RO         1060    .text               stm32f4xx_dma.o
    0x0800b6ec   0x00000620   Code   RO         1080    .text               os_core.o
    0x0800bd0c   0x00000590   Code   RO         1113    .text               os_flag.o
    0x0800c29c   0x0000033c   Code   RO         1134    .text               os_mbox.o
    0x0800c5d8   0x00000504   Code   RO         1188    .text               os_q.o
    0x0800cadc   0x00000680   Code   RO         1228    .text               os_task.o
    0x0800d15c   0x00000164   Code   RO         1249    .text               os_time.o
    0x0800d2c0   0x000000c8   Code   RO         1281    .text               os_cpu_a.o
    0x0800d388   0x00000154   Code   RO         1286    .text               os_cpu_c.o
    0x0800d4dc   0x000001c4   Code   RO         1316    .text               malloc.o
    0x0800d6a0   0x00000128   Code   RO         1350    .text               exfuns.o
    0x0800d7c8   0x000008ac   Code   RO         1387    .text               fattester.o
    0x0800e074   0x00000094   Code   RO         1407    .text               mycc936.o
    0x0800e108   0x00000144   Code   RO         1428    .text               diskio.o
    0x0800e24c   0x000028e8   Code   RO         1452    .text               ff.o
    0x08010b34   0x000004ba   Code   RO         1474    .text               fontupd.o
    0x08010fee   0x00000002   PAD
    0x08010ff0   0x00000234   Code   RO         1503    .text               text.o
    0x08011224   0x00000b6c   Code   RO         1590    .text               videoplayer.o
    0x08011d90   0x000003b0   Code   RO         1646    .text               avi.o
    0x08012140   0x00000248   Code   RO         1692    .text               mjpeg.o
    0x08012388   0x00000072   Code   RO         1753    .text               jcomapi.o
    0x080123fa   0x0000004c   Code   RO         1772    .text               jutils.o
    0x08012446   0x00000002   PAD
    0x08012448   0x00000140   Code   RO         1800    .text               jerror.o
    0x08012588   0x000008dc   Code   RO         1831    .text               jmemmgr.o
    0x08012e64   0x000003a0   Code   RO         1855    .text               jdapimin.o
    0x08013204   0x000002b4   Code   RO         1867    .text               jdapistd.o
    0x080134b8   0x00000a48   Code   RO         1879    .text               jdarith.o
    0x08013f00   0x000005a8   Code   RO         1891    .text               jdmaster.o
    0x080144a8   0x00001370   Code   RO         1903    .text               jdhuff.o
    0x08015818   0x0000080c   Code   RO         1917    .text               jdinput.o
    0x08016024   0x000017b0   Code   RO         1929    .text               jdmarker.o
    0x080177d4   0x0000044c   Code   RO         1941    .text               jdmainct.o
    0x08017c20   0x00000944   Code   RO         1953    .text               jdcoefct.o
    0x08018564   0x00000254   Code   RO         1965    .text               jdpostct.o
    0x080187b8   0x000003ec   Code   RO         1977    .text               jddctmgr.o
    0x08018ba4   0x00000340   Code   RO         1993    .text               jidctflt.o
    0x08018ee4   0x000002ce   Code   RO         2005    .text               jidctfst.o
    0x080191b2   0x00000002   PAD
    0x080191b4   0x00005298   Code   RO         2017    .text               jidctint.o
    0x0801e44c   0x000002f4   Code   RO         2029    .text               jdsample.o
    0x0801e740   0x00000704   Code   RO         2041    .text               jdcolor.o
    0x0801ee44   0x00000748   Code   RO         2053    .text               jquant1.o
    0x0801f58c   0x00000bf0   Code   RO         2067    .text               jquant2.o
    0x0802017c   0x00000488   Code   RO         2081    .text               jdmerge.o
    0x08020604   0x00000026   Code   RO         2101    .text               jmemnobs.o
    0x0802062a   0x00000002   PAD
    0x0802062c   0x00000674   Code   RO         2142    .text               bmp.o
    0x08020ca0   0x00000abc   Code   RO         2162    .text               gif.o
    0x0802175c   0x00000210   Code   RO         2190    .text               piclib.o
    0x0802196c   0x00000de8   Code   RO         2216    .text               tjpgd.o
    0x08022754   0x00000002   Code   RO         2259    .text               c_w.l(use_no_semi_2.o)
    0x08022756   0x00000048   Code   RO         2261    .text               c_w.l(llsdiv.o)
    0x0802279e   0x00000002   PAD
    0x080227a0   0x00000018   Code   RO         2267    .text               c_w.l(noretval__2printf.o)
    0x080227b8   0x00000028   Code   RO         2269    .text               c_w.l(noretval__2sprintf.o)
    0x080227e0   0x0000004e   Code   RO         2273    .text               c_w.l(_printf_pad.o)
    0x0802282e   0x00000024   Code   RO         2275    .text               c_w.l(_printf_truncate.o)
    0x08022852   0x00000052   Code   RO         2277    .text               c_w.l(_printf_str.o)
    0x080228a4   0x00000078   Code   RO         2279    .text               c_w.l(_printf_dec.o)
    0x0802291c   0x00000028   Code   RO         2281    .text               c_w.l(_printf_charcount.o)
    0x08022944   0x000000bc   Code   RO         2283    .text               c_w.l(_printf_wctomb.o)
    0x08022a00   0x00000054   Code   RO         2288    .text               c_w.l(_printf_oct_int.o)
    0x08022a54   0x0000007c   Code   RO         2304    .text               c_w.l(_printf_hex_int_ptr.o)
    0x08022ad0   0x00000188   Code   RO         2330    .text               c_w.l(__printf_flags_ss_wp.o)
    0x08022c58   0x0000003c   Code   RO         2344    .text               c_w.l(__0sscanf.o)
    0x08022c94   0x0000014c   Code   RO         2346    .text               c_w.l(_scanf_int.o)
    0x08022de0   0x000000e0   Code   RO         2348    .text               c_w.l(_scanf_str.o)
    0x08022ec0   0x00000048   Code   RO         2352    .text               c_w.l(strcpy.o)
    0x08022f08   0x0000003e   Code   RO         2354    .text               c_w.l(strlen.o)
    0x08022f46   0x00000018   Code   RO         2356    .text               c_w.l(strcat.o)
    0x08022f5e   0x0000008a   Code   RO         2358    .text               c_w.l(rt_memcpy_v6.o)
    0x08022fe8   0x00000064   Code   RO         2360    .text               c_w.l(rt_memcpy_w.o)
    0x0802304c   0x00000044   Code   RO         2362    .text               c_w.l(rt_memclr.o)
    0x08023090   0x0000004e   Code   RO         2364    .text               c_w.l(rt_memclr_w.o)
    0x080230de   0x00000056   Code   RO         2366    .text               c_w.l(strncpy.o)
    0x08023134   0x00000080   Code   RO         2368    .text               c_w.l(strcmpv7m.o)
    0x080231b4   0x00000006   Code   RO         2370    .text               c_w.l(heapauxi.o)
    0x080231ba   0x00000062   Code   RO         2404    .text               fz_wm.l(setjmp.o)
    0x0802321c   0x00000002   Code   RO         2418    .text               c_w.l(use_no_semi.o)
    0x0802321e   0x000000ee   Code   RO         2421    .text               c_w.l(lludivv7m.o)
    0x0802330c   0x00000016   Code   RO         2423    .text               c_w.l(_rserrno.o)
    0x08023322   0x000000b2   Code   RO         2425    .text               c_w.l(_printf_intcommon.o)
    0x080233d4   0x00000030   Code   RO         2427    .text               c_w.l(_printf_char_common.o)
    0x08023404   0x0000000a   Code   RO         2429    .text               c_w.l(_sputc.o)
    0x0802340e   0x0000002c   Code   RO         2431    .text               c_w.l(_printf_char.o)
    0x0802343a   0x00000002   PAD
    0x0802343c   0x00000024   Code   RO         2433    .text               c_w.l(_printf_char_file.o)
    0x08023460   0x0000002c   Code   RO         2435    .text               c_w.l(_printf_wchar.o)
    0x0802348c   0x0000001c   Code   RO         2439    .text               c_w.l(_chval.o)
    0x080234a8   0x0000002c   Code   RO         2441    .text               c_w.l(scanf_char.o)
    0x080234d4   0x00000040   Code   RO         2443    .text               c_w.l(_sgetc.o)
    0x08023514   0x00000040   Code   RO         2445    .text               c_w.l(_wcrtomb.o)
    0x08023554   0x00000010   Code   RO         2475    .text               c_w.l(rt_ctype_table.o)
    0x08023564   0x00000008   Code   RO         2484    .text               c_w.l(rt_errno_addr_intlibspace.o)
    0x0802356c   0x00000012   Code   RO         2486    .text               c_w.l(isspace.o)
    0x0802357e   0x00000002   PAD
    0x08023580   0x00000374   Code   RO         2490    .text               c_w.l(_scanf.o)
    0x080238f4   0x00000008   Code   RO         2492    .text               c_w.l(ferror.o)
    0x080238fc   0x00000008   Code   RO         2496    .text               c_w.l(libspace.o)
    0x08023904   0x0000004a   Code   RO         2499    .text               c_w.l(sys_stackheap_outer.o)
    0x0802394e   0x00000002   PAD
    0x08023950   0x00000008   Code   RO         2506    .text               c_w.l(rt_locale_intlibspace.o)
    0x08023958   0x0000000c   Code   RO         2511    .text               c_w.l(exit.o)
    0x08023964   0x0000007a   Code   RO         2406    i.__hardfp_sqrt     m_wm.l(sqrt.o)
    0x080239de   0x0000000e   Code   RO         2323    i._is_digit         c_w.l(__printf_wp.o)
    0x080239ec   0x0000002c   Code   RO         2509    locale$$code        c_w.l(lc_ctype_c.o)
    0x08023a18   0x00000062   Code   RO         2374    x$fpl$d2f           fz_wm.l(d2f.o)
    0x08023a7a   0x00000002   PAD
    0x08023a7c   0x00000150   Code   RO         2376    x$fpl$dadd          fz_wm.l(daddsub_clz.o)
    0x08023bcc   0x00000018   Code   RO         2447    x$fpl$dcmpinf       fz_wm.l(dcmpi.o)
    0x08023be4   0x000002b0   Code   RO         2383    x$fpl$ddiv          fz_wm.l(ddiv.o)
    0x08023e94   0x0000005a   Code   RO         2386    x$fpl$dfixu         fz_wm.l(dfixu.o)
    0x08023eee   0x00000026   Code   RO         2390    x$fpl$dfltu         fz_wm.l(dflt_clz.o)
    0x08023f14   0x00000078   Code   RO         2396    x$fpl$dleqf         fz_wm.l(dleqf.o)
    0x08023f8c   0x00000154   Code   RO         2398    x$fpl$dmul          fz_wm.l(dmul.o)
    0x080240e0   0x0000009c   Code   RO         2449    x$fpl$dnaninf       fz_wm.l(dnaninf.o)
    0x0802417c   0x0000000c   Code   RO         2451    x$fpl$dretinf       fz_wm.l(dretinf.o)
    0x08024188   0x0000006c   Code   RO         2400    x$fpl$drleqf        fz_wm.l(drleqf.o)
    0x080241f4   0x00000016   Code   RO         2377    x$fpl$drsb          fz_wm.l(daddsub_clz.o)
    0x0802420a   0x00000002   PAD
    0x0802420c   0x00000198   Code   RO         2453    x$fpl$dsqrt         fz_wm.l(dsqrt_umaal.o)
    0x080243a4   0x000001d4   Code   RO         2378    x$fpl$dsub          fz_wm.l(daddsub_clz.o)
    0x08024578   0x00000056   Code   RO         2402    x$fpl$f2d           fz_wm.l(f2d.o)
    0x080245ce   0x0000008c   Code   RO         2455    x$fpl$fnaninf       fz_wm.l(fnaninf.o)
    0x0802465a   0x0000000a   Code   RO         2585    x$fpl$fpinit        fz_wm.l(fpinit.o)
    0x08024664   0x0000000a   Code   RO         2457    x$fpl$fretinf       fz_wm.l(fretinf.o)
    0x0802466e   0x00000000   Code   RO         2459    x$fpl$usenofp       fz_wm.l(usenofp.o)
    0x0802466e   0x000017c0   Data   RO          370    .constdata          lcd.o
    0x08025e2e   0x000000c2   Data   RO          509    .constdata          gt9147.o
    0x08025ef0   0x0000000a   Data   RO          537    .constdata          ott2001a.o
    0x08025efa   0x0000000a   Data   RO          562    .constdata          ft5206.o
    0x08025f04   0x00000004   Data   RO          586    .constdata          touch.o
    0x08025f08   0x0000006e   Data   RO          615    .constdata          i2s.o
    0x08025f76   0x00000002   PAD
    0x08025f78   0x0000001c   Data   RO          915    .constdata          stm32f4xx_fsmc.o
    0x08025f94   0x00000100   Data   RO         1084    .constdata          os_core.o
    0x08026094   0x00000024   Data   RO         1323    .constdata          malloc.o
    0x080260b8   0x00000070   Data   RO         1354    .constdata          exfuns.o
    0x08026128   0x000003c0   Data   RO         1408    .constdata          mycc936.o
    0x080264e8   0x0000003a   Data   RO         1454    .constdata          ff.o
    0x08026522   0x00000002   PAD
    0x08026524   0x00000010   Data   RO         1476    .constdata          fontupd.o
    0x08026534   0x00000010   Data   RO         1648    .constdata          avi.o
    0x08026544   0x000001c8   Data   RO         1718    .constdata          jaricom.o
    0x0802670c   0x00000140   Data   RO         1773    .constdata          jutils.o
    0x0802684c   0x00000104   Data   RO         1774    .constdata          jutils.o
    0x08026950   0x000000d0   Data   RO         1775    .constdata          jutils.o
    0x08026a20   0x000000a4   Data   RO         1776    .constdata          jutils.o
    0x08026ac4   0x00000080   Data   RO         1777    .constdata          jutils.o
    0x08026b44   0x00000064   Data   RO         1778    .constdata          jutils.o
    0x08026ba8   0x00000050   Data   RO         1779    .constdata          jutils.o
    0x08026bf8   0x00000200   Data   RO         1801    .constdata          jerror.o
    0x08026df8   0x00000010   Data   RO         1832    .constdata          jmemmgr.o
    0x08026e08   0x0000036c   Data   RO         1904    .constdata          jdhuff.o
    0x08027174   0x00000004   PAD
    0x08027178   0x000000c0   Data   RO         1978    .constdata          jddctmgr.o
    0x08027238   0x0000010c   Data   RO         2054    .constdata          jquant1.o
    0x08027344   0x00000028   Data   RO         2163    .constdata          gif.o
    0x0802736c   0x000004c0   Data   RO         2217    .constdata          tjpgd.o
    0x0802782c   0x00000008   Data   RO         2284    .constdata          c_w.l(_printf_wctomb.o)
    0x08027834   0x00000028   Data   RO         2305    .constdata          c_w.l(_printf_hex_int_ptr.o)
    0x0802785c   0x00000011   Data   RO         2331    .constdata          c_w.l(__printf_flags_ss_wp.o)
    0x0802786d   0x00000003   PAD
    0x08027870   0x00000079   Data   RO          587    .conststring        touch.o
    0x080278e9   0x00000003   PAD
    0x080278ec   0x00000040   Data   RO         1355    .conststring        exfuns.o
    0x0802792c   0x0000005f   Data   RO         1477    .conststring        fontupd.o
    0x0802798b   0x00000001   PAD
    0x0802798c   0x0000001d   Data   RO         1649    .conststring        avi.o
    0x080279a9   0x00000003   PAD
    0x080279ac   0x0000130d   Data   RO         1802    .conststring        jerror.o
    0x08028cb9   0x00000003   PAD
    0x08028cbc   0x00000020   Data   RO         2642    Region$$Table       anon$$obj.o
    0x08028cdc   0x00000110   Data   RO         2508    locale$$data        c_w.l(lc_ctype_c.o)


    Execution Region RW_IRAM1 (Base: 0x20000000, Size: 0x0001d338, Max: 0x00020000, ABSOLUTE, COMPRESSED[0x00000088])

    Base Addr    Size         Type   Attr      Idx    E Section Name        Object

    0x20000000   0x00000004   Data   RW            8    .data               main.o
    0x20000004   0x00000014   Data   RW          323    .data               system_stm32f4xx.o
    0x20000018   0x00000004   Data   RW          371    .data               lcd.o
    0x2000001c   0x00000001   Data   RW          418    .data               key.o
    0x2000001d   0x00000001   Data   RW          510    .data               gt9147.o
    0x2000001e   0x00000001   Data   RW          538    .data               ott2001a.o
    0x2000001f   0x00000001   Data   RW          563    .data               ft5206.o
    0x20000020   0x00000038   Data   RW          588    .data               touch.o
    0x20000058   0x00000008   Data   RW          616    .data               i2s.o
    0x20000060   0x00000002   Data   RW          666    .data               w25qxx.o
    0x20000062   0x00000002   PAD
    0x20000064   0x00000010   Data   RW          694    .data               sdio_sdcard.o
    0x20000074   0x00000074   Data   RW          728    .data               wm8978.o
    0x200000e8   0x00000004   Data   RW          751    .data               timer.o
    0x200000ec   0x00000004   Data   RW          795    .data               delay.o
    0x200000f0   0x00000002   Data   RW          837    .data               usart.o
    0x200000f2   0x00000002   PAD
    0x200000f4   0x00000004   Data   RW          838    .data               usart.o
    0x200000f8   0x00000010   Data   RW          938    .data               stm32f4xx_rcc.o
    0x20000108   0x0000003c   Data   RW         1085    .data               os_core.o
    0x20000144   0x00000004   Data   RW         1086    .data               os_core.o
    0x20000148   0x00000004   Data   RW         1087    .data               os_core.o
    0x2000014c   0x00000024   Data   RW         1324    .data               malloc.o
    0x20000170   0x0000000c   Data   RW         1356    .data               exfuns.o
    0x2000017c   0x00000004   Data   RW         1357    .data               exfuns.o
    0x20000180   0x00000004   Data   RW         1358    .data               exfuns.o
    0x20000184   0x00000002   Data   RW         1429    .data               diskio.o
    0x20000186   0x00000002   Data   RW         1455    .data               ff.o
    0x20000188   0x00000008   Data   RW         1592    .data               videoplayer.o
    0x20000190   0x0000001c   Data   RW         1693    .data               mjpeg.o
    0x200001ac   0x00000001   Data   RW         2164    .data               gif.o
    0x200001ad   0x00000003   PAD
    0x200001b0   0x0000000c   Data   RW         2218    .data               tjpgd.o
    0x200001bc   0x00000300   Zero   RW            4    .bss                main.o
    0x200004bc   0x0000000e   Zero   RW          369    .bss                lcd.o
    0x200004ca   0x00001000   Zero   RW          665    .bss                w25qxx.o
    0x200014ca   0x00000006   PAD
    0x200014d0   0x000002c0   Zero   RW          693    .bss                sdio_sdcard.o
    0x20001790   0x000000c8   Zero   RW          836    .bss                usart.o
    0x20001858   0x000009b8   Zero   RW         1081    .bss                os_core.o
    0x20002210   0x00000050   Zero   RW         1082    .bss                os_core.o
    0x20002260   0x00000078   Zero   RW         1083    .bss                os_core.o
    0x200022d8   0x00000008   PAD
    0x200022e0   0x00019000   Zero   RW         1321    .bss                malloc.o
    0x2001b2e0   0x00001900   Zero   RW         1322    .bss                malloc.o
    0x2001cbe0   0x0000000c   Zero   RW         1351    .bss                exfuns.o
    0x2001cbec   0x00000020   Zero   RW         1352    .bss                exfuns.o
    0x2001cc0c   0x00000024   Zero   RW         1353    .bss                exfuns.o
    0x2001cc30   0x0000000c   Zero   RW         1453    .bss                ff.o
    0x2001cc3c   0x00000021   Zero   RW         1475    .bss                fontupd.o
    0x2001cc5d   0x00000003   PAD
    0x2001cc60   0x00000010   Zero   RW         1591    .bss                videoplayer.o
    0x2001cc70   0x00000028   Zero   RW         1647    .bss                avi.o
    0x2001cc98   0x0000003c   Zero   RW         2191    .bss                piclib.o
    0x2001ccd4   0x00000060   Zero   RW         2497    .bss                c_w.l(libspace.o)
    0x2001cd34   0x00000004   PAD
    0x2001cd38   0x00000200   Zero   RW          866    HEAP                startup_stm32f40_41xxx.o
    0x2001cf38   0x00000400   Zero   RW          865    STACK               startup_stm32f40_41xxx.o



  Load Region LR$$.ARM.__AT_0x10000000 (Base: 0x10000000, Size: 0x00000000, Max: 0x0000f000, ABSOLUTE)

    Execution Region ER$$.ARM.__AT_0x10000000 (Base: 0x10000000, Size: 0x0000f000, Max: 0x0000f000, ABSOLUTE, UNINIT)

    Base Addr    Size         Type   Attr      Idx    E Section Name        Object

    0x10000000   0x0000f000   Zero   RW         1317    .ARM.__AT_0x10000000  malloc.o



  Load Region LR$$.ARM.__AT_0x1000F000 (Base: 0x1000f000, Size: 0x00000000, Max: 0x00000f00, ABSOLUTE)

    Execution Region ER$$.ARM.__AT_0x1000F000 (Base: 0x1000f000, Size: 0x00000f00, Max: 0x00000f00, ABSOLUTE, UNINIT)

    Base Addr    Size         Type   Attr      Idx    E Section Name        Object

    0x1000f000   0x00000f00   Zero   RW         1318    .ARM.__AT_0x1000F000  malloc.o



  Load Region LR$$.ARM.__AT_0x68000000 (Base: 0x68000000, Size: 0x00000000, Max: 0x000f0000, ABSOLUTE)

    Execution Region ER$$.ARM.__AT_0x68000000 (Base: 0x68000000, Size: 0x000f0000, Max: 0x000f0000, ABSOLUTE, UNINIT)

    Base Addr    Size         Type   Attr      Idx    E Section Name        Object

    0x68000000   0x000f0000   Zero   RW         1319    .ARM.__AT_0x68000000  malloc.o



  Load Region LR$$.ARM.__AT_0x680F0000 (Base: 0x680f0000, Size: 0x00000000, Max: 0x0000f000, ABSOLUTE)

    Execution Region ER$$.ARM.__AT_0x680F0000 (Base: 0x680f0000, Size: 0x0000f000, Max: 0x0000f000, ABSOLUTE, UNINIT)

    Base Addr    Size         Type   Attr      Idx    E Section Name        Object

    0x680f0000   0x0000f000   Zero   RW         1320    .ARM.__AT_0x680F0000  malloc.o


==============================================================================

Image component sizes


      Code (inc. data)   RO Data    RW Data    ZI Data      Debug   Object Name

       318          0          0          0          0       2298   24cxx.o
       944        288         45          0         40      15707   avi.o
      1652         20          0          0          0       3794   bmp.o
       580         16          0          0          0       2711   ctiic.o
       224         14          0          4          0       2235   delay.o
       324          8          0          2          0       3518   diskio.o
       296         14        176         20         80       2498   exfuns.o
      2220        722          0          0          0       5984   fattester.o
     10472        136         58          2         12      27504   ff.o
      1210        138        111          0         33       3668   fontupd.o
       676         36         10          1          0       2403   ft5206.o
      2748         18         40          1          0       8512   gif.o
       912         68        194          1          0       4166   gt9147.o
       736         40        110          8          0       3340   i2s.o
         0          0        456          0          0       4322   jaricom.o
       114          0          0          0          0      14564   jcomapi.o
       928         22          0          0          0       3025   jdapimin.o
       692          0          0          0          0       2240   jdapistd.o
      2632         36          0          0          0       5618   jdarith.o
      2372         28          0          0          0       6242   jdcoefct.o
      1796         72          0          0          0       5954   jdcolor.o
      1004        152        192          0          0       2860   jddctmgr.o
      4976         66        876          0          0      11965   jdhuff.o
      2060         46          0          0          0       3437   jdinput.o
      1100         16          0          0          0       3794   jdmainct.o
      6064        122          0          0          0      11665   jdmarker.o
      1448         18          0          0          0       3348   jdmaster.o
      1160         32          0          0          0       3617   jdmerge.o
       596         18          0          0          0       2470   jdpostct.o
       756         28          0          0          0       3410   jdsample.o
       320         30       5389          0          0      12958   jerror.o
       832         20          0          0          0       1894   jidctflt.o
       718          0          0          0          0       2266   jidctfst.o
     21144        376          0          0          0      30786   jidctint.o
      2268         72         16          0          0      21988   jmemmgr.o
        38          0          0          0          0       2439   jmemnobs.o
      1864         40        268          0          0       7616   jquant1.o
      3056         30          0          0          0      10364   jquant2.o
        76          0       1260          0          0      15387   jutils.o
       260         12          0          1          0        904   key.o
     18992        230       6080          4         14      25287   lcd.o
        64          6          0          0          0        527   led.o
      1548        220          0          4        768     336726   main.o
       452         10         36         36    1218560       4199   malloc.o
       176         12          0          0          0       1733   misc.o
       584         80          0         28          0       3087   mjpeg.o
       148         14        960          0          0       1437   mycc936.o
       548          8          0          0          0       1900   myiic.o
      1568         78        256         68       2688      14285   os_core.o
       200         32          0          0          0        316   os_cpu_a.o
       340          4          0          0          0      10798   os_cpu_c.o
      1424         38          0          0          0       5290   os_flag.o
       828         16          0          0          0       3438   os_mbox.o
      1284         30          0          0          0       4453   os_q.o
      1664         66          0          0          0       6135   os_task.o
       356         28          0          0          0       1602   os_time.o
       740         60         10          1          0       2633   ott2001a.o
       528         28          0          0         60       4071   piclib.o
      6028        120          0         16        704      23379   sdio_sdcard.o
       268         10          0          0          0       1009   spi.o
        64         26        392          0       1536        828   startup_stm32f40_41xxx.o
       800         32          0          0          0       5969   stm32f4xx_dma.o
      1096         10         28          0          0       5266   stm32f4xx_fsmc.o
       524         44          0          0          0       3709   stm32f4xx_gpio.o
        14          0          0          0          0       1003   stm32f4xx_it.o
      1152         48          0         16          0      11484   stm32f4xx_rcc.o
       440         14          0          0          0       6924   stm32f4xx_sdio.o
       812         36          0          0          0       5977   stm32f4xx_spi.o
      2524         52          0          0          0      18214   stm32f4xx_tim.o
       856         32          0          0          0       6700   stm32f4xx_usart.o
        16          0          0          0          0        480   sys.o
       380         36          0         20          0       1771   system_stm32f4xx.o
       564         18          0          0          0       2344   text.o
       276         26          0          4          0       1446   timer.o
      3560         50       1216         12          0      13161   tjpgd.o
      3064        192        125         56          0       6391   touch.o
       292         18          0          6        200       3250   usart.o
      2924        382          0          8         16       7158   videoplayer.o
       864         28          0          2       4096       4187   w25qxx.o
       872         12          0        116          0       5111   wm8978.o

    ----------------------------------------------------------------------
    140432       4900      18354        444    1228824     847149   Object Totals
         0          0         32          0          0          0   (incl. Generated)
        12          0         18          7         17          0   (incl. Padding)

    ----------------------------------------------------------------------

      Code (inc. data)   RO Data    RW Data    ZI Data      Debug   Library Member Name

        60          8          0          0          0         84   __0sscanf.o
        90          0          0          0          0          0   __dczerorl2.o
         8          0          0          0          0         68   __main.o
       392          4         17          0          0         92   __printf_flags_ss_wp.o
        14          0          0          0          0         68   __printf_wp.o
         0          0          0          0          0          0   __rtentry.o
        12          0          0          0          0          0   __rtentry2.o
         6          0          0          0          0          0   __rtentry4.o
        52          8          0          0          0          0   __scatter.o
        28          0          0          0          0          0   __scatter_zi.o
        28          0          0          0          0         68   _chval.o
         6          0          0          0          0          0   _printf_c.o
        44          0          0          0          0        108   _printf_char.o
        48          6          0          0          0         96   _printf_char_common.o
        36          4          0          0          0         80   _printf_char_file.o
        40          0          0          0          0         68   _printf_charcount.o
         6          0          0          0          0          0   _printf_d.o
       120         16          0          0          0         92   _printf_dec.o
       124          4         40          0          0        144   _printf_hex_int_ptr.o
         6          0          0          0          0          0   _printf_i.o
       178          0          0          0          0         88   _printf_intcommon.o
        10          0          0          0          0          0   _printf_l.o
         6          0          0          0          0          0   _printf_lc.o
         6          0          0          0          0          0   _printf_n.o
         6          0          0          0          0          0   _printf_o.o
        84         10          0          0          0         88   _printf_oct_int.o
         6          0          0          0          0          0   _printf_p.o
        78          0          0          0          0        108   _printf_pad.o
         0          0          0          0          0          0   _printf_percent.o
         4          0          0          0          0          0   _printf_percent_end.o
         6          0          0          0          0          0   _printf_s.o
        82          0          0          0          0         80   _printf_str.o
        36          0          0          0          0         84   _printf_truncate.o
         6          0          0          0          0          0   _printf_u.o
        44          0          0          0          0        108   _printf_wchar.o
       188          6          8          0          0         92   _printf_wctomb.o
         6          0          0          0          0          0   _printf_x.o
        22          0          0          0          0        100   _rserrno.o
       884          6          0          0          0        100   _scanf.o
       332          0          0          0          0         96   _scanf_int.o
       224          0          0          0          0         96   _scanf_str.o
        64          0          0          0          0         84   _sgetc.o
        10          0          0          0          0         68   _sputc.o
        64          0          0          0          0         92   _wcrtomb.o
        12          0          0          0          0         72   exit.o
         8          0          0          0          0         68   ferror.o
         6          0          0          0          0        152   heapauxi.o
        18          0          0          0          0         76   isspace.o
        44         10        272          0          0         76   lc_ctype_c.o
         2          0          0          0          0          0   libinit.o
        24          0          0          0          0          0   libinit2.o
         2          0          0          0          0          0   libshutdown.o
         2          0          0          0          0          0   libshutdown2.o
         8          4          0          0         96         68   libspace.o
        72          0          0          0          0         76   llsdiv.o
       238          0          0          0          0        100   lludivv7m.o
        24          4          0          0          0         84   noretval__2printf.o
        40          6          0          0          0         84   noretval__2sprintf.o
        16          4          0          0          0         76   rt_ctype_table.o
         8          4          0          0          0         68   rt_errno_addr_intlibspace.o
         8          4          0          0          0         68   rt_locale_intlibspace.o
        68          0          0          0          0         68   rt_memclr.o
        78          0          0          0          0         80   rt_memclr_w.o
       138          0          0          0          0         68   rt_memcpy_v6.o
       100          0          0          0          0         80   rt_memcpy_w.o
         2          0          0          0          0          0   rtexit.o
        10          0          0          0          0          0   rtexit2.o
        44          8          0          0          0         84   scanf_char.o
        24          0          0          0          0         68   strcat.o
       128          0          0          0          0         68   strcmpv7m.o
        72          0          0          0          0         80   strcpy.o
        62          0          0          0          0         76   strlen.o
        86          0          0          0          0         76   strncpy.o
        74          0          0          0          0         80   sys_stackheap_outer.o
         2          0          0          0          0         68   use_no_semi.o
         2          0          0          0          0         68   use_no_semi_2.o
        98          4          0          0          0        140   d2f.o
       826         16          0          0          0        492   daddsub_clz.o
        24          0          0          0          0        116   dcmpi.o
       688        140          0          0          0        256   ddiv.o
        90          4          0          0          0        140   dfixu.o
        38          0          0          0          0        116   dflt_clz.o
       120          4          0          0          0        140   dleqf.o
       340         12          0          0          0        152   dmul.o
       156          4          0          0          0        140   dnaninf.o
        12          0          0          0          0        116   dretinf.o
       108          0          0          0          0        128   drleqf.o
       408         56          0          0          0        168   dsqrt_umaal.o
        86          4          0          0          0        132   f2d.o
       140          4          0          0          0        132   fnaninf.o
        10          0          0          0          0        116   fpinit.o
        10          0          0          0          0        116   fretinf.o
        98          0          0          0          0        144   setjmp.o
         0          0          0          0          0          0   usenofp.o
       122          0          0          0          0        148   sqrt.o

    ----------------------------------------------------------------------
      8278        364        340          0        100       7176   Library Totals
        16          0          3          0          4          0   (incl. Padding)

    ----------------------------------------------------------------------

      Code (inc. data)   RO Data    RW Data    ZI Data      Debug   Library Name

      4888        116        337          0         96       4284   c_w.l
      3252        248          0          0          0       2744   fz_wm.l
       122          0          0          0          0        148   m_wm.l

    ----------------------------------------------------------------------
      8278        364        340          0        100       7176   Library Totals

    ----------------------------------------------------------------------

==============================================================================


      Code (inc. data)   RO Data    RW Data    ZI Data      Debug   

    148710       5264      18694        444    1228924     835681   Grand Totals
    148710       5264      18694        136    1228924     835681   ELF Image Totals (compressed)
    148710       5264      18694        136          0          0   ROM Totals

==============================================================================

    Total RO  Size (Code + RO Data)               167404 ( 163.48kB)
    Total RW  Size (RW Data + ZI Data)           1229368 (1200.55kB)
    Total ROM Size (Code + RO Data + RW Data)     167540 ( 163.61kB)

==============================================================================

