Component: ARM Compiler 5.05 update 1 (build 106) Tool: armlink [4d0efa]

==============================================================================

Section Cross References

    system_stm32f4xx.o(.text) refers to system_stm32f4xx.o(.data) for SystemCoreClock
    main.o(.text) refers to stm32lcd.o(.text) for LCD_Clear
    main.o(.text) refers to delay.o(.text) for delay_ms
    main.o(.text) refers to os_mbox.o(.text) for OSMboxCreate
    main.o(.text) refers to os_core.o(.text) for OSStatInit
    main.o(.text) refers to os_cpu_a.o(.text) for OS_CPU_SR_Save
    main.o(.text) refers to os_task.o(.text) for OSTaskCreate
    main.o(.text) refers to misc.o(.text) for NVIC_PriorityGroupConfig
    main.o(.text) refers to usart.o(.text) for uart_init
    main.o(.text) refers to key.o(.text) for KEY_Init
    main.o(.text) refers to malloc.o(.text) for my_mem_init
    main.o(.text) refers to exfuns.o(.text) for exfuns_init
    main.o(.text) refers to ff.o(.text) for f_mount
    main.o(.text) refers to w25qxx.o(.text) for W25QXX_Init
    main.o(.text) refers to wm8978.o(.text) for WM8978_Init
    main.o(.text) refers to sram.o(.text) for FSMC_SRAM_Init
    main.o(.text) refers to timer.o(.text) for TIM3_Int_Init
    main.o(.text) refers to fontupd.o(.text) for font_init
    main.o(.text) refers to videoplayer.o(.text) for video_play
    main.o(.text) refers to fattester.o(.text) for file_manage
    main.o(.text) refers to main.o(.data) for msg_key
    main.o(.text) refers to main.o(.bss) for MAIN_TASK_STK
    main.o(.text) refers to touch.o(.data) for tp_dev
    main.o(.text) refers to exfuns.o(.bss) for fs
    main.o(.text) refers to stm32lcd.o(.data) for POINT_COLOR
    led.o(.text) refers to stm32f4xx_rcc.o(.text) for RCC_AHB1PeriphClockCmd
    led.o(.text) refers to stm32f4xx_gpio.o(.text) for GPIO_Init
    key.o(.text) refers to stm32f4xx_rcc.o(.text) for RCC_AHB1PeriphClockCmd
    key.o(.text) refers to stm32f4xx_gpio.o(.text) for GPIO_Init
    key.o(.text) refers to delay.o(.text) for delay_ms
    key.o(.text) refers to key.o(.data) for key_up
    spi.o(.text) refers to stm32f4xx_spi.o(.text) for SPI_I2S_GetFlagStatus
    spi.o(.text) refers to stm32f4xx_rcc.o(.text) for RCC_AHB1PeriphClockCmd
    spi.o(.text) refers to stm32f4xx_gpio.o(.text) for GPIO_Init
    w25qxx.o(.text) refers to spi.o(.text) for SPI1_ReadWriteByte
    w25qxx.o(.text) refers to stm32f4xx_rcc.o(.text) for RCC_AHB1PeriphClockCmd
    w25qxx.o(.text) refers to stm32f4xx_gpio.o(.text) for GPIO_Init
    w25qxx.o(.text) refers to printf8.o(i.__0printf$8) for __2printf
    w25qxx.o(.text) refers to delay.o(.text) for delay_us
    w25qxx.o(.text) refers to w25qxx.o(.data) for W25QXX_TYPE
    w25qxx.o(.text) refers to w25qxx.o(.bss) for W25QXX_BUFFER
    sdio_sdcard.o(.text) refers to stm32f4xx_sdio.o(.text) for SDIO_GetFlagStatus
    sdio_sdcard.o(.text) refers to sdio_sdcard.o(.data) for DeviceMode
    sdio_sdcard.o(.text) refers to sdio_sdcard.o(.bss) for SDIO_CmdInitStructure
    sdio_sdcard.o(.text) refers to stm32f4xx_rcc.o(.text) for RCC_AHB1PeriphClockCmd
    sdio_sdcard.o(.text) refers to stm32f4xx_gpio.o(.text) for GPIO_Init
    sdio_sdcard.o(.text) refers to misc.o(.text) for NVIC_Init
    sdio_sdcard.o(.text) refers to stm32f4xx_dma.o(.text) for DMA_GetCmdStatus
    sdio_sdcard.o(.text) refers to sys.o(.emb_text) for INTX_DISABLE
    sdio_sdcard.o(.text) refers to memmovea.o(.text) for __aeabi_memcpy
    myiic.o(.text) refers to stm32f4xx_rcc.o(.text) for RCC_AHB1PeriphClockCmd
    myiic.o(.text) refers to stm32f4xx_gpio.o(.text) for GPIO_Init
    myiic.o(.text) refers to delay.o(.text) for delay_us
    24cxx.o(.text) refers to myiic.o(.text) for IIC_Init
    24cxx.o(.text) refers to delay.o(.text) for delay_ms
    i2s.o(.text) refers to stm32f4xx_rcc.o(.text) for RCC_APB1PeriphClockCmd
    i2s.o(.text) refers to stm32f4xx_spi.o(.text) for I2S_Init
    i2s.o(.text) refers to stm32f4xx_dma.o(.text) for DMA_DeInit
    i2s.o(.text) refers to misc.o(.text) for NVIC_Init
    i2s.o(.text) refers to i2s.o(.constdata) for I2S_PSC_TBL
    i2s.o(.text) refers to i2s.o(.data) for i2s_tx_callback
    wm8978.o(.text) refers to myiic.o(.text) for IIC_Start
    wm8978.o(.text) refers to stm32f4xx_rcc.o(.text) for RCC_AHB1PeriphClockCmd
    wm8978.o(.text) refers to stm32f4xx_gpio.o(.text) for GPIO_Init
    wm8978.o(.text) refers to wm8978.o(.data) for WM8978_REGVAL_TBL
    timer.o(.text) refers to stm32f4xx_rcc.o(.text) for RCC_APB1PeriphClockCmd
    timer.o(.text) refers to stm32f4xx_tim.o(.text) for TIM_TimeBaseInit
    timer.o(.text) refers to misc.o(.text) for NVIC_Init
    timer.o(.text) refers to printf8.o(i.__0printf$8) for __2printf
    timer.o(.text) refers to timer.o(.data) for frame
    ctiic.o(.text) refers to delay.o(.text) for delay_us
    ctiic.o(.text) refers to stm32f4xx_rcc.o(.text) for RCC_AHB1PeriphClockCmd
    ctiic.o(.text) refers to stm32f4xx_gpio.o(.text) for GPIO_Init
[...]
    videoplayer.o(.text) refers to dmul.o(.text) for __aeabi_dmul
    videoplayer.o(.text) refers to dfixui.o(.text) for __aeabi_d2uiz
    videoplayer.o(.text) refers to printf8.o(i.__0sprintf$8) for __2sprintf
    videoplayer.o(.text) refers to text.o(.text) for Show_Str
    videoplayer.o(.text) refers to os_cpu_a.o(.text) for OS_CPU_SR_Save
    videoplayer.o(.text) refers to memseta.o(.text) for __aeabi_memclr
    videoplayer.o(.text) refers to printf8.o(i.__0printf$8) for __2printf
    videoplayer.o(.text) refers to avi.o(.text) for avi_init
    videoplayer.o(.text) refers to videoplayer.o(.data) for i2splaybuf
    videoplayer.o(.text) refers to videoplayer.o(.bss) for i2sbuf
    videoplayer.o(.text) refers to stm32lcd.o(.data) for POINT_COLOR
    videoplayer.o(.text) refers to stm32lcd.o(.bss) for lcddev
    videoplayer.o(.text) refers to stm32lcd.o(.text) for LCD_ShowPlayerPic
    videoplayer.o(.text) refers to touch.o(.text) for TP_Scan
    videoplayer.o(.text) refers to delay.o(.text) for delay_ms
    videoplayer.o(.text) refers to timer.o(.text) for TIM6_Int_Init
    videoplayer.o(.text) refers to mjpeg.o(.text) for mjpegdec_init
    videoplayer.o(.text) refers to wm8978.o(.text) for WM8978_I2S_Cfg
    videoplayer.o(.text) refers to i2s.o(.text) for I2S2_Init
    videoplayer.o(.text) refers to avi.o(.bss) for avix
    videoplayer.o(.text) refers to touch.o(.data) for tp_dev
    videoplayer.o(.text) refers to i2s.o(.data) for i2s_tx_callback
    videoplayer.o(.text) refers to timer.o(.data) for frameup
    videoplayer.o(.text) refers to strcpy.o(.text) for strcpy
    videoplayer.o(.text) refers to strcat.o(.text) for strcat
    videoplayer.o(.text) refers to key.o(.text) for KEY_Scan
    avi.o(.text) refers to printf8.o(i.__0printf$8) for __2printf
    avi.o(.text) refers to avi.o(.bss) for avix
    avi.o(.text) refers to avi.o(.constdata) for AVI_VIDS_FLAG_TBL
    avi.o(.constdata) refers to avi.o(.conststring) for .conststring
    mjpeg.o(.text) refers to printf8.o(i.__0printf$8) for __2printf
    mjpeg.o(.text) refers to setjmp.o(.text) for longjmp
    mjpeg.o(.text) refers to malloc.o(.text) for myfree
    mjpeg.o(.text) refers to jerror.o(.text) for jpeg_std_error
    mjpeg.o(.text) refers to jerror_1.o(.text) for jpeg_std_error
    mjpeg.o(.text) refers to jdapimin.o(.text) for jpeg_abort_decompress
    mjpeg.o(.text) refers to jdapimin_1.o(.text) for jpeg_abort_decompress
    mjpeg.o(.text) refers to jdapistd.o(.text) for jpeg_start_decompress
    mjpeg.o(.text) refers to jdapistd_1.o(.text) for jpeg_start_decompress
    mjpeg.o(.text) refers to stm32lcd.o(.text) for LCD_Set_Window
    mjpeg.o(.text) refers to mjpeg.o(.data) for jmempos
    mjpeg.o(.text) refers to jdmarker.o(.text) for jpeg_resync_to_restart
    mjpeg.o(.text) refers to jdmarker_1.o(.text) for jpeg_resync_to_restart
    jutils.o(.text) refers to memmovea.o(.text) for __aeabi_memcpy
    jerror.o(.text) refers to jcomapi.o(.text) for jpeg_destroy
    jerror.o(.text) refers to jcomapi_1.o(.text) for jpeg_destroy
    jerror.o(.text) refers to printf8.o(i.__0printf$8) for __2printf
    jerror.o(.text) refers to printf8.o(i.__0sprintf$8) for __2sprintf
    jerror.o(.text) refers to jerror.o(.constdata) for jpeg_std_message_table
    jerror.o(.text) refers to jerror_1.o(.constdata) for jpeg_std_message_table
    jerror.o(.constdata) refers to jerror.o(.conststring) for .conststring
    jmemmgr.o(.text) refers to _scanf_int.o(.text) for _scanf_int
    jmemmgr.o(.text) refers to _scanf_str.o(.text) for _scanf_string
    jmemmgr.o(.text) refers to jmemnobs.o(.text) for jpeg_get_small
    jmemmgr.o(.text) refers to gui_jpeg.o(.text) for jpeg_get_small
    jmemmgr.o(.text) refers to jmemmgr.o(.constdata) for first_pool_slop
    jmemmgr.o(.text) refers to memseta.o(.text) for __aeabi_memclr
    jmemmgr.o(.text) refers to __0sscanf.o(.text) for __0sscanf
    jdapimin.o(.text) refers to memseta.o(.text) for __aeabi_memclr4
    jdapimin.o(.text) refers to jmemmgr.o(.text) for jinit_memory_mgr
    jdapimin.o(.text) refers to jmemmgr_1.o(.text) for jinit_memory_mgr
    jdapimin.o(.text) refers to jdmarker.o(.text) for jinit_marker_reader
    jdapimin.o(.text) refers to jdmarker_1.o(.text) for jinit_marker_reader
    jdapimin.o(.text) refers to jdinput.o(.text) for jinit_input_controller
    jdapimin.o(.text) refers to jdinput_1.o(.text) for jinit_input_controller
    jdapimin.o(.text) refers to jcomapi.o(.text) for jpeg_destroy
    jdapimin.o(.text) refers to jcomapi_1.o(.text) for jpeg_destroy
    jdapimin.o(.text) refers to jdapimin_1.o(.text) for jpeg_consume_input
    jdapistd.o(.text) refers to jdmaster.o(.text) for jinit_master_decompress
    jdapistd.o(.text) refers to jdmaster_1.o(.text) for jinit_master_decompress
    jdarith.o(.text) refers to memseta.o(.text) for __aeabi_memclr
    jdarith.o(.text) refers to jaricom.o(.constdata) for jpeg_aritab
    jdmaster.o(.text) refers to jdinput.o(.text) for jpeg_core_output_dimensions
    jdmaster.o(.text) refers to jutils.o(.text) for jdiv_round_up
    jdmaster.o(.text) refers to jutils_1.o(.text) for jdiv_round_up
    jdmaster.o(.text) refers to memseta.o(.text) for __aeabi_memclr
    jdmaster.o(.text) refers to memmovea.o(.text) for __aeabi_memcpy
    jdmaster.o(.text) refers to jdmaster_1.o(.text) for jpeg_calc_output_dimensions
    jdmaster.o(.text) refers to jquant1.o(.text) for jinit_1pass_quantizer
    jdmaster.o(.text) refers to jquant1_1.o(.text) for jinit_1pass_quantizer
    jdmaster.o(.text) refers to jquant2.o(.text) for jinit_2pass_quantizer
    jdmaster.o(.text) refers to jquant2_1.o(.text) for jinit_2pass_quantizer
    jdmaster.o(.text) refers to jdmerge.o(.text) for jinit_merged_upsampler
    jdmaster.o(.text) refers to jdmerge_1.o(.text) for jinit_merged_upsampler
    jdmaster.o(.text) refers to jdcolor.o(.text) for jinit_color_deconverter
    jdmaster.o(.text) refers to jdcolor_1.o(.text) for jinit_color_deconverter
    jdmaster.o(.text) refers to jdsample.o(.text) for jinit_upsampler
    jdmaster.o(.text) refers to jdsample_1.o(.text) for jinit_upsampler
    jdmaster.o(.text) refers to jdpostct.o(.text) for jinit_d_post_controller
    jdmaster.o(.text) refers to jdpostct_1.o(.text) for jinit_d_post_controller
    jdmaster.o(.text) refers to jddctmgr.o(.text) for jinit_inverse_dct
    jdmaster.o(.text) refers to jddctmgr_1.o(.text) for jinit_inverse_dct
    jdmaster.o(.text) refers to jdarith.o(.text) for jinit_arith_decoder
    jdmaster.o(.text) refers to jdhuff.o(.text) for jinit_huff_decoder
    jdmaster.o(.text) refers to jdhuff_1.o(.text) for jinit_huff_decoder
    jdmaster.o(.text) refers to jdcoefct.o(.text) for jinit_d_coef_controller
    jdmaster.o(.text) refers to jdcoefct_1.o(.text) for jinit_d_coef_controller
    jdmaster.o(.text) refers to jdmainct.o(.text) for jinit_d_main_controller
    jdmaster.o(.text) refers to jdmainct_1.o(.text) for jinit_d_main_controller
    jdinput.o(.text) refers to jutils.o(.text) for jdiv_round_up
    jdinput.o(.text) refers to jutils_1.o(.text) for jdiv_round_up
    jdinput.o(.text) refers to jutils.o(.constdata) for jpeg_natural_order
    jdinput.o(.text) refers to jutils_1.o(.constdata) for jpeg_natural_order
    jdinput.o(.text) refers to memmovea.o(.text) for __aeabi_memcpy
    jdmarker.o(.text) refers to strncpy.o(.text) for strncpy
    jdmarker.o(.text) refers to memseta.o(.text) for __aeabi_memclr4
    jdmarker.o(.text) refers to jcomapi.o(.text) for jpeg_alloc_huff_table
    jdmarker.o(.text) refers to jcomapi_1.o(.text) for jpeg_alloc_huff_table
    jdmarker.o(.text) refers to memmovea.o(.text) for __aeabi_memcpy
    jdmarker.o(.text) refers to jutils.o(.constdata) for jpeg_natural_order2
    jdmarker.o(.text) refers to jutils_1.o(.constdata) for jpeg_natural_order
    jdhuff.o(.text) refers to memseta.o(.text) for __aeabi_memclr4
    jdhuff.o(.text) refers to memmovea.o(.text) for __aeabi_memcpy4
    jdhuff.o(.text) refers to jdhuff.o(.constdata) for bmask
    jdhuff.o(.text) refers to jutils.o(.constdata) for jpeg_natural_order
    jdhuff.o(.text) refers to jutils_1.o(.constdata) for jpeg_natural_order
    jdcoefct.o(.text) refers to jutils.o(.text) for jcopy_block_row
    jdcoefct.o(.text) refers to jutils_1.o(.text) for jcopy_block_row
    jdcoefct.o(.text) refers to memseta.o(.text) for __aeabi_memclr
    jdpostct.o(.text) refers to jutils.o(.text) for jround_up
    jdpostct.o(.text) refers to jutils_1.o(.text) for jround_up
    jddctmgr.o(.text) refers to dfltui.o(.text) for __aeabi_ui2d
    jddctmgr.o(.text) refers to dmul.o(.text) for __aeabi_dmul
    jddctmgr.o(.text) refers to d2f.o(.text) for __aeabi_d2f
    jddctmgr.o(.text) refers to memseta.o(.text) for __aeabi_memclr
    jddctmgr.o(.text) refers to jidctint.o(.text) for jpeg_idct_1x1
    jddctmgr.o(.text) refers to jidctint_1.o(.text) for jpeg_idct_islow
    jddctmgr.o(.text) refers to jidctfst.o(.text) for jpeg_idct_ifast
    jddctmgr.o(.text) refers to jidctfst_1.o(.text) for jpeg_idct_ifast
    jddctmgr.o(.text) refers to jidctflt.o(.text) for jpeg_idct_float
    jddctmgr.o(.text) refers to jddctmgr.o(.constdata) for aanscales
    jdsample.o(.text) refers to jutils.o(.text) for jcopy_sample_rows
    jdsample.o(.text) refers to jutils_1.o(.text) for jcopy_sample_rows
    jdcolor.o(.text) refers to memseta.o(.text) for __aeabi_memclr
    jdcolor.o(.text) refers to jutils.o(.text) for jcopy_sample_rows
    jdcolor.o(.text) refers to jutils_1.o(.text) for jcopy_sample_rows
    jquant2.o(.text) refers to memseta.o(.text) for __aeabi_memclr
    jquant1.o(.text) refers to jquant1.o(.constdata) for RGB_order
    jquant1.o(.text) refers to memseta.o(.text) for __aeabi_memclr
    jmemnobs.o(.text) refers to mjpeg.o(.text) for mjpeg_malloc
    wrppm.o(.text) refers to fwrite.o(i.fwrite) for fwrite
    wrppm.o(.text) refers to jdmaster.o(.text) for jpeg_calc_output_dimensions
    wrppm.o(.text) refers to jdmaster_1.o(.text) for jpeg_calc_output_dimensions
    bmp.o(.text) refers to piclib.o(.text) for pic_memalloc
    bmp.o(.text) refers to ff.o(.text) for f_open
    bmp.o(.text) refers to piclib.o(.bss) for picinfo
    bmp.o(.text) refers to malloc.o(.text) for mymemset
    bmp.o(.text) refers to stm32lcd.o(.text) for LCD_ReadPoint
    bmp.o(.text) refers to stm32lcd.o(.bss) for lcddev
    bmp.o(.text) refers to exfuns.o(.data) for bw
    gif.o(.text) refers to ff.o(.text) for f_read
    gif.o(.text) refers to malloc.o(.text) for mymemset
    gif.o(.text) refers to gif.o(.constdata) for _aMaskTbl
    gif.o(.text) refers to piclib.o(.bss) for pic_phy
    gif.o(.text) refers to piclib.o(.text) for pic_memalloc
    gif.o(.text) refers to delay.o(.text) for delay_ms
    gif.o(.text) refers to gif.o(.data) for gifdecoding
    piclib.o(.text) refers to stm32lcd.o(.text) for LCD_Fill
    piclib.o(.text) refers to exfuns.o(.text) for f_typetell
    piclib.o(.text) refers to bmp.o(.text) for stdbmp_decode
    piclib.o(.text) refers to tjpgd.o(.text) for jpg_decode
    piclib.o(.text) refers to gif.o(.text) for gif_decode
    piclib.o(.text) refers to malloc.o(.text) for mymalloc
    piclib.o(.text) refers to stm32lcd.o(.bss) for lcddev
    piclib.o(.text) refers to piclib.o(.bss) for pic_phy
    tjpgd.o(.text) refers to tjpgd.o(.constdata) for Zig
    tjpgd.o(.text) refers to piclib.o(.text) for pic_memalloc
    tjpgd.o(.text) refers to ff.o(.text) for f_read
    tjpgd.o(.text) refers to tjpgd.o(.data) for f_jpeg
    tjpgd.o(.text) refers to piclib.o(.bss) for picinfo
    os_core.o(.text) refers to os_task.o(.text) for OSTaskStkChk
    os_core.o(.text) refers to os_time.o(.text) for OSTimeDly
    os_core.o(.text) refers to os_cpu_a.o(.text) for OS_CPU_SR_Save
    os_core.o(.text) refers to os_cpu_c.o(.text) for OSTaskStatHook
    os_core.o(.text) refers to os_flag.o(.text) for OS_FlagInit
    os_core.o(.text) refers to os_q.o(.text) for OS_QInit
    os_core.o(.text) refers to os_core.o(.bss) for OSTCBPrioTbl
    os_core.o(.text) refers to os_core.o(.data) for OSStatRdy
    os_core.o(.text) refers to os_core.o(.constdata) for OSUnMapTbl
    os_flag.o(.text) refers to os_cpu_a.o(.text) for OS_CPU_SR_Save
    os_flag.o(.text) refers to os_core.o(.text) for OS_Sched
    os_flag.o(.text) refers to os_core.o(.data) for OSIntNesting
    os_flag.o(.text) refers to os_core.o(.bss) for OSFlagTbl
    os_mbox.o(.text) refers to os_cpu_a.o(.text) for OS_CPU_SR_Save
    os_mbox.o(.text) refers to os_core.o(.text) for OS_EventWaitListInit
    os_mbox.o(.text) refers to os_core.o(.data) for OSIntNesting
    os_mutex.o(.text) refers to os_cpu_a.o(.text) for OS_CPU_SR_Save
    os_mutex.o(.text) refers to os_core.o(.text) for OS_EventWaitListInit
    os_mutex.o(.text) refers to os_core.o(.data) for OSIntNesting
    os_mutex.o(.text) refers to os_core.o(.bss) for OSTCBPrioTbl
    os_q.o(.text) refers to os_cpu_a.o(.text) for OS_CPU_SR_Save
    os_q.o(.text) refers to os_core.o(.text) for OS_EventWaitListInit
    os_q.o(.text) refers to os_core.o(.data) for OSIntNesting
    os_q.o(.text) refers to os_core.o(.bss) for OSQTbl
    os_sem.o(.text) refers to os_cpu_a.o(.text) for OS_CPU_SR_Save
    os_sem.o(.text) refers to os_core.o(.text) for OS_EventWaitListInit
    os_sem.o(.text) refers to os_core.o(.data) for OSIntNesting
    os_task.o(.text) refers to os_cpu_a.o(.text) for OS_CPU_SR_Save
    os_task.o(.text) refers to os_core.o(.text) for OS_Sched
    os_task.o(.text) refers to os_cpu_c.o(.text) for OSTaskStkInit
    os_task.o(.text) refers to os_flag.o(.text) for OS_FlagUnlink
    os_task.o(.text) refers to os_core.o(.bss) for OSTCBPrioTbl
    os_task.o(.text) refers to os_core.o(.data) for OSTCBCur
    os_time.o(.text) refers to os_cpu_a.o(.text) for OS_CPU_SR_Save
    os_time.o(.text) refers to os_core.o(.text) for OS_Sched
    os_time.o(.text) refers to os_core.o(.data) for OSIntNesting
    os_time.o(.text) refers to os_core.o(.bss) for OSTCBPrioTbl
    os_cpu_a.o(.text) refers to os_core.o(.data) for OSRunning
    os_cpu_a.o(.text) refers to os_cpu_c.o(.text) for OSTaskSwHook
    os_cpu_c.o(.text) refers to os_task.o(.text) for OS_TaskReturn
    lcdp0.o(.text) refers to gui_calccolordist.o(.text) for GUI_CalcColorDist
    gui__addspacehex.o(.text) refers to gui_addhex.o(.text) for GUI_AddHex
    gui__calctextrect.o(.text) refers to gui_getstringdistx.o(.text) for GUI_GetStringDistX
    gui__calctextrect.o(.text) refers to guichar.o(.text) for GUI_GetFontDistY
    gui__getfontsizey.o(.text) refers to guicore.o(.bss) for GUI_Context
    gui__getnumchars.o(.text) refers to gui_uc.o(.text) for GUI_UC__GetCharCodeInc
    gui__settext.o(.text) refers to gui__strcmp.o(.text) for GUI__strcmp_hp
    gui__settext.o(.text) refers to gui__strlen.o(.text) for GUI__strlen
    gui__settext.o(.text) refers to guialloc.o(.text) for GUI_ALLOC_AllocNoInit
    gui__settext.o(.text) refers to strcpy.o(.text) for strcpy
    gui__strcmp.o(.text) refers to guialloc.o(.text) for GUI_ALLOC_h2p
    gui__wrap.o(.text) refers to gui_uc.o(.text) for GUI_UC__GetCharCodeInc
    gui__wrap.o(.text) refers to guichar.o(.text) for GUI_GetCharDistX
    gui__wrap.o(.text) refers to guicharline.o(.text) for GUI__GetLineNumChars
    gui_adddec.o(.text) refers to gui_adddecshift.o(.text) for GUI_AddDecShift
    gui_adddecmin.o(.text) refers to gui_adddecshift.o(.text) for GUI_Long2Len
    gui_adddecshift.o(.text) refers to gui_adddecshift.o(.constdata) for GUI_Pow10
    gui_adddecshift.o(.text) refers to guicore.o(.data) for GUI_DecChar
    gui_addhex.o(.text) refers to gui_addhex.o(.constdata) for acHex
    gui_addkeymsghook.o(.text) refers to gui_onkey.o(.data) for GUI_pfKeyMsgHook
    gui_alloc_allocinit.o(.text) refers to guialloc.o(.text) for GUI_ALLOC_AllocNoInit
    gui_alloc_allocinit.o(.text) refers to memmovea.o(.text) for __aeabi_memcpy
    gui_alloc_allocinit.o(.text) refers to gui__memset.o(.text) for GUI__memset
    gui_alloc_alloczero.o(.text) refers to guialloc.o(.text) for GUI_ALLOC_AllocNoInit
    gui_alloc_alloczero.o(.text) refers to gui__memset.o(.text) for GUI__memset
    gui_bmp.o(.text) refers to lcd.o(.text) for LCD_Color2Index
    gui_bmp.o(.text) refers to gui_setpixelindex.o(.text) for LCD_SetPixelIndex
    gui_bmp.o(.text) refers to gui__read.o(.text) for GUI__Read32
    gui_bmp.o(.text) refers to lcdcolor.o(.bss) for LCD__aConvTable
    gui_bmp_serialize.o(.text) refers to lcdinfo0.o(.text) for LCD_GetBitsPerPixel
    gui_bmp_serialize.o(.text) refers to guiindex2color.o(.text) for GUI_Index2Color
    gui_bmp_serialize.o(.text) refers to lcdgetp.o(.text) for LCD_GetPixelIndex
    gui_bmp_serialize.o(.text) refers to lcd_getpixelcolor.o(.text) for LCD_GetPixelColor
    gui_clearrectex.o(.text) refers to guicore.o(.text) for GUI_ClearRect
    gui_color2viscolor.o(.text) refers to lcd.o(.text) for LCD_Color2Index
    gui_color2viscolor.o(.text) refers to gui_calccolordist.o(.text) for GUI_CalcColorDist
    gui_cursorarrowl.o(.constdata) refers to gui_cursorarrowlpx.o(.constdata) for GUI_Pixels_ArrowL
    gui_cursorarrowl.o(.constdata) refers to gui_cursorpal.o(.constdata) for GUI_CursorPal
    gui_cursorarrowli.o(.constdata) refers to gui_cursorarrowlpx.o(.constdata) for GUI_Pixels_ArrowL
    gui_cursorarrowli.o(.constdata) refers to gui_cursorpali.o(.constdata) for GUI_CursorPalI
    gui_cursorarrowm.o(.constdata) refers to gui_cursorarrowmpx.o(.constdata) for GUI_Pixels_ArrowM
    gui_cursorarrowm.o(.constdata) refers to gui_cursorpal.o(.constdata) for GUI_CursorPal
    gui_cursorarrowmi.o(.constdata) refers to gui_cursorarrowmpx.o(.constdata) for GUI_Pixels_ArrowM
    gui_cursorarrowmi.o(.constdata) refers to gui_cursorpali.o(.constdata) for GUI_CursorPalI
    gui_cursorarrows.o(.constdata) refers to gui_cursorarrowspx.o(.constdata) for GUI_Pixels_ArrowS
    gui_cursorarrows.o(.constdata) refers to gui_cursorpal.o(.constdata) for GUI_CursorPal
    gui_cursorarrowsi.o(.constdata) refers to gui_cursorarrowspx.o(.constdata) for GUI_Pixels_ArrowS
    gui_cursorarrowsi.o(.constdata) refers to gui_cursorpali.o(.constdata) for GUI_CursorPalI
    gui_cursorcrossl.o(.constdata) refers to gui_cursorcrosslpx.o(.constdata) for GUI_Pixels_CrossL
    gui_cursorcrossl.o(.constdata) refers to gui_cursorpal.o(.constdata) for GUI_CursorPal
    gui_cursorcrossli.o(.constdata) refers to gui_cursorcrosslpx.o(.constdata) for GUI_Pixels_CrossL
    gui_cursorcrossli.o(.constdata) refers to gui_cursorpali.o(.constdata) for GUI_CursorPalI
    gui_cursorcrossm.o(.constdata) refers to gui_cursorcrossmpx.o(.constdata) for GUI_Pixels_CrossM
    gui_cursorcrossm.o(.constdata) refers to gui_cursorpal.o(.constdata) for GUI_CursorPal
    gui_cursorcrossmi.o(.constdata) refers to gui_cursorcrossmpx.o(.constdata) for GUI_Pixels_CrossM
    gui_cursorcrossmi.o(.constdata) refers to gui_cursorpali.o(.constdata) for GUI_CursorPalI
    gui_cursorcrosss.o(.constdata) refers to gui_cursorcrossspx.o(.constdata) for GUI_Pixels_CrossS
    gui_cursorcrosss.o(.constdata) refers to gui_cursorpal.o(.constdata) for GUI_CursorPal
    gui_cursorcrosssi.o(.constdata) refers to gui_cursorcrossspx.o(.constdata) for GUI_Pixels_CrossS
    gui_cursorcrosssi.o(.constdata) refers to gui_cursorpali.o(.constdata) for GUI_CursorPalI
    gui_cursorheaderm.o(.constdata) refers to gui_cursorheadermpx.o(.constdata) for GUI_PixelsHeaderM
    gui_cursorheaderm.o(.constdata) refers to gui_cursorpal.o(.constdata) for GUI_CursorPal
    gui_cursorheadermi.o(.constdata) refers to gui_cursorheadermpx.o(.constdata) for GUI_PixelsHeaderM
    gui_cursorheadermi.o(.constdata) refers to gui_cursorpali.o(.constdata) for GUI_CursorPalI
    gui_dispbin.o(.text) refers to gui_addbin.o(.text) for GUI_AddBin
    gui_dispbin.o(.text) refers to gui_dispstring.o(.text) for GUI_DispString
    gui_dispbin.o(.text) refers to gui_dispstringat.o(.text) for GUI_DispStringAt
    gui_dispceol.o(.text) refers to guichar.o(.text) for GUI_GetYAdjust
    gui_dispceol.o(.text) refers to guicore.o(.text) for GUI_ClearRect
    gui_dispceol.o(.text) refers to guicore.o(.bss) for GUI_Context
    gui_dispchar.o(.text) refers to guichar.o(.text) for GL_DispChar
    gui_dispchar.o(.text) refers to guicore.o(.bss) for GUI_Context
    gui_dispchars.o(.text) refers to gui_dispchar.o(.text) for GUI_DispChar
    gui_disphex.o(.text) refers to gui_addhex.o(.text) for GUI_AddHex
    gui_disphex.o(.text) refers to gui_dispstring.o(.text) for GUI_DispString
    gui_disphex.o(.text) refers to gui_dispstringat.o(.text) for GUI_DispStringAt
    gui_dispstring.o(.text) refers to guichar.o(.text) for GUI_GetFontDistY
    gui_dispstring.o(.text) refers to guicharline.o(.text) for GUI__GetLineNumChars
    gui_dispstring.o(.text) refers to gui_uc.o(.text) for GUI_UC__NumChars2NumBytes
    gui_dispstring.o(.text) refers to guicore.o(.bss) for GUI_Context
    gui_dispstringat.o(.text) refers to gui_dispstring.o(.text) for GUI_DispString
    gui_dispstringat.o(.text) refers to guicore.o(.bss) for GUI_Context
    gui_dispstringatceol.o(.text) refers to gui_dispstringat.o(.text) for GUI_DispStringAt
    gui_dispstringatceol.o(.text) refers to gui_dispceol.o(.text) for GUI_DispCEOL
    gui_dispstringhcenter.o(.text) refers to gui_settextalign.o(.text) for GUI_SetTextAlign
    gui_dispstringhcenter.o(.text) refers to gui_dispstringat.o(.text) for GUI_DispStringAt
    gui_dispstringhcenter.o(.text) refers to guicore.o(.bss) for GUI_Context
    gui_dispstringinrect.o(.text) refers to gui_getfontsizey.o(.text) for GUI_GetFontSizeY
    gui_dispstringinrect.o(.text) refers to gui_getclientrect.o(.text) for GUI_GetClientRect
    gui_dispstringinrect.o(.text) refers to guicharline.o(.text) for GUI__GetLineNumChars
    gui_dispstringinrect.o(.text) refers to gui_uc.o(.text) for GUI_UC__NumChars2NumBytes
    gui_dispstringinrect.o(.text) refers to gui__handleeoline.o(.text) for GUI__HandleEOLine
    gui_dispstringinrect.o(.text) refers to guichar.o(.text) for GUI_GetFontDistY
    gui_dispstringinrect.o(.text) refers to gui__intersectrects.o(.text) for GUI__IntersectRects
    gui_dispstringinrect.o(.text) refers to lcd_setcliprectex.o(.text) for LCD_SetClipRectEx
    gui_dispstringinrect.o(.text) refers to guicore.o(.bss) for GUI_Context
    gui_dispstringinrectex.o(.text) refers to gui_dispstringinrect.o(.text) for GUI_DispStringInRectMax
    gui_dispstringinrectex.o(.text) refers to gui__intersectrects.o(.text) for GUI__IntersectRects
    gui_dispstringinrectex.o(.text) refers to lcd_setcliprectex.o(.text) for LCD_SetClipRectEx
    gui_dispstringinrectex.o(.text) refers to guicore.o(.data) for GUI_pLCD_APIList
    gui_dispstringinrectex.o(.text) refers to guicore.o(.bss) for GUI_Context
    gui_dispstringinrectex.o(.text) refers to gui_dispstringinrectex.o(.data) for GUI_RectDispString
    gui_dispstringlen.o(.text) refers to gui_dispchar.o(.text) for GUI_DispChar
    gui_dispstringlen.o(.text) refers to gui_uc.o(.text) for GUI_UC__GetCharCodeInc
    gui_drawbitmap.o(.text) refers to gui_setdrawmode.o(.text) for GUI_SetDrawMode
    gui_drawbitmap.o(.text) refers to lcdcolor.o(.text) for LCD_GetpPalConvTable
    gui_drawbitmap.o(.text) refers to lcd.o(.text) for LCD_DrawBitmap
    gui_drawbitmap.o(.text) refers to guicore.o(.bss) for GUI_Context
    gui_drawbitmapex.o(.text) refers to gui__divideround32.o(.text) for GUI__DivideRound32
    gui_drawbitmapex.o(.text) refers to gui_getbitmappixelindex.o(.text) for GUI_GetBitmapPixelIndex
    gui_drawbitmapex.o(.text) refers to lcd.o(.text) for LCD_DrawHLine
    gui_drawbitmapex.o(.text) refers to lcd_l0_generic.o(.text) for LCD_L0_Color2Index
    gui_drawbitmapex.o(.text) refers to gui_getcolor.o(.text) for GUI_GetColor
    gui_drawbitmapex.o(.text) refers to gui_setcolor.o(.text) for GUI_SetColor
    gui_drawbitmapex.o(.text) refers to guicore.o(.bss) for GUI_Context
    gui_drawbitmapexp.o(.text) refers to lcdcolor.o(.text) for LCD_GetpPalConvTable
    gui_drawbitmapexp.o(.text) refers to gui_setdrawmode.o(.text) for GUI_SetDrawMode
    gui_drawbitmapexp.o(.text) refers to lcd.o(.text) for LCD_DrawBitmap
    gui_drawbitmapmag.o(.text) refers to lcdcolor.o(.text) for LCD_GetpPalConvTable
    gui_drawbitmapmag.o(.text) refers to gui_setdrawmode.o(.text) for GUI_SetDrawMode
    gui_drawbitmapmag.o(.text) refers to lcd.o(.text) for LCD_DrawBitmap
    gui_drawbitmapmag.o(.text) refers to guicore.o(.bss) for GUI_Context
    gui_drawfocusrect.o(.text) refers to lcd.o(.text) for LCD_DrawPixel
    gui_drawfocusrect.o(.text) refers to gui__reducerect.o(.text) for GUI__ReduceRect
    gui_drawgraph.o(.text) refers to lcd_drawvline.o(.text) for LCD_DrawVLine
    gui_drawgraph.o(.text) refers to guicore.o(.bss) for GUI_Context
    gui_drawhline.o(.text) refers to lcd.o(.text) for LCD_DrawHLine
    gui_drawpie.o(.text) refers to gui_pen.o(.text) for GUI_GetPenSize
    gui_drawpie.o(.text) refers to guiarc.o(.text) for GL_DrawArc
    gui_drawpixel.o(.text) refers to lcd.o(.text) for LCD_DrawPixel
    gui_drawpolyline.o(.text) refers to gui2dlib.o(.text) for GL_MoveTo
    gui_drawrectex.o(.text) refers to gui2dlib.o(.text) for GUI_DrawRect
    gui_drawvline.o(.text) refers to lcd_drawvline.o(.text) for LCD_DrawVLine
    gui_errorout.o(.text) refers to gui_x.o(.text) for GUI_X_ErrorOut
    gui_errorout.o(.text) refers to gui__memset.o(.text) for GUI__memset
    gui_errorout.o(.text) refers to strlen.o(.text) for strlen
    gui_errorout.o(.text) refers to gui__addspacehex.o(.text) for GUI__AddSpaceHex
    gui_errorout.o(.text) refers to memseta.o(.text) for __aeabi_memclr4
    gui_exec.o(.text) refers to guicore.o(.data) for GUI_pfTimerExec
    gui_fillpolygon.o(.text) refers to lcd.o(.text) for LCD_DrawHLine
    gui_fillpolygon.o(.text) refers to gui_fillpolygon.o(.data) for GL_FP_Cnt
    gui_fillpolygon.o(.text) refers to gui_fillpolygon.o(.bss) for _aX
    gui_fillpolygon.o(.text) refers to guicore.o(.bss) for GUI_Context
    gui_fillrect.o(.text) refers to lcd.o(.text) for LCD_FillRect
    gui_fillrectex.o(.text) refers to gui_fillrect.o(.text) for GUI_FillRect
    gui_getbitmappixelcolor.o(.text) refers to gui_getbitmappixelindex.o(.text) for GUI_GetBitmapPixelIndex
    gui_getclientrect.o(.text) refers to lcdinfo0.o(.text) for LCD_GetXSize
    gui_getcolor.o(.text) refers to lcd_getcolorindex.o(.text) for LCD_GetBkColorIndex
    gui_getcolor.o(.text) refers to lcd.o(.text) for LCD_Index2Color
    gui_getdisppos.o(.text) refers to guicore.o(.bss) for GUI_Context
    gui_getfont.o(.text) refers to guicore.o(.bss) for GUI_Context
    gui_getfontinfo.o(.text) refers to guicore.o(.bss) for GUI_Context
    gui_getfontsizey.o(.text) refers to gui__getfontsizey.o(.text) for GUI__GetFontSizeY
    gui_getlinestyle.o(.text) refers to guicore.o(.bss) for GUI_Context
    gui_getstringdistx.o(.text) refers to gui__strlen.o(.text) for GUI__strlen
    gui_getstringdistx.o(.text) refers to guicharline.o(.text) for GUI__GetLineDistX
    gui_gettextalign.o(.text) refers to guicore.o(.bss) for GUI_Context
    gui_gettextextend.o(.text) refers to gui_uc.o(.text) for GUI_UC__GetCharCodeInc
    gui_gettextextend.o(.text) refers to guichar.o(.text) for GUI_GetCharDistX
    gui_gettextextend.o(.text) refers to gui__getfontsizey.o(.text) for GUI__GetFontSizeY
    gui_gettextextend.o(.text) refers to guicore.o(.bss) for GUI_Context
    gui_gettextmode.o(.text) refers to guicore.o(.bss) for GUI_Context
    gui_getversionstring.o(.text) refers to gui_getversionstring.o(.data) for _acVersion
    gui_goto.o(.text) refers to guicore.o(.bss) for GUI_Context
    gui_initlut.o(.text) refers to lcdcolor.o(.text) for LCD_InitLUT
    gui_invertrect.o(.text) refers to gui_setdrawmode.o(.text) for GUI_SetDrawMode
    gui_invertrect.o(.text) refers to lcd.o(.text) for LCD_FillRect
    gui_isinfont.o(.text) refers to guicore.o(.bss) for GUI_Context
    gui_log.o(.text) refers to gui_x.o(.text) for GUI_X_Log
    gui_log.o(.text) refers to strlen.o(.text) for strlen
    gui_log.o(.text) refers to gui__addspacehex.o(.text) for GUI__AddSpaceHex
    gui_mouse.o(.text) refers to memcmp.o(.text) for memcmp
    gui_mouse.o(.text) refers to gui_pid.o(.text) for GUI_PID_StoreState
    gui_mouse.o(.text) refers to gui_mouse.o(.bss) for _State
    gui_mouse_driverps2.o(.text) refers to gui_mouse.o(.text) for GUI_MOUSE_StoreState
    gui_mouse_driverps2.o(.text) refers to gui_mouse_driverps2.o(.data) for _abInBuffer
    gui_onkey.o(.text) refers to gui_onkey.o(.data) for _Key
    gui_pen.o(.text) refers to guicore.o(.bss) for GUI_Context
    gui_pid.o(.text) refers to memcmp.o(.text) for memcmp
    gui_pid.o(.text) refers to gui_pid.o(.bss) for _State
    gui_savecontext.o(.text) refers to memmovea.o(.text) for __aeabi_memcpy4
    gui_savecontext.o(.text) refers to guicore.o(.bss) for GUI_Context
    gui_selectlayer.o(.text) refers to gui_selectlcd.o(.text) for GUI_SelectLCD
    gui_selectlayer.o(.text) refers to guicore.o(.bss) for GUI_Context
    gui_setcolor.o(.text) refers to lcd.o(.text) for LCD_SetBkColor
    gui_setcolorindex.o(.text) refers to lcd.o(.text) for LCD_SetBkColorIndex
    gui_setcolorindex.o(.text) refers to guicore.o(.bss) for GUI_Context
    gui_setdecchar.o(.text) refers to guicore.o(.data) for GUI_DecChar
    gui_setdefault.o(.text) refers to gui_setcolor.o(.text) for GUI_SetBkColor
    gui_setdefault.o(.text) refers to gui_pen.o(.text) for GUI_SetPenSize
    gui_setdefault.o(.text) refers to gui_settextalign.o(.text) for GUI_SetTextAlign
    gui_setdefault.o(.text) refers to gui_settextmode.o(.text) for GUI_SetTextMode
    gui_setdefault.o(.text) refers to gui_setdrawmode.o(.text) for GUI_SetDrawMode
    gui_setdefault.o(.text) refers to gui_setfont.o(.text) for GUI_SetFont
    gui_setdefault.o(.text) refers to gui_setlinestyle.o(.text) for GUI_SetLineStyle
    gui_setdefault.o(.text) refers to f6x8.o(.constdata) for GUI_Font6x8
    gui_setdrawmode.o(.text) refers to lcd.o(.text) for LCD_SetDrawMode
    gui_setfont.o(.text) refers to guicore.o(.bss) for GUI_Context
    gui_setlborder.o(.text) refers to guicore.o(.bss) for GUI_Context
    gui_setlinestyle.o(.text) refers to guicore.o(.bss) for GUI_Context
    gui_setlutcolorex.o(.text) refers to gui_setlutcolorex.o(.constdata) for _aLutInfo
    gui_setlutcolorex.o(.text) refers to lcd_api.o(.data) for LCD_aAPI
    gui_setlutentry.o(.text) refers to lcd_driver.o(.text) for LCD_L0_SetLUTEntry
    gui_setlutentry.o(.text) refers to lcddummy.o(.text) for LCD_L0_SetLUTEntry
    gui_setorg.o(.text) refers to lcd_driver.o(.text) for LCD_L0_SetOrg
    gui_setorg.o(.text) refers to lcddummy.o(.text) for LCD_L0_SetOrg
    gui_setpixelindex.o(.text) refers to lcd_driver.o(.text) for LCD_L0_SetPixelIndex
    gui_setpixelindex.o(.text) refers to lcddummy.o(.text) for LCD_L0_SetPixelIndex
    gui_setpixelindex.o(.text) refers to guicore.o(.bss) for GUI_Context
    gui_settextalign.o(.text) refers to guicore.o(.bss) for GUI_Context
    gui_settextmode.o(.text) refers to guicore.o(.bss) for GUI_Context
    gui_settextstyle.o(.text) refers to lcd.o(.text) for LCD_DrawHLine
    gui_settextstyle.o(.text) refers to guicore.o(.bss) for GUI_Context
    gui_settextstyle.o(.text) refers to guicore.o(.data) for GUI_pfDispCharStyle
    gui_sif.o(.text) refers to gui__read.o(.text) for GUI__Read32
    gui_sif.o(.text) refers to gui_setfont.o(.text) for GUI_SetFont
    gui_sif_prop.o(.text) refers to gui__read.o(.text) for GUI__Read16
    gui_sif_prop.o(.text) refers to lcd.o(.text) for LCD_SetDrawMode
    gui_sif_prop.o(.text) refers to gui_getcolor.o(.text) for GUI_GetColor
    gui_sif_prop.o(.text) refers to gui_setcolor.o(.text) for GUI_SetColor
    gui_sif_prop.o(.text) refers to guicore.o(.bss) for GUI_Context
    gui_sif_prop.o(.constdata) refers to gui_sif_prop.o(.text) for _GUI_SIF_DispChar
    gui_touch.o(.text) refers to memcmp.o(.text) for memcmp
    gui_touch.o(.text) refers to gui_pid.o(.text) for GUI_PID_StoreState
    gui_touch.o(.text) refers to gui_touch.o(.bss) for _State
    gui_touch_storestate.o(.text) refers to gui_touch.o(.text) for GUI_TOUCH_StoreStateEx
    gui_touch_storestate.o(.text) refers to gui_touch_storestate.o(.bss) for _State
    gui_touch_storeunstable.o(.text) refers to gui_touch_storestate.o(.text) for GUI_TOUCH_StoreState
    gui_touch_storeunstable.o(.text) refers to gui_touch_storeunstable.o(.data) for _x
    gui_uc.o(.text) refers to guicore.o(.bss) for GUI_Context
    gui_uc_dispstring.o(.text) refers to guichar.o(.text) for GUI_GetCharDistX
    gui_uc_dispstring.o(.text) refers to gui_rectsintersect.o(.text) for GUI_RectsIntersect
    gui_uc_dispstring.o(.text) refers to guicore.o(.bss) for GUI_Context
    gui_uc_encodenone.o(.text) refers to gui_uc_encodenone.o(.constdata) for GUI__API_TableNone
    gui_uc_encodenone.o(.text) refers to guicore.o(.bss) for GUI_Context
    gui_uc_encodenone.o(.constdata) refers to gui_uc_encodenone.o(.text) for _GetCharCode
    gui_uc_encodeutf8.o(.text) refers to gui_uc_encodeutf8.o(.constdata) for _API_Table
    gui_uc_encodeutf8.o(.text) refers to guicore.o(.bss) for GUI_Context
    gui_uc_encodeutf8.o(.constdata) refers to gui_uc_encodeutf8.o(.text) for _GetCharCode
    gui_waitevent.o(.text) refers to gui_x.o(.text) for GUI_X_ExecIdle
    gui_waitkey.o(.text) refers to gui_onkey.o(.text) for GUI_GetKey
    gui_waitkey.o(.text) refers to gui_exec.o(.text) for GUI_Exec
    gui_waitkey.o(.text) refers to gui_x.o(.text) for GUI_X_ExecIdle
    gui_warn.o(.text) refers to gui_x.o(.text) for GUI_X_Warn
    gui_warn.o(.text) refers to strlen.o(.text) for strlen
    gui_warn.o(.text) refers to gui__addspacehex.o(.text) for GUI__AddSpaceHex
    gui2dlib.o(.text) refers to lcd.o(.text) for LCD_DrawPixel
    gui2dlib.o(.text) refers to guicirc.o(.text) for GL_FillCircle
    gui2dlib.o(.text) refers to gui2dlib.o(.constdata) for aSin
    gui2dlib.o(.text) refers to guicore.o(.bss) for GUI_Context
    gui2dlib.o(.text) refers to gui_fillpolygon.o(.text) for GL_FillPolygon
    gui2dlib.o(.text) refers to lcd_drawvline.o(.text) for LCD_DrawVLine
    guialloc.o(.text) refers to memmovea.o(.text) for __aeabi_memmove
    guialloc.o(.text) refers to guialloc.o(.bss) for aBlock
    guialloc.o(.text) refers to guialloc.o(.data) for IsInitialized
    guiarc.o(.text) refers to dfltui.o(.text) for __aeabi_ui2d
    guiarc.o(.text) refers to dadd.o(.text) for __aeabi_dadd
    guiarc.o(.text) refers to ddiv.o(.text) for __aeabi_ddiv
    guiarc.o(.text) refers to dflti.o(.text) for __aeabi_i2d
    guiarc.o(.text) refers to d2f.o(.text) for __aeabi_d2f
    guiarc.o(.text) refers to dmul.o(.text) for __aeabi_dmul
    guiarc.o(.text) refers to f2d.o(.text) for __aeabi_f2d
    guiarc.o(.text) refers to sin.o(i.__hardfp_sin) for __hardfp_sin
    guiarc.o(.text) refers to cos.o(i.__hardfp_cos) for __hardfp_cos
    guiarc.o(.text) refers to ceil.o(i.__hardfp_ceil) for __hardfp_ceil
    guiarc.o(.text) refers to dfixi.o(.text) for __aeabi_d2iz
    guiarc.o(.text) refers to floor.o(i.__hardfp_floor) for __hardfp_floor
    guiarc.o(.text) refers to lcd.o(.text) for LCD_DrawHLine
    guiarc.o(.text) refers to guicore.o(.bss) for GUI_Context
    guichar.o(.text) refers to guicore.o(.bss) for GUI_Context
    guichar.o(.text) refers to guicore.o(.data) for GUI_pfDispCharStyle
    guicharline.o(.text) refers to gui_rectsintersect.o(.text) for GUI_RectsIntersect
    guicharline.o(.text) refers to gui_uc.o(.text) for GUI_UC__GetCharCodeInc
    guicharline.o(.text) refers to guichar.o(.text) for GUI_GetCharDistX
    guicharline.o(.text) refers to guicore.o(.bss) for GUI_Context
    guicharline.o(.text) refers to guicore.o(.data) for GUI_pfDispCharStyle
    guicharm.o(.text) refers to lcd.o(.text) for LCD_SetDrawMode
    guicharm.o(.text) refers to guicore.o(.bss) for GUI_Context
    guicharp.o(.text) refers to lcd.o(.text) for LCD_SetDrawMode
    guicharp.o(.text) refers to gui_getcolor.o(.text) for GUI_GetColor
    guicharp.o(.text) refers to gui_setcolor.o(.text) for GUI_SetColor
    guicharp.o(.text) refers to guicore.o(.bss) for GUI_Context
    guicirc.o(.text) refers to lcd.o(.text) for LCD_DrawPixel
    guicirc.o(.text) refers to gui2dlib.o(.text) for GL_DrawLine1
    guicolor2index.o(.text) refers to lcd.o(.text) for LCD_Color2Index
    guicore.o(.text) refers to lcd_l0_generic.o(.text) for LCD_L0_GetRect
    guicore.o(.text) refers to lcd.o(.text) for LCD_SetBkColor
    guicore.o(.text) refers to gui_goto.o(.text) for GUI_GotoXY
    guicore.o(.text) refers to gui_x.o(.text) for GUI_X_Init
    guicore.o(.text) refers to guicore.o(.bss) for GUI_Context
    guicore.o(.text) refers to f6x8.o(.constdata) for GUI_Font6x8
    guicore.o(.text) refers to gui_uc_encodenone.o(.constdata) for GUI__API_TableNone
    guicore.o(.text) refers to guicore.o(.data) for GUI_DecChar
    guiencjs.o(.text) refers to guichar.o(.text) for GUI_GetCharDistX
    guiencjs.o(.constdata) refers to guiencjs.o(.text) for _GetLineDistX_SJIS
    guiindex2color.o(.text) refers to lcd.o(.text) for LCD_Index2Color
    guipolye.o(.text) refers to f2d.o(.text) for __aeabi_f2d
    guipolye.o(.text) refers to dadd.o(.text) for __aeabi_dadd
    guipolye.o(.text) refers to dfixi.o(.text) for __aeabi_d2iz
    guipolye.o(.text) refers to sqrt.o(i.__hardfp_sqrt) for __hardfp_sqrt
    guipolye.o(.text) refers to d2f.o(.text) for __aeabi_d2f
    guipolyr.o(.text) refers to f2d.o(.text) for __aeabi_f2d
    guipolyr.o(.text) refers to cos.o(i.__hardfp_cos) for __hardfp_cos
    guipolyr.o(.text) refers to d2f.o(.text) for __aeabi_d2f
    guipolyr.o(.text) refers to sin.o(i.__hardfp_sin) for __hardfp_sin
    guirealloc.o(.text) refers to guialloc.o(.text) for GUI_ALLOC_AllocNoInit
    guirealloc.o(.text) refers to memmovea.o(.text) for __aeabi_memcpy
    guistream.o(.text) refers to memseta.o(.text) for __aeabi_memclr4
    guistream.o(.text) refers to gui_drawbitmap.o(.text) for GUI_DrawBitmap
    guitime.o(.text) refers to gui_x.o(.text) for GUI_X_GetTime
    guitime.o(.text) refers to gui_exec.o(.text) for GUI_Exec
    guitimer.o(.text) refers to guialloc.o(.text) for GUI_ALLOC_h2p
    guitimer.o(.text) refers to guitime.o(.text) for GUI_GetTime
    guitimer.o(.text) refers to gui_alloc_alloczero.o(.text) for GUI_ALLOC_AllocZero
    guitimer.o(.text) refers to guitimer.o(.data) for hFirstTimer
    guitimer.o(.text) refers to guicore.o(.data) for GUI_pfTimerExec
    guival.o(.text) refers to gui_adddecshift.o(.text) for GUI_AddDecShift
    guival.o(.text) refers to gui_dispstring.o(.text) for GUI_DispString
    guival.o(.text) refers to gui_adddecmin.o(.text) for GUI_AddDecMin
    guival.o(.text) refers to gui_dispstringat.o(.text) for GUI_DispStringAt
    guivalf.o(.text) refers to f2d.o(.text) for __aeabi_f2d
    guivalf.o(.text) refers to dadd.o(.text) for __aeabi_dadd
    guivalf.o(.text) refers to d2f.o(.text) for __aeabi_d2f
    guivalf.o(.text) refers to floor.o(i.__hardfp_floor) for __hardfp_floor
    guivalf.o(.text) refers to guival.o(.text) for GUI_DispSDecShift
    guivalf.o(.text) refers to gui_adddecshift.o(.text) for GUI_Long2Len
    guivalf.o(.text) refers to gui_adddecshift.o(.constdata) for GUI_Pow10
    lcd.o(.text) refers to lcd_driver.o(.text) for LCD_L0_XorPixel
    lcd.o(.text) refers to lcddummy.o(.text) for LCD_L0_XorPixel
    lcd.o(.text) refers to lcd_l0_generic.o(.text) for LCD_L0_GetRect
    lcd.o(.text) refers to lcdcolor.o(.text) for LCD_InitLUT
    lcd.o(.text) refers to guicore.o(.bss) for GUI_Context
    lcd.o(.text) refers to guicore.o(.data) for GUI_pLCD_APIList
    lcd_api.o(.constdata) refers to lcd_l0_generic.o(.text) for LCD_L0_Color2Index
    lcd_api.o(.constdata) refers to lcd_driver.o(.text) for LCD_L0_DrawBitmap
    lcd_api.o(.constdata) refers to lcddummy.o(.text) for LCD_L0_DrawBitmap
    lcd_api.o(.data) refers to lcd_api.o(.constdata) for LCD_L0_APIList
    lcd_drawbitmap_565.o(.text) refers to lcd_getcolorindex.o(.text) for LCD_GetColorIndex
    lcd_drawbitmap_565.o(.text) refers to lcd_getex.o(.text) for LCD_GetFixedPaletteEx
    lcd_drawbitmap_565.o(.text) refers to lcd.o(.text) for LCD_DrawBitmap
    lcd_drawbitmap_565.o(.text) refers to lcdp565_index2color.o(.text) for LCD_Index2Color_565
    lcd_drawbitmap_565.o(.text) refers to lcd_driver.o(.text) for LCD_L0_SetPixelIndex
    lcd_drawbitmap_565.o(.text) refers to lcddummy.o(.text) for LCD_L0_SetPixelIndex
    lcd_drawbitmap_565.o(.text) refers to gui_setcolorindex.o(.text) for GUI_SetColorIndex
    lcd_drawbitmap_565.o(.text) refers to guicore.o(.bss) for GUI_Context
    lcd_drawbitmap_565.o(.constdata) refers to lcd_drawbitmap_565.o(.text) for _DrawBitmap_565
    lcd_drawbitmap_565.o(.constdata) refers to lcdp565_index2color.o(.text) for LCD_Index2Color_565
    lcd_drawbitmap_m565.o(.text) refers to lcd_getcolorindex.o(.text) for LCD_GetColorIndex
    lcd_drawbitmap_m565.o(.text) refers to lcd_getex.o(.text) for LCD_GetFixedPaletteEx
    lcd_drawbitmap_m565.o(.text) refers to lcd.o(.text) for LCD_DrawBitmap
    lcd_drawbitmap_m565.o(.text) refers to lcdpm565_index2color.o(.text) for LCD_Index2Color_M565
    lcd_drawbitmap_m565.o(.text) refers to lcd_driver.o(.text) for LCD_L0_SetPixelIndex
    lcd_drawbitmap_m565.o(.text) refers to lcddummy.o(.text) for LCD_L0_SetPixelIndex
    lcd_drawbitmap_m565.o(.text) refers to gui_setcolorindex.o(.text) for GUI_SetColorIndex
    lcd_drawbitmap_m565.o(.text) refers to guicore.o(.bss) for GUI_Context
    lcd_drawbitmap_m565.o(.constdata) refers to lcd_drawbitmap_m565.o(.text) for _DrawBitmap_M565
    lcd_drawbitmap_m565.o(.constdata) refers to lcdpm565_index2color.o(.text) for LCD_Index2Color_M565
    lcd_drawvline.o(.text) refers to lcd_driver.o(.text) for LCD_L0_DrawVLine
    lcd_drawvline.o(.text) refers to lcddummy.o(.text) for LCD_L0_DrawVLine
    lcd_drawvline.o(.text) refers to guicore.o(.bss) for GUI_Context
    lcd_getcolorindex.o(.text) refers to guicore.o(.bss) for GUI_Context
    lcd_getpixelcolor.o(.text) refers to lcdgetp.o(.text) for LCD_GetPixelIndex
    lcd_getpixelcolor.o(.text) refers to lcd.o(.text) for LCD_Index2Color
    lcd_index2colorex.o(.text) refers to lcd.o(.text) for LCD_Index2Color
    lcd_l0_generic.o(.text) refers to lcdpm565.o(.text) for LCD_Color2Index_M565
    lcd_l0_generic.o(.text) refers to lcdpm565_index2color.o(.text) for LCD_Index2Color_M565
    lcd_rotate180.o(.text) refers to lcd_driver.o(.text) for LCD_L0_SetPixelIndex
    lcd_rotate180.o(.text) refers to lcddummy.o(.text) for LCD_L0_SetPixelIndex
    lcd_rotate180.o(.text) refers to gui_getclientrect.o(.text) for GUI_GetClientRect
    lcd_rotate180.o(.text) refers to lcdinfo0.o(.text) for LCD_GetXSize
    lcd_rotate180.o(.text) refers to lcd.o(.text) for LCD_FillRect
    lcd_rotate180.o(.text) refers to guicore.o(.bss) for GUI_Context
    lcd_rotate180.o(.text) refers to gui_dispstringinrectex.o(.data) for GUI_RectDispString
    lcd_rotate180.o(.data) refers to lcd_rotate180.o(.text) for _DrawBitmap180
    lcd_rotateccw.o(.text) refers to lcd_driver.o(.text) for LCD_L0_SetPixelIndex
    lcd_rotateccw.o(.text) refers to lcddummy.o(.text) for LCD_L0_SetPixelIndex
    lcd_rotateccw.o(.text) refers to gui_getclientrect.o(.text) for GUI_GetClientRect
    lcd_rotateccw.o(.text) refers to lcdinfo0.o(.text) for LCD_GetXSize
    lcd_rotateccw.o(.text) refers to lcd.o(.text) for LCD_FillRect
    lcd_rotateccw.o(.text) refers to guicore.o(.bss) for GUI_Context
    lcd_rotateccw.o(.text) refers to gui_dispstringinrectex.o(.data) for GUI_RectDispString
    lcd_rotateccw.o(.data) refers to lcd_rotateccw.o(.text) for _DrawBitmapCCW
    lcd_rotatecw.o(.text) refers to lcd_driver.o(.text) for LCD_L0_SetPixelIndex
    lcd_rotatecw.o(.text) refers to lcddummy.o(.text) for LCD_L0_SetPixelIndex
    lcd_rotatecw.o(.text) refers to gui_getclientrect.o(.text) for GUI_GetClientRect
    lcd_rotatecw.o(.text) refers to lcdinfo0.o(.text) for LCD_GetXSize
    lcd_rotatecw.o(.text) refers to lcd.o(.text) for LCD_FillRect
    lcd_rotatecw.o(.text) refers to guicore.o(.bss) for GUI_Context
    lcd_rotatecw.o(.text) refers to gui_dispstringinrectex.o(.data) for GUI_RectDispString
    lcd_rotatecw.o(.data) refers to lcd_rotatecw.o(.text) for _DrawBitmapCW
    lcd_selectlcd.o(.text) refers to lcd.o(.text) for LCD_SetClipRectMax
    lcd_selectlcd.o(.text) refers to guicore.o(.bss) for GUI_Context
    lcd_setcliprectex.o(.text) refers to lcd_l0_generic.o(.text) for LCD_L0_GetRect
    lcd_setcliprectex.o(.text) refers to gui__intersectrects.o(.text) for GUI__IntersectRects
    lcd_setcliprectex.o(.text) refers to guicore.o(.bss) for GUI_Context
    lcd_updatecolorindices.o(.text) refers to lcd.o(.text) for LCD_Color2Index
    lcd_updatecolorindices.o(.text) refers to guicore.o(.bss) for GUI_Context
    lcdaa.o(.text) refers to lcd_driver.o(.text) for LCD_L0_SetPixelIndex
    lcdaa.o(.text) refers to lcddummy.o(.text) for LCD_L0_SetPixelIndex
    lcdaa.o(.text) refers to lcd.o(.text) for LCD_Index2Color
    lcdaa.o(.text) refers to lcd_getpixelcolor.o(.text) for LCD_GetPixelColor
    lcdaa.o(.text) refers to guicore.o(.bss) for GUI_Context
    lcdcolor.o(.text) refers to lcd.o(.text) for LCD_Color2Index
    lcdcolor.o(.text) refers to lcdcolor.o(.bss) for LCD__aConvTable
    lcdgetp.o(.text) refers to lcd_l0_generic.o(.text) for LCD_L0_GetRect
    lcdgetp.o(.text) refers to lcd_driver.o(.text) for LCD_L0_GetPixelIndex
    lcdgetp.o(.text) refers to lcddummy.o(.text) for LCD_L0_GetPixelIndex
    lcdinfo.o(.text) refers to lcdinfo0.o(.text) for LCD_GetXSize
    lcdinfo.o(.text) refers to lcd.o(.text) for LCD_Index2Color
    lcdrle4.o(.text) refers to lcdcolor.o(.text) for LCD_GetpPalConvTable
    lcdrle4.o(.text) refers to lcd.o(.text) for LCD_SetColorIndex
    lcdrle4.o(.text) refers to gui_setpixelindex.o(.text) for LCD_SetPixelIndex
    lcdrle4.o(.text) refers to guicore.o(.bss) for GUI_Context
    lcdrle4.o(.constdata) refers to lcdrle4.o(.text) for _DrawBitmap_RLE4
    lcdrle8.o(.text) refers to lcdcolor.o(.text) for LCD_GetpPalConvTable
    lcdrle8.o(.text) refers to lcd.o(.text) for LCD_FillRect
    lcdrle8.o(.text) refers to lcd_driver.o(.text) for LCD_L0_SetPixelIndex
    lcdrle8.o(.text) refers to lcddummy.o(.text) for LCD_L0_SetPixelIndex
    lcdrle8.o(.text) refers to guicore.o(.bss) for GUI_Context
    lcdrle8.o(.text) refers to lcdrle8.o(.bss) for Cache
    lcdrle8.o(.constdata) refers to lcdrle8.o(.text) for _DrawBitmap_RLE8
    f4x6.o(.constdata) refers to guicharm.o(.text) for GUIMONO_DispChar
    f6x8.o(.constdata) refers to guicharm.o(.text) for GUIMONO_DispChar
    f08_1.o(.constdata) refers to f08_ascii.o(.constdata) for GUI_Font8ASCII_Prop
    f08_1.o(.constdata) refers to guicharp.o(.text) for GUIPROP_DispChar
    f08_ascii.o(.constdata) refers to guicharp.o(.text) for GUIPROP_DispChar
    f8x8.o(.constdata) refers to guicharm.o(.text) for GUIMONO_DispChar
    f8x10_ascii.o(.constdata) refers to guicharp.o(.text) for GUIPROP_DispChar
    f8x12_ascii.o(.constdata) refers to guicharp.o(.text) for GUIPROP_DispChar
    f8x13_1.o(.constdata) refers to f8x13_ascii.o(.constdata) for GUI_CharInfoF8x13_ASCII
    f8x13_1.o(.constdata) refers to guicharp.o(.text) for GUIPROP_DispChar
    f8x13_ascii.o(.constdata) refers to guicharp.o(.text) for GUIPROP_DispChar
    f8x15b_1.o(.constdata) refers to f8x15b_ascii.o(.constdata) for GUI_CharInfoF8x15B_ASCII
    f8x15b_1.o(.constdata) refers to guicharp.o(.text) for GUIPROP_DispChar
    f8x15b_ascii.o(.constdata) refers to guicharp.o(.text) for GUIPROP_DispChar
    f8x16.o(.constdata) refers to guicharm.o(.text) for GUIMONO_DispChar
    f10_1.o(.constdata) refers to f10_ascii.o(.constdata) for GUI_Font10ASCIIProp1
    f10_1.o(.constdata) refers to guicharp.o(.text) for GUIPROP_DispChar
    f10_ascii.o(.constdata) refers to guicharp.o(.text) for GUIPROP_DispChar
    f10s_1.o(.constdata) refers to f10s_ascii.o(.constdata) for GUI_Font10S_ASCII_FontProp1
    f10s_1.o(.constdata) refers to guicharp.o(.text) for GUIPROP_DispChar
    f10s_ascii.o(.constdata) refers to guicharp.o(.text) for GUIPROP_DispChar
    f13_1.o(.constdata) refers to f13_ascii.o(.constdata) for GUI_Font13ASCII_Prop1
    f13_1.o(.constdata) refers to guicharp.o(.text) for GUIPROP_DispChar
    f13_ascii.o(.constdata) refers to guicharp.o(.text) for GUIPROP_DispChar
    f13b_1.o(.constdata) refers to f13b_ascii.o(.constdata) for GUI_Font13B_ASCII_Prop1
    f13b_1.o(.constdata) refers to guicharp.o(.text) for GUIPROP_DispChar
    f13b_ascii.o(.constdata) refers to guicharp.o(.text) for GUIPROP_DispChar
    f13h_1.o(.constdata) refers to f13h_ascii.o(.constdata) for GUI_Font13H_ASCII_CharInfo
    f13h_1.o(.constdata) refers to guicharp.o(.text) for GUIPROP_DispChar
    f13h_ascii.o(.constdata) refers to guicharp.o(.text) for GUIPROP_DispChar
    f13hb_1.o(.constdata) refers to f13hb_ascii.o(.constdata) for GUI_Font13HB_ASCII_CharInfo
    f13hb_1.o(.constdata) refers to guicharp.o(.text) for GUIPROP_DispChar
    f13hb_ascii.o(.constdata) refers to guicharp.o(.text) for GUIPROP_DispChar
    f16_1.o(.constdata) refers to f16_ascii.o(.constdata) for GUI_Font16ASCIIProp1
    f16_1.o(.constdata) refers to guicharp.o(.text) for GUIPROP_DispChar
    f16_1hk.o(.constdata) refers to f16_hk.o(.constdata) for GUI_Font16_HK_CharInfo
    f16_1hk.o(.constdata) refers to f16_1.o(.constdata) for GUI_Font16_1_FontProp1
    f16_1hk.o(.constdata) refers to guicharp.o(.text) for GUIPROP_DispChar
    f16_ascii.o(.constdata) refers to guicharp.o(.text) for GUIPROP_DispChar
    f16_hk.o(.constdata) refers to guicharp.o(.text) for GUIPROP_DispChar
    f16b_1.o(.constdata) refers to f16b_ascii.o(.constdata) for GUI_Font16B_ASCII_CharInfo
    f16b_1.o(.constdata) refers to guicharp.o(.text) for GUIPROP_DispChar
    f16b_ascii.o(.constdata) refers to guicharp.o(.text) for GUIPROP_DispChar
    f24_1.o(.constdata) refers to f24_ascii.o(.constdata) for GUI_Font24_ASCII_CharInfo
    f24_1.o(.constdata) refers to guicharp.o(.text) for GUIPROP_DispChar
    f24_ascii.o(.constdata) refers to guicharp.o(.text) for GUIPROP_DispChar
    f24b_1.o(.constdata) refers to f24b_ascii.o(.constdata) for GUI_Font24B_ASCII_CharInfo
    f24b_1.o(.constdata) refers to guicharp.o(.text) for GUIPROP_DispChar
    f24b_ascii.o(.constdata) refers to guicharp.o(.text) for GUIPROP_DispChar
    f32_1.o(.constdata) refers to f32_ascii.o(.constdata) for GUI_Font32_ASCII_CharInfo
    f32_1.o(.constdata) refers to guicharp.o(.text) for GUIPROP_DispChar
    f32_ascii.o(.constdata) refers to guicharp.o(.text) for GUIPROP_DispChar
    f32b_1.o(.constdata) refers to f32b_ascii.o(.constdata) for GUI_Font32B_ASCII_CharInfo
    f32b_1.o(.constdata) refers to guicharp.o(.text) for GUIPROP_DispChar
    f32b_ascii.o(.constdata) refers to guicharp.o(.text) for GUIPROP_DispChar
    fcomic18b_1.o(.constdata) refers to fcomic18b_ascii.o(.constdata) for CharInfo18B_ASCII
    fcomic18b_1.o(.constdata) refers to guicharp.o(.text) for GUIPROP_DispChar
    fcomic18b_ascii.o(.constdata) refers to guicharp.o(.text) for GUIPROP_DispChar
    fcomic24b_1.o(.constdata) refers to fcomic24b_ascii.o(.constdata) for CharInfo24B_ASCII
    fcomic24b_1.o(.constdata) refers to guicharp.o(.text) for GUIPROP_DispChar
    fcomic24b_ascii.o(.constdata) refers to guicharp.o(.text) for GUIPROP_DispChar
    fd24x32.o(.constdata) refers to guicharm.o(.text) for GUIMONO_DispChar
    fd32.o(.constdata) refers to guicharp.o(.text) for GUIPROP_DispChar
    fd36x48.o(.constdata) refers to guicharp.o(.text) for GUIPROP_DispChar
    fd48.o(.constdata) refers to guicharp.o(.text) for GUIPROP_DispChar
    fd48x64.o(.constdata) refers to guicharp.o(.text) for GUIPROP_DispChar
    fd60x80.o(.constdata) refers to guicharp.o(.text) for GUIPROP_DispChar
    fd64.o(.constdata) refers to guicharp.o(.text) for GUIPROP_DispChar
    fd80.o(.constdata) refers to guicharp.o(.text) for GUIPROP_DispChar
    gui_x.o(.text) refers to gui_x.o(.data) for OS_TimeMS
    gui_jpeg.o(.text) refers to malloc.o(i.malloc) for malloc
    gui_jpeg.o(.text) refers to malloc.o(i.free) for free
    gui_jpeg.o(.text) refers to jerror.o(.text) for jpeg_std_error
    gui_jpeg.o(.text) refers to jerror_1.o(.text) for jpeg_std_error
    gui_jpeg.o(.text) refers to jdapimin.o(.text) for jpeg_CreateDecompress
    gui_jpeg.o(.text) refers to jdapimin_1.o(.text) for jpeg_CreateDecompress
    gui_jpeg.o(.text) refers to lcd.o(.text) for LCD_SetColor
    gui_jpeg.o(.text) refers to jdapistd.o(.text) for jpeg_start_decompress
    gui_jpeg.o(.text) refers to jdapistd_1.o(.text) for jpeg_start_decompress
    gui_jpeg.o(.text) refers to guialloc.o(.text) for GUI_ALLOC_AllocNoInit
    gui_jpeg.o(.text) refers to gui_jpeg.o(.constdata) for _abEnd
    gui_jpeg.o(.text) refers to jdmarker.o(.text) for jpeg_resync_to_restart
    gui_jpeg.o(.text) refers to jdmarker_1.o(.text) for jpeg_resync_to_restart
    gui_jpeg.o(.text) refers to gui_jpeg.o(.data) for AllocCnt
    jdapimin_1.o(.text) refers to memseta.o(.text) for __aeabi_memclr4
    jdapimin_1.o(.text) refers to jmemmgr.o(.text) for jinit_memory_mgr
    jdapimin_1.o(.text) refers to jmemmgr_1.o(.text) for jinit_memory_mgr
    jdapimin_1.o(.text) refers to jdmarker.o(.text) for jinit_marker_reader
    jdapimin_1.o(.text) refers to jdmarker_1.o(.text) for jinit_marker_reader
    jdapimin_1.o(.text) refers to jdinput.o(.text) for jinit_input_controller
    jdapimin_1.o(.text) refers to jdinput_1.o(.text) for jinit_input_controller
    jdapimin_1.o(.text) refers to jcomapi.o(.text) for jpeg_destroy
    jdapimin_1.o(.text) refers to jcomapi_1.o(.text) for jpeg_destroy
    jdapimin_1.o(.text) refers to jdapimin.o(.text) for jpeg_consume_input
    jdapistd_1.o(.text) refers to jdmaster.o(.text) for jinit_master_decompress
    jdapistd_1.o(.text) refers to jdmaster_1.o(.text) for jinit_master_decompress
    jdcoefct_1.o(.text) refers to jutils_1.o(.text) for jzero_far
    jdcoefct_1.o(.text) refers to jutils.o(.text) for jround_up
    jdcolor_1.o(.text) refers to jutils.o(.text) for jcopy_sample_rows
    jdcolor_1.o(.text) refers to jutils_1.o(.text) for jcopy_sample_rows
    jddctmgr_1.o(.text) refers to memseta.o(.text) for __aeabi_memclr
    jddctmgr_1.o(.text) refers to jidctint.o(.text) for jpeg_idct_islow
    jddctmgr_1.o(.text) refers to jidctint_1.o(.text) for jpeg_idct_islow
    jddctmgr_1.o(.text) refers to jidctfst.o(.text) for jpeg_idct_ifast
    jddctmgr_1.o(.text) refers to jidctfst_1.o(.text) for jpeg_idct_ifast
    jddctmgr_1.o(.text) refers to jddctmgr_1.o(.constdata) for aanscales
    jdhuff_1.o(.text) refers to memseta.o(.text) for __aeabi_memclr4
    jdhuff_1.o(.text) refers to jdhuff_1.o(.constdata) for extend_test
    jdhuff_1.o(.text) refers to jutils.o(.constdata) for jpeg_natural_order
    jdhuff_1.o(.text) refers to jutils_1.o(.constdata) for jpeg_natural_order
    jdinput_1.o(.text) refers to jutils.o(.text) for jdiv_round_up
    jdinput_1.o(.text) refers to jutils_1.o(.text) for jdiv_round_up
    jdinput_1.o(.text) refers to memmovea.o(.text) for __aeabi_memcpy4
    jdmarker_1.o(.text) refers to jcomapi.o(.text) for jpeg_alloc_huff_table
    jdmarker_1.o(.text) refers to jcomapi_1.o(.text) for jpeg_alloc_huff_table
    jdmarker_1.o(.text) refers to memmovea.o(.text) for __aeabi_memcpy4
    jdmarker_1.o(.text) refers to jutils.o(.constdata) for jpeg_natural_order
    jdmarker_1.o(.text) refers to jutils_1.o(.constdata) for jpeg_natural_order
    jdmaster_1.o(.text) refers to memseta.o(.text) for __aeabi_memclr
    jdmaster_1.o(.text) refers to memmovea.o(.text) for __aeabi_memcpy
    jdmaster_1.o(.text) refers to jdmaster.o(.text) for jpeg_calc_output_dimensions
    jdmaster_1.o(.text) refers to jquant1.o(.text) for jinit_1pass_quantizer
    jdmaster_1.o(.text) refers to jquant1_1.o(.text) for jinit_1pass_quantizer
    jdmaster_1.o(.text) refers to jquant2.o(.text) for jinit_2pass_quantizer
    jdmaster_1.o(.text) refers to jquant2_1.o(.text) for jinit_2pass_quantizer
    jdmaster_1.o(.text) refers to jdmerge.o(.text) for jinit_merged_upsampler
    jdmaster_1.o(.text) refers to jdmerge_1.o(.text) for jinit_merged_upsampler
    jdmaster_1.o(.text) refers to jdcolor.o(.text) for jinit_color_deconverter
    jdmaster_1.o(.text) refers to jdcolor_1.o(.text) for jinit_color_deconverter
    jdmaster_1.o(.text) refers to jdsample.o(.text) for jinit_upsampler
    jdmaster_1.o(.text) refers to jdsample_1.o(.text) for jinit_upsampler
    jdmaster_1.o(.text) refers to jdpostct.o(.text) for jinit_d_post_controller
    jdmaster_1.o(.text) refers to jdpostct_1.o(.text) for jinit_d_post_controller
    jdmaster_1.o(.text) refers to jddctmgr.o(.text) for jinit_inverse_dct
    jdmaster_1.o(.text) refers to jddctmgr_1.o(.text) for jinit_inverse_dct
    jdmaster_1.o(.text) refers to jdphuff.o(.text) for jinit_phuff_decoder
    jdmaster_1.o(.text) refers to jdhuff.o(.text) for jinit_huff_decoder
    jdmaster_1.o(.text) refers to jdhuff_1.o(.text) for jinit_huff_decoder
    jdmaster_1.o(.text) refers to jdcoefct.o(.text) for jinit_d_coef_controller
    jdmaster_1.o(.text) refers to jdcoefct_1.o(.text) for jinit_d_coef_controller
    jdmaster_1.o(.text) refers to jdmainct.o(.text) for jinit_d_main_controller
    jdmaster_1.o(.text) refers to jdmainct_1.o(.text) for jinit_d_main_controller
    jdmerge_1.o(.text) refers to jutils.o(.text) for jcopy_sample_rows
    jdmerge_1.o(.text) refers to jutils_1.o(.text) for jcopy_sample_rows
    jdphuff.o(.text) refers to jdhuff_1.o(.text) for jpeg_fill_bit_buffer
    jdphuff.o(.text) refers to jutils.o(.constdata) for jpeg_natural_order
    jdphuff.o(.text) refers to jutils_1.o(.constdata) for jpeg_natural_order
    jdphuff.o(.text) refers to jdphuff.o(.constdata) for extend_test
    jdphuff.o(.text) refers to memmovea.o(.text) for __aeabi_memcpy4
    jdpostct_1.o(.text) refers to jutils.o(.text) for jround_up
    jdpostct_1.o(.text) refers to jutils_1.o(.text) for jround_up
    jdsample_1.o(.text) refers to jutils.o(.text) for jcopy_sample_rows
    jdsample_1.o(.text) refers to jutils_1.o(.text) for jcopy_sample_rows
    jdtrans.o(.text) refers to jdphuff.o(.text) for jinit_phuff_decoder
    jdtrans.o(.text) refers to jdhuff.o(.text) for jinit_huff_decoder
    jdtrans.o(.text) refers to jdhuff_1.o(.text) for jinit_huff_decoder
    jdtrans.o(.text) refers to jdcoefct.o(.text) for jinit_d_coef_controller
    jdtrans.o(.text) refers to jdcoefct_1.o(.text) for jinit_d_coef_controller
    jerror_1.o(.text) refers to jcomapi.o(.text) for jpeg_destroy
    jerror_1.o(.text) refers to jcomapi_1.o(.text) for jpeg_destroy
    jerror_1.o(.text) refers to printf8.o(i.__0sprintf$8) for __2sprintf
    jerror_1.o(.text) refers to jerror.o(.constdata) for jpeg_std_message_table
    jerror_1.o(.text) refers to jerror_1.o(.constdata) for jpeg_std_message_table
    jerror_1.o(.constdata) refers to jerror_1.o(.conststring) for .conststring
    jmemmgr_1.o(.text) refers to jmemnobs.o(.text) for jpeg_get_small
    jmemmgr_1.o(.text) refers to gui_jpeg.o(.text) for jpeg_get_small
    jmemmgr_1.o(.text) refers to jmemmgr_1.o(.constdata) for first_pool_slop
    jmemmgr_1.o(.text) refers to jutils_1.o(.text) for jzero_far
    jquant1_1.o(.text) refers to jquant1_1.o(.constdata) for RGB_order
    jquant1_1.o(.text) refers to jutils_1.o(.text) for jzero_far
    jquant2_1.o(.text) refers to jutils_1.o(.text) for jzero_far
    jutils_1.o(.text) refers to memmovea.o(.text) for __aeabi_memcpy
    jutils_1.o(.text) refers to memseta.o(.text) for __aeabi_memclr
    lcd_driver.o(.text) refers to stm32lcd.o(.text) for LCD_ReadPoint
    lcd_driver.o(.text) refers to lcddummy.o(.text) for LCD_L0_XorPixel
    lcd_driver.o(.text) refers to guicore.o(.bss) for GUI_Context
    lcd_driver.o(.text) refers to stm32lcd.o(.data) for POINT_COLOR
    lcddummy.o(.text) refers to stm32lcd.o(.text) for LCD_ReadPoint
    lcddummy.o(.text) refers to lcd_driver.o(.text) for LCD_L0_SetPixelIndex
    lcddummy.o(.text) refers to guicore.o(.bss) for GUI_Context
    ceil.o(i.__hardfp_ceil) refers (Special) to iusefp.o(.text) for __I$use$fp
    ceil.o(i.__hardfp_ceil) refers to dadd.o(.text) for __aeabi_dadd
    ceil.o(i.__hardfp_ceil) refers to cdrcmple.o(.text) for __aeabi_cdrcmple
    ceil.o(i.__softfp_ceil) refers (Special) to iusefp.o(.text) for __I$use$fp
    ceil.o(i.__softfp_ceil) refers to ceil.o(i.__hardfp_ceil) for __hardfp_ceil
    ceil.o(i.ceil) refers (Special) to iusefp.o(.text) for __I$use$fp
    ceil.o(i.ceil) refers to ceil.o(i.__hardfp_ceil) for __hardfp_ceil
    cos.o(i.__hardfp_cos) refers (Special) to iusefp.o(.text) for __I$use$fp
    cos.o(i.__hardfp_cos) refers to errno.o(i.__set_errno) for __set_errno
    cos.o(i.__hardfp_cos) refers to dunder.o(i.__mathlib_dbl_invalid) for __mathlib_dbl_invalid
    cos.o(i.__hardfp_cos) refers to dunder.o(i.__mathlib_dbl_infnan) for __mathlib_dbl_infnan
    cos.o(i.__hardfp_cos) refers to rred.o(i.__ieee754_rem_pio2) for __ieee754_rem_pio2
    cos.o(i.__hardfp_cos) refers to sin_i.o(i.__kernel_sin) for __kernel_sin
    cos.o(i.__hardfp_cos) refers to cos_i.o(i.__kernel_cos) for __kernel_cos
    cos.o(i.__softfp_cos) refers (Special) to iusefp.o(.text) for __I$use$fp
    cos.o(i.__softfp_cos) refers to cos.o(i.__hardfp_cos) for __hardfp_cos
    cos.o(i.cos) refers (Special) to iusefp.o(.text) for __I$use$fp
    cos.o(i.cos) refers to cos.o(i.__hardfp_cos) for __hardfp_cos
    cos_x.o(i.____hardfp_cos$lsc) refers (Special) to iusefp.o(.text) for __I$use$fp
    cos_x.o(i.____hardfp_cos$lsc) refers to errno.o(i.__set_errno) for __set_errno
    cos_x.o(i.____hardfp_cos$lsc) refers to dunder.o(i.__mathlib_dbl_infnan) for __mathlib_dbl_infnan
    cos_x.o(i.____hardfp_cos$lsc) refers to rred.o(i.__ieee754_rem_pio2) for __ieee754_rem_pio2
    cos_x.o(i.____hardfp_cos$lsc) refers to sin_i.o(i.__kernel_sin) for __kernel_sin
    cos_x.o(i.____hardfp_cos$lsc) refers to cos_i.o(i.__kernel_cos) for __kernel_cos
    cos_x.o(i.____softfp_cos$lsc) refers (Special) to iusefp.o(.text) for __I$use$fp
    cos_x.o(i.____softfp_cos$lsc) refers to cos_x.o(i.____hardfp_cos$lsc) for ____hardfp_cos$lsc
    cos_x.o(i.__cos$lsc) refers (Special) to iusefp.o(.text) for __I$use$fp
    cos_x.o(i.__cos$lsc) refers to cos_x.o(i.____hardfp_cos$lsc) for ____hardfp_cos$lsc
    floor.o(i.__hardfp_floor) refers (Special) to iusefp.o(.text) for __I$use$fp
    floor.o(i.__hardfp_floor) refers to dadd.o(.text) for __aeabi_dadd
    floor.o(i.__hardfp_floor) refers to cdrcmple.o(.text) for __aeabi_cdrcmple
    floor.o(i.__softfp_floor) refers (Special) to iusefp.o(.text) for __I$use$fp
    floor.o(i.__softfp_floor) refers to floor.o(i.__hardfp_floor) for __hardfp_floor
    floor.o(i.floor) refers (Special) to iusefp.o(.text) for __I$use$fp
    floor.o(i.floor) refers to floor.o(i.__hardfp_floor) for __hardfp_floor
    sin.o(i.__hardfp_sin) refers (Special) to iusefp.o(.text) for __I$use$fp
    sin.o(i.__hardfp_sin) refers to errno.o(i.__set_errno) for __set_errno
    sin.o(i.__hardfp_sin) refers to dunder.o(i.__mathlib_dbl_invalid) for __mathlib_dbl_invalid
    sin.o(i.__hardfp_sin) refers to dunder.o(i.__mathlib_dbl_infnan) for __mathlib_dbl_infnan
    sin.o(i.__hardfp_sin) refers to rred.o(i.__ieee754_rem_pio2) for __ieee754_rem_pio2
    sin.o(i.__hardfp_sin) refers to cos_i.o(i.__kernel_cos) for __kernel_cos
    sin.o(i.__hardfp_sin) refers to sin_i.o(i.__kernel_sin) for __kernel_sin
    sin.o(i.__softfp_sin) refers (Special) to iusefp.o(.text) for __I$use$fp
    sin.o(i.__softfp_sin) refers to sin.o(i.__hardfp_sin) for __hardfp_sin
    sin.o(i.sin) refers (Special) to iusefp.o(.text) for __I$use$fp
    sin.o(i.sin) refers to sin.o(i.__hardfp_sin) for __hardfp_sin
    sin_x.o(i.____hardfp_sin$lsc) refers (Special) to iusefp.o(.text) for __I$use$fp
    sin_x.o(i.____hardfp_sin$lsc) refers to errno.o(i.__set_errno) for __set_errno
    sin_x.o(i.____hardfp_sin$lsc) refers to dunder.o(i.__mathlib_dbl_infnan) for __mathlib_dbl_infnan
    sin_x.o(i.____hardfp_sin$lsc) refers to rred.o(i.__ieee754_rem_pio2) for __ieee754_rem_pio2
    sin_x.o(i.____hardfp_sin$lsc) refers to cos_i.o(i.__kernel_cos) for __kernel_cos
    sin_x.o(i.____hardfp_sin$lsc) refers to sin_i.o(i.__kernel_sin) for __kernel_sin
    sin_x.o(i.____softfp_sin$lsc) refers (Special) to iusefp.o(.text) for __I$use$fp
    sin_x.o(i.____softfp_sin$lsc) refers to sin_x.o(i.____hardfp_sin$lsc) for ____hardfp_sin$lsc
    sin_x.o(i.__sin$lsc) refers (Special) to iusefp.o(.text) for __I$use$fp
    sin_x.o(i.__sin$lsc) refers to sin_x.o(i.____hardfp_sin$lsc) for ____hardfp_sin$lsc
    sqrt.o(i.__hardfp_sqrt) refers (Special) to iusefp.o(.text) for __I$use$fp
    sqrt.o(i.__hardfp_sqrt) refers to dsqrt.o(.text) for _dsqrt
    sqrt.o(i.__hardfp_sqrt) refers to errno.o(i.__set_errno) for __set_errno
    sqrt.o(i.__softfp_sqrt) refers (Special) to iusefp.o(.text) for __I$use$fp
    sqrt.o(i.__softfp_sqrt) refers to dsqrt.o(.text) for _dsqrt
    sqrt.o(i.__softfp_sqrt) refers to errno.o(i.__set_errno) for __set_errno
    sqrt.o(i.sqrt) refers (Special) to iusefp.o(.text) for __I$use$fp
    sqrt.o(i.sqrt) refers to dsqrt.o(.text) for _dsqrt
    sqrt.o(i.sqrt) refers to errno.o(i.__set_errno) for __set_errno
    sqrt_x.o(i.____hardfp_sqrt$lsc) refers (Special) to iusefp.o(.text) for __I$use$fp
    sqrt_x.o(i.____hardfp_sqrt$lsc) refers to cdcmple.o(.text) for __aeabi_cdcmple
    sqrt_x.o(i.____hardfp_sqrt$lsc) refers to errno.o(i.__set_errno) for __set_errno
    sqrt_x.o(i.____hardfp_sqrt$lsc) refers to dsqrt.o(.text) for _dsqrt
    sqrt_x.o(i.____softfp_sqrt$lsc) refers (Special) to iusefp.o(.text) for __I$use$fp
    sqrt_x.o(i.____softfp_sqrt$lsc) refers to cdcmple.o(.text) for __aeabi_cdcmple
    sqrt_x.o(i.____softfp_sqrt$lsc) refers to errno.o(i.__set_errno) for __set_errno
    sqrt_x.o(i.____softfp_sqrt$lsc) refers to dsqrt.o(.text) for _dsqrt
    sqrt_x.o(i.__sqrt$lsc) refers (Special) to iusefp.o(.text) for __I$use$fp
    sqrt_x.o(i.__sqrt$lsc) refers to cdcmple.o(.text) for __aeabi_cdcmple
    sqrt_x.o(i.__sqrt$lsc) refers to errno.o(i.__set_errno) for __set_errno
    sqrt_x.o(i.__sqrt$lsc) refers to dsqrt.o(.text) for _dsqrt
    entry.o(.ARM.Collect$$$$00000000) refers (Special) to entry10a.o(.ARM.Collect$$$$0000000D) for __rt_final_cpp
    entry.o(.ARM.Collect$$$$00000000) refers (Special) to entry11a.o(.ARM.Collect$$$$0000000F) for __rt_final_exit
    entry.o(.ARM.Collect$$$$00000000) refers (Special) to entry7b.o(.ARM.Collect$$$$00000008) for _main_clock
    entry.o(.ARM.Collect$$$$00000000) refers (Special) to entry8b.o(.ARM.Collect$$$$0000000A) for _main_cpp_init
    entry.o(.ARM.Collect$$$$00000000) refers (Special) to entry9a.o(.ARM.Collect$$$$0000000B) for _main_init
    entry.o(.ARM.Collect$$$$00000000) refers (Special) to entry5.o(.ARM.Collect$$$$00000004) for _main_scatterload
    entry.o(.ARM.Collect$$$$00000000) refers (Special) to entry2.o(.ARM.Collect$$$$00000001) for _main_stk
    fwrite.o(i.fwrite) refers to usart.o(.text) for fputc
    fwrite_e.o(.text) refers to usart.o(.text) for fputc
    ldiv.o(.text) refers to uldiv.o(.text) for __aeabi_uldivmod
    printfb.o(i.__0fprintf$bare) refers to printfb.o(i._printf_core) for _printf_core
    printfb.o(i.__0fprintf$bare) refers to usart.o(.text) for fputc
    printfb.o(i.__0printf$bare) refers to printfb.o(i._printf_core) for _printf_core
    printfb.o(i.__0printf$bare) refers to usart.o(.text) for fputc
    printfb.o(i.__0printf$bare) refers to usart.o(.data) for __stdout
    printfb.o(i.__0snprintf$bare) refers to printfb.o(i._printf_core) for _printf_core
    printfb.o(i.__0snprintf$bare) refers to printfb.o(i._snputc) for _snputc
    printfb.o(i.__0sprintf$bare) refers to printfb.o(i._printf_core) for _printf_core
    printfb.o(i.__0sprintf$bare) refers to printfb.o(i._sputc) for _sputc
    printfb.o(i.__0vfprintf$bare) refers to printfb.o(i._printf_core) for _printf_core
    printfb.o(i.__0vfprintf$bare) refers to usart.o(.text) for fputc
    printfb.o(i.__0vprintf$bare) refers to printfb.o(i._printf_core) for _printf_core
    printfb.o(i.__0vprintf$bare) refers to usart.o(.text) for fputc
    printfb.o(i.__0vprintf$bare) refers to usart.o(.data) for __stdout
    printfb.o(i.__0vsnprintf$bare) refers to printfb.o(i._printf_core) for _printf_core
    printfb.o(i.__0vsnprintf$bare) refers to printfb.o(i._snputc) for _snputc
    printfb.o(i.__0vsprintf$bare) refers to printfb.o(i._printf_core) for _printf_core
    printfb.o(i.__0vsprintf$bare) refers to printfb.o(i._sputc) for _sputc
    printf0.o(i.__0fprintf$0) refers to printf0.o(i._printf_core) for _printf_core
    printf0.o(i.__0fprintf$0) refers to usart.o(.text) for fputc
    printf0.o(i.__0printf$0) refers to printf0.o(i._printf_core) for _printf_core
    printf0.o(i.__0printf$0) refers to usart.o(.text) for fputc
    printf0.o(i.__0printf$0) refers to usart.o(.data) for __stdout
    printf0.o(i.__0snprintf$0) refers to printf0.o(i._printf_core) for _printf_core
    printf0.o(i.__0snprintf$0) refers to printf0.o(i._snputc) for _snputc
    printf0.o(i.__0sprintf$0) refers to printf0.o(i._printf_core) for _printf_core
    printf0.o(i.__0sprintf$0) refers to printf0.o(i._sputc) for _sputc
    printf0.o(i.__0vfprintf$0) refers to printf0.o(i._printf_core) for _printf_core
    printf0.o(i.__0vfprintf$0) refers to usart.o(.text) for fputc
    printf0.o(i.__0vprintf$0) refers to printf0.o(i._printf_core) for _printf_core
    printf0.o(i.__0vprintf$0) refers to usart.o(.text) for fputc
    printf0.o(i.__0vprintf$0) refers to usart.o(.data) for __stdout
    printf0.o(i.__0vsnprintf$0) refers to printf0.o(i._printf_core) for _printf_core
    printf0.o(i.__0vsnprintf$0) refers to printf0.o(i._snputc) for _snputc
    printf0.o(i.__0vsprintf$0) refers to printf0.o(i._printf_core) for _printf_core
    printf0.o(i.__0vsprintf$0) refers to printf0.o(i._sputc) for _sputc
    printf1.o(i.__0fprintf$1) refers to printf1.o(i._printf_core) for _printf_core
    printf1.o(i.__0fprintf$1) refers to usart.o(.text) for fputc
    printf1.o(i.__0printf$1) refers to printf1.o(i._printf_core) for _printf_core
    printf1.o(i.__0printf$1) refers to usart.o(.text) for fputc
    printf1.o(i.__0printf$1) refers to usart.o(.data) for __stdout
    printf1.o(i.__0snprintf$1) refers to printf1.o(i._printf_core) for _printf_core
    printf1.o(i.__0snprintf$1) refers to printf1.o(i._snputc) for _snputc
    printf1.o(i.__0sprintf$1) refers to printf1.o(i._printf_core) for _printf_core
    printf1.o(i.__0sprintf$1) refers to printf1.o(i._sputc) for _sputc
    printf1.o(i.__0vfprintf$1) refers to printf1.o(i._printf_core) for _printf_core
    printf1.o(i.__0vfprintf$1) refers to usart.o(.text) for fputc
    printf1.o(i.__0vprintf$1) refers to printf1.o(i._printf_core) for _printf_core
    printf1.o(i.__0vprintf$1) refers to usart.o(.text) for fputc
    printf1.o(i.__0vprintf$1) refers to usart.o(.data) for __stdout
    printf1.o(i.__0vsnprintf$1) refers to printf1.o(i._printf_core) for _printf_core
    printf1.o(i.__0vsnprintf$1) refers to printf1.o(i._snputc) for _snputc
    printf1.o(i.__0vsprintf$1) refers to printf1.o(i._printf_core) for _printf_core
    printf1.o(i.__0vsprintf$1) refers to printf1.o(i._sputc) for _sputc
    printf1.o(i._printf_core) refers to uidiv.o(.text) for __aeabi_uidivmod
    printf2.o(i.__0fprintf$2) refers to printf2.o(i._printf_core) for _printf_core
    printf2.o(i.__0fprintf$2) refers to usart.o(.text) for fputc
    printf2.o(i.__0printf$2) refers to printf2.o(i._printf_core) for _printf_core
    printf2.o(i.__0printf$2) refers to usart.o(.text) for fputc
    printf2.o(i.__0printf$2) refers to usart.o(.data) for __stdout
    printf2.o(i.__0snprintf$2) refers to printf2.o(i._printf_core) for _printf_core
    printf2.o(i.__0snprintf$2) refers to printf2.o(i._snputc) for _snputc
    printf2.o(i.__0sprintf$2) refers to printf2.o(i._printf_core) for _printf_core
    printf2.o(i.__0sprintf$2) refers to printf2.o(i._sputc) for _sputc
    printf2.o(i.__0vfprintf$2) refers to printf2.o(i._printf_core) for _printf_core
    printf2.o(i.__0vfprintf$2) refers to usart.o(.text) for fputc
    printf2.o(i.__0vprintf$2) refers to printf2.o(i._printf_core) for _printf_core
    printf2.o(i.__0vprintf$2) refers to usart.o(.text) for fputc
    printf2.o(i.__0vprintf$2) refers to usart.o(.data) for __stdout
    printf2.o(i.__0vsnprintf$2) refers to printf2.o(i._printf_core) for _printf_core
    printf2.o(i.__0vsnprintf$2) refers to printf2.o(i._snputc) for _snputc
    printf2.o(i.__0vsprintf$2) refers to printf2.o(i._printf_core) for _printf_core
    printf2.o(i.__0vsprintf$2) refers to printf2.o(i._sputc) for _sputc
    printf3.o(i.__0fprintf$3) refers to printf3.o(i._printf_core) for _printf_core
    printf3.o(i.__0fprintf$3) refers to usart.o(.text) for fputc
    printf3.o(i.__0printf$3) refers to printf3.o(i._printf_core) for _printf_core
    printf3.o(i.__0printf$3) refers to usart.o(.text) for fputc
    printf3.o(i.__0printf$3) refers to usart.o(.data) for __stdout
    printf3.o(i.__0snprintf$3) refers to printf3.o(i._printf_core) for _printf_core
    printf3.o(i.__0snprintf$3) refers to printf3.o(i._snputc) for _snputc
    printf3.o(i.__0sprintf$3) refers to printf3.o(i._printf_core) for _printf_core
    printf3.o(i.__0sprintf$3) refers to printf3.o(i._sputc) for _sputc
    printf3.o(i.__0vfprintf$3) refers to printf3.o(i._printf_core) for _printf_core
    printf3.o(i.__0vfprintf$3) refers to usart.o(.text) for fputc
    printf3.o(i.__0vprintf$3) refers to printf3.o(i._printf_core) for _printf_core
    printf3.o(i.__0vprintf$3) refers to usart.o(.text) for fputc
    printf3.o(i.__0vprintf$3) refers to usart.o(.data) for __stdout
    printf3.o(i.__0vsnprintf$3) refers to printf3.o(i._printf_core) for _printf_core
    printf3.o(i.__0vsnprintf$3) refers to printf3.o(i._snputc) for _snputc
    printf3.o(i.__0vsprintf$3) refers to printf3.o(i._printf_core) for _printf_core
    printf3.o(i.__0vsprintf$3) refers to printf3.o(i._sputc) for _sputc
    printf3.o(i._printf_core) refers to uidiv.o(.text) for __aeabi_uidivmod
    printf4.o(i.__0fprintf$4) refers to printf4.o(i._printf_core) for _printf_core
    printf4.o(i.__0fprintf$4) refers to usart.o(.text) for fputc
    printf4.o(i.__0printf$4) refers to printf4.o(i._printf_core) for _printf_core
    printf4.o(i.__0printf$4) refers to usart.o(.text) for fputc
    printf4.o(i.__0printf$4) refers to usart.o(.data) for __stdout
    printf4.o(i.__0snprintf$4) refers to printf4.o(i._printf_core) for _printf_core
    printf4.o(i.__0snprintf$4) refers to printf4.o(i._snputc) for _snputc
    printf4.o(i.__0sprintf$4) refers to printf4.o(i._printf_core) for _printf_core
    printf4.o(i.__0sprintf$4) refers to printf4.o(i._sputc) for _sputc
    printf4.o(i.__0vfprintf$4) refers to printf4.o(i._printf_core) for _printf_core
    printf4.o(i.__0vfprintf$4) refers to usart.o(.text) for fputc
    printf4.o(i.__0vprintf$4) refers to printf4.o(i._printf_core) for _printf_core
    printf4.o(i.__0vprintf$4) refers to usart.o(.text) for fputc
    printf4.o(i.__0vprintf$4) refers to usart.o(.data) for __stdout
    printf4.o(i.__0vsnprintf$4) refers to printf4.o(i._printf_core) for _printf_core
    printf4.o(i.__0vsnprintf$4) refers to printf4.o(i._snputc) for _snputc
    printf4.o(i.__0vsprintf$4) refers to printf4.o(i._printf_core) for _printf_core
    printf4.o(i.__0vsprintf$4) refers to printf4.o(i._sputc) for _sputc
    printf4.o(i._printf_core) refers to uldiv.o(.text) for __aeabi_uldivmod
    printf5.o(i.__0fprintf$5) refers to printf5.o(i._printf_core) for _printf_core
    printf5.o(i.__0fprintf$5) refers to usart.o(.text) for fputc
    printf5.o(i.__0printf$5) refers to printf5.o(i._printf_core) for _printf_core
    printf5.o(i.__0printf$5) refers to usart.o(.text) for fputc
    printf5.o(i.__0printf$5) refers to usart.o(.data) for __stdout
    printf5.o(i.__0snprintf$5) refers to printf5.o(i._printf_core) for _printf_core
    printf5.o(i.__0snprintf$5) refers to printf5.o(i._snputc) for _snputc
    printf5.o(i.__0sprintf$5) refers to printf5.o(i._printf_core) for _printf_core
    printf5.o(i.__0sprintf$5) refers to printf5.o(i._sputc) for _sputc
    printf5.o(i.__0vfprintf$5) refers to printf5.o(i._printf_core) for _printf_core
    printf5.o(i.__0vfprintf$5) refers to usart.o(.text) for fputc
    printf5.o(i.__0vprintf$5) refers to printf5.o(i._printf_core) for _printf_core
    printf5.o(i.__0vprintf$5) refers to usart.o(.text) for fputc
    printf5.o(i.__0vprintf$5) refers to usart.o(.data) for __stdout
    printf5.o(i.__0vsnprintf$5) refers to printf5.o(i._printf_core) for _printf_core
    printf5.o(i.__0vsnprintf$5) refers to printf5.o(i._snputc) for _snputc
    printf5.o(i.__0vsprintf$5) refers to printf5.o(i._printf_core) for _printf_core
    printf5.o(i.__0vsprintf$5) refers to printf5.o(i._sputc) for _sputc
    printf5.o(i._printf_core) refers to uldiv.o(.text) for __aeabi_uldivmod
    printf6.o(i.__0fprintf$6) refers to printf6.o(i._printf_core) for _printf_core
    printf6.o(i.__0fprintf$6) refers to usart.o(.text) for fputc
    printf6.o(i.__0printf$6) refers to printf6.o(i._printf_core) for _printf_core
    printf6.o(i.__0printf$6) refers to usart.o(.text) for fputc
    printf6.o(i.__0printf$6) refers to usart.o(.data) for __stdout
    printf6.o(i.__0snprintf$6) refers to printf6.o(i._printf_core) for _printf_core
    printf6.o(i.__0snprintf$6) refers to printf6.o(i._snputc) for _snputc
    printf6.o(i.__0sprintf$6) refers to printf6.o(i._printf_core) for _printf_core
    printf6.o(i.__0sprintf$6) refers to printf6.o(i._sputc) for _sputc
    printf6.o(i.__0vfprintf$6) refers to printf6.o(i._printf_core) for _printf_core
    printf6.o(i.__0vfprintf$6) refers to usart.o(.text) for fputc
    printf6.o(i.__0vprintf$6) refers to printf6.o(i._printf_core) for _printf_core
    printf6.o(i.__0vprintf$6) refers to usart.o(.text) for fputc
    printf6.o(i.__0vprintf$6) refers to usart.o(.data) for __stdout
    printf6.o(i.__0vsnprintf$6) refers to printf6.o(i._printf_core) for _printf_core
    printf6.o(i.__0vsnprintf$6) refers to printf6.o(i._snputc) for _snputc
    printf6.o(i.__0vsprintf$6) refers to printf6.o(i._printf_core) for _printf_core
    printf6.o(i.__0vsprintf$6) refers to printf6.o(i._sputc) for _sputc
    printf6.o(i._printf_core) refers to printf6.o(i._printf_pre_padding) for _printf_pre_padding
    printf6.o(i._printf_core) refers to uidiv.o(.text) for __aeabi_uidivmod
    printf6.o(i._printf_core) refers to printf6.o(i._printf_post_padding) for _printf_post_padding
    printf7.o(i.__0fprintf$7) refers to printf7.o(i._printf_core) for _printf_core
    printf7.o(i.__0fprintf$7) refers to usart.o(.text) for fputc
    printf7.o(i.__0printf$7) refers to printf7.o(i._printf_core) for _printf_core
    printf7.o(i.__0printf$7) refers to usart.o(.text) for fputc
    printf7.o(i.__0printf$7) refers to usart.o(.data) for __stdout
    printf7.o(i.__0snprintf$7) refers to printf7.o(i._printf_core) for _printf_core
    printf7.o(i.__0snprintf$7) refers to printf7.o(i._snputc) for _snputc
    printf7.o(i.__0sprintf$7) refers to printf7.o(i._printf_core) for _printf_core
    printf7.o(i.__0sprintf$7) refers to printf7.o(i._sputc) for _sputc
    printf7.o(i.__0vfprintf$7) refers to printf7.o(i._printf_core) for _printf_core
    printf7.o(i.__0vfprintf$7) refers to usart.o(.text) for fputc
    printf7.o(i.__0vprintf$7) refers to printf7.o(i._printf_core) for _printf_core
    printf7.o(i.__0vprintf$7) refers to usart.o(.text) for fputc
    printf7.o(i.__0vprintf$7) refers to usart.o(.data) for __stdout
    printf7.o(i.__0vsnprintf$7) refers to printf7.o(i._printf_core) for _printf_core
    printf7.o(i.__0vsnprintf$7) refers to printf7.o(i._snputc) for _snputc
    printf7.o(i.__0vsprintf$7) refers to printf7.o(i._printf_core) for _printf_core
    printf7.o(i.__0vsprintf$7) refers to printf7.o(i._sputc) for _sputc
    printf7.o(i._printf_core) refers to printf7.o(i._printf_pre_padding) for _printf_pre_padding
    printf7.o(i._printf_core) refers to uldiv.o(.text) for __aeabi_uldivmod
    printf7.o(i._printf_core) refers to printf7.o(i._printf_post_padding) for _printf_post_padding
    printf8.o(i.__0fprintf$8) refers to printf8.o(i._printf_core) for _printf_core
    printf8.o(i.__0fprintf$8) refers to usart.o(.text) for fputc
    printf8.o(i.__0printf$8) refers to printf8.o(i._printf_core) for _printf_core
    printf8.o(i.__0printf$8) refers to usart.o(.text) for fputc
    printf8.o(i.__0printf$8) refers to usart.o(.data) for __stdout
    printf8.o(i.__0snprintf$8) refers to printf8.o(i._printf_core) for _printf_core
    printf8.o(i.__0snprintf$8) refers to printf8.o(i._snputc) for _snputc
    printf8.o(i.__0sprintf$8) refers to printf8.o(i._printf_core) for _printf_core
    printf8.o(i.__0sprintf$8) refers to printf8.o(i._sputc) for _sputc
    printf8.o(i.__0vfprintf$8) refers to printf8.o(i._printf_core) for _printf_core
    printf8.o(i.__0vfprintf$8) refers to usart.o(.text) for fputc
    printf8.o(i.__0vprintf$8) refers to printf8.o(i._printf_core) for _printf_core
    printf8.o(i.__0vprintf$8) refers to usart.o(.text) for fputc
    printf8.o(i.__0vprintf$8) refers to usart.o(.data) for __stdout
    printf8.o(i.__0vsnprintf$8) refers to printf8.o(i._printf_core) for _printf_core
    printf8.o(i.__0vsnprintf$8) refers to printf8.o(i._snputc) for _snputc
    printf8.o(i.__0vsprintf$8) refers to printf8.o(i._printf_core) for _printf_core
    printf8.o(i.__0vsprintf$8) refers to printf8.o(i._sputc) for _sputc
    printf8.o(i._printf_core) refers to printf8.o(i._printf_pre_padding) for _printf_pre_padding
    printf8.o(i._printf_core) refers to uldiv.o(.text) for __aeabi_uldivmod
    printf8.o(i._printf_core) refers to printf8.o(i._printf_post_padding) for _printf_post_padding
    printfa.o(i.__0fprintf) refers (Special) to iusefp.o(.text) for __I$use$fp
    printfa.o(i.__0fprintf) refers to printfa.o(i._printf_core) for _printf_core
    printfa.o(i.__0fprintf) refers to usart.o(.text) for fputc
    printfa.o(i.__0printf) refers (Special) to iusefp.o(.text) for __I$use$fp
    printfa.o(i.__0printf) refers to printfa.o(i._printf_core) for _printf_core
    printfa.o(i.__0printf) refers to usart.o(.text) for fputc
    printfa.o(i.__0printf) refers to usart.o(.data) for __stdout
    printfa.o(i.__0snprintf) refers (Special) to iusefp.o(.text) for __I$use$fp
    printfa.o(i.__0snprintf) refers to printfa.o(i._printf_core) for _printf_core
    printfa.o(i.__0snprintf) refers to printfa.o(i._snputc) for _snputc
    printfa.o(i.__0sprintf) refers (Special) to iusefp.o(.text) for __I$use$fp
    printfa.o(i.__0sprintf) refers to printfa.o(i._printf_core) for _printf_core
    printfa.o(i.__0sprintf) refers to printfa.o(i._sputc) for _sputc
    printfa.o(i.__0vfprintf) refers (Special) to iusefp.o(.text) for __I$use$fp
    printfa.o(i.__0vfprintf) refers to printfa.o(i._printf_core) for _printf_core
    printfa.o(i.__0vfprintf) refers to usart.o(.text) for fputc
    printfa.o(i.__0vprintf) refers (Special) to iusefp.o(.text) for __I$use$fp
    printfa.o(i.__0vprintf) refers to printfa.o(i._printf_core) for _printf_core
    printfa.o(i.__0vprintf) refers to usart.o(.text) for fputc
    printfa.o(i.__0vprintf) refers to usart.o(.data) for __stdout
    printfa.o(i.__0vsnprintf) refers (Special) to iusefp.o(.text) for __I$use$fp
    printfa.o(i.__0vsnprintf) refers to printfa.o(i._printf_core) for _printf_core
    printfa.o(i.__0vsnprintf) refers to printfa.o(i._snputc) for _snputc
    printfa.o(i.__0vsprintf) refers (Special) to iusefp.o(.text) for __I$use$fp
    printfa.o(i.__0vsprintf) refers to printfa.o(i._printf_core) for _printf_core
    printfa.o(i.__0vsprintf) refers to printfa.o(i._sputc) for _sputc
    printfa.o(i._fp_digits) refers (Special) to iusefp.o(.text) for __I$use$fp
    printfa.o(i._fp_digits) refers to dmul.o(.text) for __aeabi_dmul
    printfa.o(i._fp_digits) refers to ddiv.o(.text) for __aeabi_ddiv
    printfa.o(i._fp_digits) refers to cdrcmple.o(.text) for __aeabi_cdrcmple
    printfa.o(i._fp_digits) refers to dadd.o(.text) for __aeabi_dadd
    printfa.o(i._fp_digits) refers to dfixul.o(.text) for __aeabi_d2ulz
    printfa.o(i._fp_digits) refers to uldiv.o(.text) for __aeabi_uldivmod
    printfa.o(i._printf_core) refers (Special) to iusefp.o(.text) for __I$use$fp
    printfa.o(i._printf_core) refers to printfa.o(i._printf_pre_padding) for _printf_pre_padding
    printfa.o(i._printf_core) refers to uldiv.o(.text) for __aeabi_uldivmod
    printfa.o(i._printf_core) refers to printfa.o(i._printf_post_padding) for _printf_post_padding
    printfa.o(i._printf_core) refers to printfa.o(i._fp_digits) for _fp_digits
    printfa.o(i._printf_core) refers to uidiv.o(.text) for __aeabi_uidivmod
    printfa.o(i._printf_post_padding) refers (Special) to iusefp.o(.text) for __I$use$fp
    printfa.o(i._printf_pre_padding) refers (Special) to iusefp.o(.text) for __I$use$fp
    printfa.o(i._snputc) refers (Special) to iusefp.o(.text) for __I$use$fp
    printfa.o(i._sputc) refers (Special) to iusefp.o(.text) for __I$use$fp
    malloc.o(i.free) refers to mvars.o(.data) for __microlib_freelist
    malloc.o(i.malloc) refers to mvars.o(.data) for __microlib_freelist_initialised
    malloc.o(i.malloc) refers to mvars.o(.data) for __microlib_freelist
    malloc.o(i.malloc) refers to startup_stm32f40_41xxx.o(HEAP) for __heap_base
    mallocr.o(i.__free$realloc) refers to mvars.o(.data) for __microlib_freelist
    mallocr.o(i.__malloc$realloc) refers to mallocr.o(i.internal_alloc) for internal_alloc
    mallocr.o(i.__malloc$realloc) refers to mvars.o(.data) for __microlib_freelist_initialised
    mallocr.o(i.__malloc$realloc) refers to startup_stm32f40_41xxx.o(HEAP) for __heap_base
    mallocr.o(i.__malloc$realloc) refers to mvars.o(.data) for __microlib_freelist
    mallocr.o(i.internal_alloc) refers to memmovea.o(.text) for __aeabi_memcpy
    mallocr.o(i.internal_alloc) refers to mvars.o(.data) for __microlib_freelist
    mallocr.o(i.realloc) refers to mallocr.o(i.__free$realloc) for __free$realloc
    mallocr.o(i.realloc) refers to mallocr.o(i.internal_alloc) for internal_alloc
    mallocr.o(i.realloc) refers to mallocr.o(i.__malloc$realloc) for __malloc$realloc
    mallocr.o(i.realloc) refers to mvars.o(.data) for __microlib_freelist
    malloca.o(i.__aligned_malloc) refers to mvars.o(.data) for __microlib_freelist_initialised
    malloca.o(i.__aligned_malloc) refers to mvars.o(.data) for __microlib_freelist
    malloca.o(i.__aligned_malloc) refers to startup_stm32f40_41xxx.o(HEAP) for __heap_base
    malloca.o(i.__free$memalign) refers to mvars.o(.data) for __microlib_freelist
    malloca.o(i.__malloc$memalign) refers to malloca.o(i.__aligned_malloc) for __aligned_malloc
    mallocra.o(i.__aligned_malloc$realloc) refers to mallocra.o(i.internal_alloc) for internal_alloc
    mallocra.o(i.__aligned_malloc$realloc) refers to mvars.o(.data) for __microlib_freelist_initialised
    mallocra.o(i.__aligned_malloc$realloc) refers to startup_stm32f40_41xxx.o(HEAP) for __heap_base
    mallocra.o(i.__aligned_malloc$realloc) refers to mvars.o(.data) for __microlib_freelist
    mallocra.o(i.__free$realloc$memalign) refers to mvars.o(.data) for __microlib_freelist
    mallocra.o(i.__malloc$realloc$memalign) refers to mallocra.o(i.__aligned_malloc$realloc) for __aligned_malloc$realloc
    mallocra.o(i.__realloc$memalign) refers to mallocra.o(i.__free$realloc$memalign) for __free$realloc$memalign
    mallocra.o(i.__realloc$memalign) refers to mallocra.o(i.internal_alloc) for internal_alloc
    mallocra.o(i.__realloc$memalign) refers to mallocra.o(i.__malloc$realloc$memalign) for __malloc$realloc$memalign
    mallocra.o(i.__realloc$memalign) refers to mvars.o(.data) for __microlib_freelist
    mallocra.o(i.internal_alloc) refers to memmovea.o(.text) for __aeabi_memcpy
    mallocra.o(i.internal_alloc) refers to mvars.o(.data) for __microlib_freelist
    __0sscanf.o(.text) refers to scanf_char.o(.text) for __vfscanf_char
    __0sscanf.o(.text) refers to _sgetc.o(.text) for _sgetc
    _scanf_int.o(.text) refers to _chval.o(.text) for _chval
    dadd.o(.text) refers (Special) to iusefp.o(.text) for __I$use$fp
    dadd.o(.text) refers to llshl.o(.text) for __aeabi_llsl
    dadd.o(.text) refers to llsshr.o(.text) for __aeabi_lasr
    dadd.o(.text) refers to depilogue.o(.text) for _double_epilogue
    dmul.o(.text) refers (Special) to iusefp.o(.text) for __I$use$fp
    dmul.o(.text) refers to depilogue.o(.text) for _double_epilogue
    ddiv.o(.text) refers (Special) to iusefp.o(.text) for __I$use$fp
    ddiv.o(.text) refers to depilogue.o(.text) for _double_round
    dflti.o(.text) refers (Special) to iusefp.o(.text) for __I$use$fp
    dflti.o(.text) refers to depilogue.o(.text) for _double_epilogue
    dfltui.o(.text) refers (Special) to iusefp.o(.text) for __I$use$fp
    dfltui.o(.text) refers to depilogue.o(.text) for _double_epilogue
    dfixi.o(.text) refers (Special) to iusefp.o(.text) for __I$use$fp
    dfixi.o(.text) refers to llushr.o(.text) for __aeabi_llsr
    dfixui.o(.text) refers (Special) to iusefp.o(.text) for __I$use$fp
    dfixui.o(.text) refers to llushr.o(.text) for __aeabi_llsr
    f2d.o(.text) refers (Special) to iusefp.o(.text) for __I$use$fp
    cdcmple.o(.text) refers (Special) to iusefp.o(.text) for __I$use$fp
    cdrcmple.o(.text) refers (Special) to iusefp.o(.text) for __I$use$fp
    d2f.o(.text) refers (Special) to iusefp.o(.text) for __I$use$fp
    d2f.o(.text) refers to fepilogue.o(.text) for _float_round
    cos_i.o(i.__kernel_cos) refers (Special) to iusefp.o(.text) for __I$use$fp
    cos_i.o(i.__kernel_cos) refers to dfixi.o(.text) for __aeabi_d2iz
    cos_i.o(i.__kernel_cos) refers to dmul.o(.text) for __aeabi_dmul
    cos_i.o(i.__kernel_cos) refers to poly.o(i.__kernel_poly) for __kernel_poly
    cos_i.o(i.__kernel_cos) refers to dadd.o(.text) for __aeabi_dsub
    cos_i.o(i.__kernel_cos) refers to cos_i.o(.constdata) for .constdata
    cos_i.o(.constdata) refers (Special) to iusefp.o(.text) for __I$use$fp
    dunder.o(i.__mathlib_dbl_divzero) refers to ddiv.o(.text) for __aeabi_ddiv
    dunder.o(i.__mathlib_dbl_infnan) refers to dadd.o(.text) for __aeabi_dadd
    dunder.o(i.__mathlib_dbl_infnan2) refers to dadd.o(.text) for __aeabi_dadd
    dunder.o(i.__mathlib_dbl_invalid) refers to ddiv.o(.text) for __aeabi_ddiv
    dunder.o(i.__mathlib_dbl_overflow) refers to dmul.o(.text) for __aeabi_dmul
    dunder.o(i.__mathlib_dbl_posinfnan) refers to dmul.o(.text) for __aeabi_dmul
    dunder.o(i.__mathlib_dbl_underflow) refers to dmul.o(.text) for __aeabi_dmul
    rred.o(i.__ieee754_rem_pio2) refers (Special) to iusefp.o(.text) for __I$use$fp
    rred.o(i.__ieee754_rem_pio2) refers to dadd.o(.text) for __aeabi_dsub
    rred.o(i.__ieee754_rem_pio2) refers to fabs.o(i.fabs) for fabs
    rred.o(i.__ieee754_rem_pio2) refers to dmul.o(.text) for __aeabi_dmul
    rred.o(i.__ieee754_rem_pio2) refers to dfixi.o(.text) for __aeabi_d2iz
    rred.o(i.__ieee754_rem_pio2) refers to dflti.o(.text) for __aeabi_i2d
    rred.o(i.__ieee754_rem_pio2) refers to dfltui.o(.text) for __aeabi_ui2d
    rred.o(i.__ieee754_rem_pio2) refers to rred.o(.constdata) for .constdata
    rred.o(i.__use_accurate_range_reduction) refers (Special) to iusefp.o(.text) for __I$use$fp
    rred.o(.constdata) refers (Special) to iusefp.o(.text) for __I$use$fp
    sin_i.o(i.__kernel_sin) refers (Special) to iusefp.o(.text) for __I$use$fp
    sin_i.o(i.__kernel_sin) refers to fpclassify.o(i.__ARM_fpclassify) for __ARM_fpclassify
    sin_i.o(i.__kernel_sin) refers to dunder.o(i.__mathlib_dbl_underflow) for __mathlib_dbl_underflow
    sin_i.o(i.__kernel_sin) refers to dmul.o(.text) for __aeabi_dmul
    sin_i.o(i.__kernel_sin) refers to poly.o(i.__kernel_poly) for __kernel_poly
    sin_i.o(i.__kernel_sin) refers to dadd.o(.text) for __aeabi_dsub
    sin_i.o(i.__kernel_sin) refers to sin_i.o(.constdata) for .constdata
    sin_i.o(.constdata) refers (Special) to iusefp.o(.text) for __I$use$fp
    sin_i_x.o(i.____kernel_sin$lsc) refers (Special) to iusefp.o(.text) for __I$use$fp
    sin_i_x.o(i.____kernel_sin$lsc) refers to dmul.o(.text) for __aeabi_dmul
    sin_i_x.o(i.____kernel_sin$lsc) refers to poly.o(i.__kernel_poly) for __kernel_poly
    sin_i_x.o(i.____kernel_sin$lsc) refers to dadd.o(.text) for __aeabi_dsub
    sin_i_x.o(i.____kernel_sin$lsc) refers to sin_i_x.o(.constdata) for .constdata
    sin_i_x.o(.constdata) refers (Special) to iusefp.o(.text) for __I$use$fp
    entry2.o(.ARM.Collect$$$$00000001) refers to entry2.o(.ARM.Collect$$$$00002712) for __lit__00000000
    entry2.o(.ARM.Collect$$$$00002712) refers to startup_stm32f40_41xxx.o(STACK) for __initial_sp
    entry2.o(__vectab_stack_and_reset_area) refers to startup_stm32f40_41xxx.o(STACK) for __initial_sp
    entry2.o(__vectab_stack_and_reset_area) refers to entry.o(.ARM.Collect$$$$00000000) for __main
    entry5.o(.ARM.Collect$$$$00000004) refers to init.o(.text) for __scatterload
    entry9a.o(.ARM.Collect$$$$0000000B) refers to main.o(.text) for main
    entry9b.o(.ARM.Collect$$$$0000000C) refers to main.o(.text) for main
    uldiv.o(.text) refers to llushr.o(.text) for __aeabi_llsr
    uldiv.o(.text) refers to llshl.o(.text) for __aeabi_llsl
    errno.o(i.__aeabi_errno_addr) refers to errno.o(.data) for .data
    errno.o(i.__read_errno) refers to errno.o(.data) for .data
    errno.o(i.__set_errno) refers to errno.o(.data) for .data
    scanf_char.o(.text) refers to _scanf.o(.text) for __vfscanf
    scanf_char.o(.text) refers to isspace_c.o(.text) for isspace
    depilogue.o(.text) refers to llshl.o(.text) for __aeabi_llsl
    depilogue.o(.text) refers to llushr.o(.text) for __aeabi_llsr
    dsqrt.o(.text) refers to llushr.o(.text) for __aeabi_llsr
    dsqrt.o(.text) refers to depilogue.o(.text) for _double_round
    dfixul.o(.text) refers to llushr.o(.text) for __aeabi_llsr
    dfixul.o(.text) refers to llshl.o(.text) for __aeabi_llsl
    fabs.o(i.__hardfp_fabs) refers (Special) to iusefp.o(.text) for __I$use$fp
    fabs.o(i.__softfp_fabs) refers (Special) to iusefp.o(.text) for __I$use$fp
    fabs.o(i.fabs) refers (Special) to iusefp.o(.text) for __I$use$fp
    fpclassify.o(i.__ARM_fpclassify) refers (Special) to iusefp.o(.text) for __I$use$fp
    poly.o(i.__kernel_poly) refers (Special) to iusefp.o(.text) for __I$use$fp
    poly.o(i.__kernel_poly) refers to dmul.o(.text) for __aeabi_dmul
    poly.o(i.__kernel_poly) refers to dadd.o(.text) for __aeabi_dadd
    init.o(.text) refers to entry5.o(.ARM.Collect$$$$00000004) for __main_after_scatterload
    isspace_c.o(.text) refers to ctype_c.o(.text) for __ctype_lookup
    _scanf.o(.text) refers (Weak) to _scanf_int.o(.text) for _scanf_int
    _scanf.o(.text) refers (Weak) to _scanf_str.o(.text) for _scanf_string
    ctype_c.o(.text) refers to ctype_c.o(.constdata) for .constdata

