Component: ARM Compiler 5.05 update 1 (build 106) Tool: armlink [4d0efa]

==============================================================================

Section Cross References

    system_stm32f4xx.o(.text) refers to system_stm32f4xx.o(.data) for SystemCoreClock
    main.o(.text) refers to lcd.o(.text) for LCD_Clear
    main.o(.text) refers to text.o(.text) for Show_Str
    main.o(.text) refers to touch.o(.text) for TP_Scan
    main.o(.text) refers to delay.o(.text) for delay_ms
    main.o(.text) refers to videoplayer.o(.text) for video_play
    main.o(.text) refers to fattester.o(.text) for file_manage
    main.o(.text) refers to os_mbox.o(.text) for OSMboxCreate
    main.o(.text) refers to os_core.o(.text) for OSStatInit
    main.o(.text) refers to os_cpu_a.o(.text) for OS_CPU_SR_Save
    main.o(.text) refers to os_task.o(.text) for OSTaskCreate
    main.o(.text) refers to misc.o(.text) for NVIC_PriorityGroupConfig
    main.o(.text) refers to usart.o(.text) for uart_init
    main.o(.text) refers to led.o(.text) for LED_Init
    main.o(.text) refers to key.o(.text) for KEY_Init
    main.o(.text) refers to malloc.o(.text) for my_mem_init
    main.o(.text) refers to exfuns.o(.text) for exfuns_init
    main.o(.text) refers to ff.o(.text) for f_mount
    main.o(.text) refers to w25qxx.o(.text) for W25QXX_Init
    main.o(.text) refers to wm8978.o(.text) for WM8978_Init
    main.o(.text) refers to timer.o(.text) for TIM3_Int_Init
    main.o(.text) refers to fontupd.o(.text) for font_init
    main.o(.text) refers to lcd.o(.data) for POINT_COLOR
    main.o(.text) refers to lcd.o(.bss) for lcddev
    main.o(.text) refers to touch.o(.data) for tp_dev
    main.o(.text) refers to main.o(.data) for msg_key
    main.o(.text) refers to main.o(.bss) for MAIN_TASK_STK
    main.o(.text) refers to exfuns.o(.bss) for fs
    led.o(.text) refers to stm32f4xx_rcc.o(.text) for RCC_AHB1PeriphClockCmd
    led.o(.text) refers to stm32f4xx_gpio.o(.text) for GPIO_Init
    lcd.o(.text) refers to malloc.o(.text) for mymalloc
    lcd.o(.text) refers to ff.o(.text) for f_opendir
    lcd.o(.text) refers to text.o(.text) for Show_Str
    lcd.o(.text) refers to delay.o(.text) for delay_ms
    lcd.o(.text) refers to lcd.o(.bss) for lcddev
    lcd.o(.text) refers to exfuns.o(.text) for f_typetell
    lcd.o(.text) refers to piclib.o(.text) for piclib_init
    lcd.o(.text) refers to strcpy.o(.text) for strcpy
    lcd.o(.text) refers to strcat.o(.text) for strcat
    lcd.o(.text) refers to dfltui.o(.text) for __aeabi_ui2d
    lcd.o(.text) refers to dmul.o(.text) for __aeabi_dmul
    lcd.o(.text) refers to dfixui.o(.text) for __aeabi_d2uiz
    lcd.o(.text) refers to lcd.o(.data) for POINT_COLOR
    lcd.o(.text) refers to stm32f4xx_rcc.o(.text) for RCC_AHB1PeriphClockCmd
    lcd.o(.text) refers to stm32f4xx_gpio.o(.text) for GPIO_Init
    lcd.o(.text) refers to stm32f4xx_fsmc.o(.text) for FSMC_NORSRAMInit
    lcd.o(.text) refers to printf8.o(i.__0printf$8) for __2printf
    lcd.o(.text) refers to lcd.o(.constdata) for asc2_1206
    key.o(.text) refers to stm32f4xx_rcc.o(.text) for RCC_AHB1PeriphClockCmd
    key.o(.text) refers to stm32f4xx_gpio.o(.text) for GPIO_Init
    key.o(.text) refers to delay.o(.text) for delay_ms
    key.o(.text) refers to key.o(.data) for key_up
    spi.o(.text) refers to stm32f4xx_spi.o(.text) for SPI_I2S_GetFlagStatus
    spi.o(.text) refers to stm32f4xx_rcc.o(.text) for RCC_AHB1PeriphClockCmd
    spi.o(.text) refers to stm32f4xx_gpio.o(.text) for GPIO_Init
    w25qxx.o(.text) refers to spi.o(.text) for SPI1_ReadWriteByte
    w25qxx.o(.text) refers to stm32f4xx_rcc.o(.text) for RCC_AHB1PeriphClockCmd
    w25qxx.o(.text) refers to stm32f4xx_gpio.o(.text) for GPIO_Init
    w25qxx.o(.text) refers to printf8.o(i.__0printf$8) for __2printf
    w25qxx.o(.text) refers to delay.o(.text) for delay_us
    w25qxx.o(.text) refers to w25qxx.o(.data) for W25QXX_TYPE
    w25qxx.o(.text) refers to w25qxx.o(.bss) for W25QXX_BUFFER
    sdio_sdcard.o(.text) refers to stm32f4xx_sdio.o(.text) for SDIO_GetFlagStatus
    sdio_sdcard.o(.text) refers to sdio_sdcard.o(.data) for DeviceMode
    sdio_sdcard.o(.text) refers to sdio_sdcard.o(.bss) for SDIO_CmdInitStructure
    sdio_sdcard.o(.text) refers to stm32f4xx_rcc.o(.text) for RCC_AHB1PeriphClockCmd
    sdio_sdcard.o(.text) refers to stm32f4xx_gpio.o(.text) for GPIO_Init
    sdio_sdcard.o(.text) refers to misc.o(.text) for NVIC_Init
    sdio_sdcard.o(.text) refers to stm32f4xx_dma.o(.text) for DMA_GetCmdStatus
    sdio_sdcard.o(.text) refers to sys.o(.emb_text) for INTX_DISABLE
    sdio_sdcard.o(.text) refers to memcpya.o(.text) for __aeabi_memcpy
    myiic.o(.text) refers to stm32f4xx_rcc.o(.text) for RCC_AHB1PeriphClockCmd
    myiic.o(.text) refers to stm32f4xx_gpio.o(.text) for GPIO_Init
    myiic.o(.text) refers to delay.o(.text) for delay_us
    24cxx.o(.text) refers to myiic.o(.text) for IIC_Init
    24cxx.o(.text) refers to delay.o(.text) for delay_ms
[...]
    TIM_GetCapture1                          0x0800ca2d   Thumb Code     6  stm32f4xx_tim.o(.text)
    TIM_GetCapture2                          0x0800ca33   Thumb Code     6  stm32f4xx_tim.o(.text)
    TIM_GetCapture3                          0x0800ca39   Thumb Code     6  stm32f4xx_tim.o(.text)
    TIM_GetCapture4                          0x0800ca3f   Thumb Code     6  stm32f4xx_tim.o(.text)
    TIM_BDTRConfig                           0x0800ca45   Thumb Code    32  stm32f4xx_tim.o(.text)
    TIM_BDTRStructInit                       0x0800ca65   Thumb Code    18  stm32f4xx_tim.o(.text)
    TIM_CtrlPWMOutputs                       0x0800ca77   Thumb Code    30  stm32f4xx_tim.o(.text)
    TIM_SelectCOM                            0x0800ca95   Thumb Code    24  stm32f4xx_tim.o(.text)
    TIM_CCPreloadControl                     0x0800caad   Thumb Code    24  stm32f4xx_tim.o(.text)
    TIM_ITConfig                             0x0800cac5   Thumb Code    18  stm32f4xx_tim.o(.text)
    TIM_GenerateEvent                        0x0800cad7   Thumb Code     4  stm32f4xx_tim.o(.text)
    TIM_GetFlagStatus                        0x0800cadb   Thumb Code    18  stm32f4xx_tim.o(.text)
    TIM_ClearFlag                            0x0800caed   Thumb Code     6  stm32f4xx_tim.o(.text)
    TIM_GetITStatus                          0x0800caf3   Thumb Code    34  stm32f4xx_tim.o(.text)
    TIM_ClearITPendingBit                    0x0800cb15   Thumb Code     6  stm32f4xx_tim.o(.text)
    TIM_DMAConfig                            0x0800cb1b   Thumb Code    10  stm32f4xx_tim.o(.text)
    TIM_DMACmd                               0x0800cb25   Thumb Code    18  stm32f4xx_tim.o(.text)
    TIM_SelectCCDMA                          0x0800cb37   Thumb Code    24  stm32f4xx_tim.o(.text)
    TIM_InternalClockConfig                  0x0800cb4f   Thumb Code    12  stm32f4xx_tim.o(.text)
    TIM_SelectInputTrigger                   0x0800cb5b   Thumb Code    18  stm32f4xx_tim.o(.text)
    TIM_ITRxExternalClockConfig              0x0800cb6d   Thumb Code    24  stm32f4xx_tim.o(.text)
    TIM_TIxExternalClockConfig               0x0800cb85   Thumb Code    62  stm32f4xx_tim.o(.text)
    TIM_ETRConfig                            0x0800cbc3   Thumb Code    28  stm32f4xx_tim.o(.text)
    TIM_ETRClockMode1Config                  0x0800cbdf   Thumb Code    54  stm32f4xx_tim.o(.text)
    TIM_ETRClockMode2Config                  0x0800cc15   Thumb Code    32  stm32f4xx_tim.o(.text)
    TIM_SelectOutputTrigger                  0x0800cc35   Thumb Code    18  stm32f4xx_tim.o(.text)
    TIM_SelectSlaveMode                      0x0800cc47   Thumb Code    18  stm32f4xx_tim.o(.text)
    TIM_SelectMasterSlaveMode                0x0800cc59   Thumb Code    18  stm32f4xx_tim.o(.text)
    TIM_EncoderInterfaceConfig               0x0800cc6b   Thumb Code    66  stm32f4xx_tim.o(.text)
    TIM_SelectHallSensor                     0x0800ccad   Thumb Code    24  stm32f4xx_tim.o(.text)
    TIM_RemapConfig                          0x0800ccc5   Thumb Code     6  stm32f4xx_tim.o(.text)
    SPI_I2S_DeInit                           0x0800cccd   Thumb Code   152  stm32f4xx_spi.o(.text)
    SPI_Init                                 0x0800cd65   Thumb Code    60  stm32f4xx_spi.o(.text)
    I2S_Init                                 0x0800cda1   Thumb Code   396  stm32f4xx_spi.o(.text)
    SPI_StructInit                           0x0800cf2d   Thumb Code    24  stm32f4xx_spi.o(.text)
    I2S_StructInit                           0x0800cf45   Thumb Code    20  stm32f4xx_spi.o(.text)
    SPI_Cmd                                  0x0800cf59   Thumb Code    24  stm32f4xx_spi.o(.text)
    I2S_Cmd                                  0x0800cf71   Thumb Code    24  stm32f4xx_spi.o(.text)
    SPI_DataSizeConfig                       0x0800cf89   Thumb Code    18  stm32f4xx_spi.o(.text)
    SPI_BiDirectionalLineConfig              0x0800cf9b   Thumb Code    28  stm32f4xx_spi.o(.text)
    SPI_NSSInternalSoftwareConfig            0x0800cfb7   Thumb Code    30  stm32f4xx_spi.o(.text)
    SPI_SSOutputCmd                          0x0800cfd5   Thumb Code    24  stm32f4xx_spi.o(.text)
    SPI_TIModeCmd                            0x0800cfed   Thumb Code    24  stm32f4xx_spi.o(.text)
    I2S_FullDuplexConfig                     0x0800d005   Thumb Code    80  stm32f4xx_spi.o(.text)
    SPI_I2S_ReceiveData                      0x0800d055   Thumb Code     6  stm32f4xx_spi.o(.text)
    SPI_I2S_SendData                         0x0800d05b   Thumb Code     4  stm32f4xx_spi.o(.text)
    SPI_CalculateCRC                         0x0800d05f   Thumb Code    24  stm32f4xx_spi.o(.text)
    SPI_TransmitCRC                          0x0800d077   Thumb Code    10  stm32f4xx_spi.o(.text)
    SPI_GetCRC                               0x0800d081   Thumb Code    16  stm32f4xx_spi.o(.text)
    SPI_GetCRCPolynomial                     0x0800d091   Thumb Code     6  stm32f4xx_spi.o(.text)
    SPI_I2S_DMACmd                           0x0800d097   Thumb Code    18  stm32f4xx_spi.o(.text)
    SPI_I2S_ITConfig                         0x0800d0a9   Thumb Code    68  stm32f4xx_spi.o(.text)
    SPI_I2S_GetFlagStatus                    0x0800d0ed   Thumb Code    18  stm32f4xx_spi.o(.text)
    SPI_I2S_ClearFlag                        0x0800d0ff   Thumb Code     6  stm32f4xx_spi.o(.text)
    SPI_I2S_GetITStatus                      0x0800d105   Thumb Code    52  stm32f4xx_spi.o(.text)
    SPI_I2S_ClearITPendingBit                0x0800d139   Thumb Code    20  stm32f4xx_spi.o(.text)
    SDIO_DeInit                              0x0800d14d   Thumb Code    22  stm32f4xx_sdio.o(.text)
    SDIO_Init                                0x0800d163   Thumb Code    42  stm32f4xx_sdio.o(.text)
    SDIO_StructInit                          0x0800d18d   Thumb Code    16  stm32f4xx_sdio.o(.text)
    SDIO_ClockCmd                            0x0800d19d   Thumb Code     6  stm32f4xx_sdio.o(.text)
    SDIO_SetPowerState                       0x0800d1a3   Thumb Code     8  stm32f4xx_sdio.o(.text)
    SDIO_GetPowerState                       0x0800d1ab   Thumb Code    12  stm32f4xx_sdio.o(.text)
    SDIO_SendCommand                         0x0800d1b7   Thumb Code    42  stm32f4xx_sdio.o(.text)
    SDIO_CmdStructInit                       0x0800d1e1   Thumb Code    14  stm32f4xx_sdio.o(.text)
    SDIO_GetCommandResponse                  0x0800d1ef   Thumb Code    10  stm32f4xx_sdio.o(.text)
    SDIO_GetResponse                         0x0800d1f9   Thumb Code    22  stm32f4xx_sdio.o(.text)
    SDIO_DataConfig                          0x0800d20f   Thumb Code    48  stm32f4xx_sdio.o(.text)
    SDIO_DataStructInit                      0x0800d23f   Thumb Code    20  stm32f4xx_sdio.o(.text)
    SDIO_GetDataCounter                      0x0800d253   Thumb Code     8  stm32f4xx_sdio.o(.text)
    SDIO_ReadData                            0x0800d25b   Thumb Code     8  stm32f4xx_sdio.o(.text)
    SDIO_WriteData                           0x0800d263   Thumb Code     8  stm32f4xx_sdio.o(.text)
    SDIO_GetFIFOCount                        0x0800d26b   Thumb Code     8  stm32f4xx_sdio.o(.text)
    SDIO_StartSDIOReadWait                   0x0800d273   Thumb Code     6  stm32f4xx_sdio.o(.text)
    SDIO_StopSDIOReadWait                    0x0800d279   Thumb Code     8  stm32f4xx_sdio.o(.text)
    SDIO_SetSDIOReadWaitMode                 0x0800d281   Thumb Code     8  stm32f4xx_sdio.o(.text)
    SDIO_SetSDIOOperation                    0x0800d289   Thumb Code     8  stm32f4xx_sdio.o(.text)
    SDIO_SendSDIOSuspendCmd                  0x0800d291   Thumb Code     6  stm32f4xx_sdio.o(.text)
    SDIO_CommandCompletionCmd                0x0800d297   Thumb Code     8  stm32f4xx_sdio.o(.text)
    SDIO_CEATAITCmd                          0x0800d29f   Thumb Code    12  stm32f4xx_sdio.o(.text)
    SDIO_SendCEATACmd                        0x0800d2ab   Thumb Code     8  stm32f4xx_sdio.o(.text)
    SDIO_DMACmd                              0x0800d2b3   Thumb Code     8  stm32f4xx_sdio.o(.text)
    SDIO_ITConfig                            0x0800d2bb   Thumb Code    34  stm32f4xx_sdio.o(.text)
    SDIO_GetFlagStatus                       0x0800d2dd   Thumb Code    22  stm32f4xx_sdio.o(.text)
    SDIO_ClearFlag                           0x0800d2f3   Thumb Code     8  stm32f4xx_sdio.o(.text)
    SDIO_GetITStatus                         0x0800d2fb   Thumb Code    22  stm32f4xx_sdio.o(.text)
    SDIO_ClearITPendingBit                   0x0800d311   Thumb Code     8  stm32f4xx_sdio.o(.text)
    DMA_DeInit                               0x0800d329   Thumb Code   324  stm32f4xx_dma.o(.text)
    DMA_Init                                 0x0800d46d   Thumb Code    82  stm32f4xx_dma.o(.text)
    DMA_StructInit                           0x0800d4bf   Thumb Code    34  stm32f4xx_dma.o(.text)
    DMA_Cmd                                  0x0800d4e1   Thumb Code    22  stm32f4xx_dma.o(.text)
    DMA_PeriphIncOffsetSizeConfig            0x0800d4f7   Thumb Code    22  stm32f4xx_dma.o(.text)
    DMA_FlowControllerConfig                 0x0800d50d   Thumb Code    22  stm32f4xx_dma.o(.text)
    DMA_SetCurrDataCounter                   0x0800d523   Thumb Code     4  stm32f4xx_dma.o(.text)
    DMA_GetCurrDataCounter                   0x0800d527   Thumb Code     8  stm32f4xx_dma.o(.text)
    DMA_DoubleBufferModeConfig               0x0800d52f   Thumb Code    24  stm32f4xx_dma.o(.text)
    DMA_DoubleBufferModeCmd                  0x0800d547   Thumb Code    22  stm32f4xx_dma.o(.text)
    DMA_MemoryTargetConfig                   0x0800d55d   Thumb Code    10  stm32f4xx_dma.o(.text)
    DMA_GetCurrentMemoryTarget               0x0800d567   Thumb Code    20  stm32f4xx_dma.o(.text)
    DMA_GetCmdStatus                         0x0800d57b   Thumb Code    20  stm32f4xx_dma.o(.text)
    DMA_GetFIFOStatus                        0x0800d58f   Thumb Code    12  stm32f4xx_dma.o(.text)
    DMA_GetFlagStatus                        0x0800d59b   Thumb Code    56  stm32f4xx_dma.o(.text)
    DMA_ClearFlag                            0x0800d5d3   Thumb Code    40  stm32f4xx_dma.o(.text)
    DMA_ITConfig                             0x0800d5fb   Thumb Code    58  stm32f4xx_dma.o(.text)
    DMA_GetITStatus                          0x0800d635   Thumb Code    84  stm32f4xx_dma.o(.text)
    DMA_ClearITPendingBit                    0x0800d689   Thumb Code    40  stm32f4xx_dma.o(.text)
    mymemcpy                                 0x0800d6d1   Thumb Code    26  malloc.o(.text)
    mymemset                                 0x0800d6eb   Thumb Code    20  malloc.o(.text)
    my_mem_init                              0x0800d6ff   Thumb Code    54  malloc.o(.text)
    my_mem_perused                           0x0800d735   Thumb Code    54  malloc.o(.text)
    my_mem_malloc                            0x0800d76b   Thumb Code   154  malloc.o(.text)
    my_mem_free                              0x0800d805   Thumb Code    94  malloc.o(.text)
    myfree                                   0x0800d863   Thumb Code    50  malloc.o(.text)
    mymalloc                                 0x0800d895   Thumb Code    54  malloc.o(.text)
    myrealloc                                0x0800d8cb   Thumb Code    84  malloc.o(.text)
    usmart_sys_cmd_exe                       0x0800d931   Thumb Code  1554  usmart.o(.text)
    usmart_reset_runtime                     0x0800df43   Thumb Code    38  usmart.o(.text)
    usmart_get_runtime                       0x0800df69   Thumb Code    60  usmart.o(.text)
    TIM4_IRQHandler                          0x0800dfa5   Thumb Code    46  usmart.o(.text)
    Timer4_Init                              0x0800dfd3   Thumb Code    86  usmart.o(.text)
    usmart_init                              0x0800e029   Thumb Code    36  usmart.o(.text)
    usmart_cmd_rec                           0x0800e04d   Thumb Code   170  usmart.o(.text)
    usmart_exe                               0x0800e0f7   Thumb Code   868  usmart.o(.text)
    usmart_scan                              0x0800e45b   Thumb Code   120  usmart.o(.text)
    read_addr                                0x0800e4d3   Thumb Code     6  usmart.o(.text)
    write_addr                               0x0800e4d9   Thumb Code     4  usmart.o(.text)
    usmart_strcmp                            0x0800e565   Thumb Code    34  usmart_str.o(.text)
    usmart_strcopy                           0x0800e587   Thumb Code    22  usmart_str.o(.text)
    usmart_strlen                            0x0800e59d   Thumb Code    24  usmart_str.o(.text)
    usmart_pow                               0x0800e5b5   Thumb Code    22  usmart_str.o(.text)
    usmart_str2num                           0x0800e5cb   Thumb Code   202  usmart_str.o(.text)
    usmart_get_cmdname                       0x0800e695   Thumb Code    54  usmart_str.o(.text)
    usmart_search_nextc                      0x0800e6cb   Thumb Code    22  usmart_str.o(.text)
    usmart_get_fname                         0x0800e6e1   Thumb Code   440  usmart_str.o(.text)
    usmart_get_aparm                         0x0800e899   Thumb Code   200  usmart_str.o(.text)
    usmart_get_parmpos                       0x0800e961   Thumb Code    26  usmart_str.o(.text)
    usmart_get_fparam                        0x0800e97b   Thumb Code   262  usmart_str.o(.text)
    disk_initialize                          0x0800ea8d   Thumb Code    52  diskio.o(.text)
    disk_status                              0x0800eac1   Thumb Code     6  diskio.o(.text)
    disk_read                                0x0800eac7   Thumb Code   122  diskio.o(.text)
    disk_write                               0x0800eb41   Thumb Code   122  diskio.o(.text)
    disk_ioctl                               0x0800ebbb   Thumb Code   170  diskio.o(.text)
    get_fattime                              0x0800ec65   Thumb Code     4  diskio.o(.text)
    ff_memalloc                              0x0800ec69   Thumb Code    14  diskio.o(.text)
    ff_memfree                               0x0800ec77   Thumb Code    14  diskio.o(.text)
    clust2sect                               0x0800ee3b   Thumb Code    26  ff.o(.text)
    get_fat                                  0x0800ee55   Thumb Code   232  ff.o(.text)
    put_fat                                  0x0800ef3d   Thumb Code   310  ff.o(.text)
    dir_sdi                                  0x0800f1e7   Thumb Code   158  ff.o(.text)
    f_mount                                  0x08010259   Thumb Code    86  ff.o(.text)
    f_open                                   0x080102af   Thumb Code   384  ff.o(.text)
    f_read                                   0x0801042f   Thumb Code   448  ff.o(.text)
    f_write                                  0x080105ef   Thumb Code   490  ff.o(.text)
    f_sync                                   0x080107d9   Thumb Code   176  ff.o(.text)
    f_close                                  0x08010889   Thumb Code    36  ff.o(.text)
    f_lseek                                  0x080108ad   Thumb Code   654  ff.o(.text)
    f_opendir                                0x08010b3b   Thumb Code   136  ff.o(.text)
    f_closedir                               0x08010bc3   Thumb Code    22  ff.o(.text)
    f_readdir                                0x08010bd9   Thumb Code   114  ff.o(.text)
    f_stat                                   0x08010c4b   Thumb Code    84  ff.o(.text)
    f_getfree                                0x08010c9f   Thumb Code   258  ff.o(.text)
    f_truncate                               0x08010da1   Thumb Code   184  ff.o(.text)
    f_unlink                                 0x08010e59   Thumb Code   194  ff.o(.text)
    f_mkdir                                  0x08010f1b   Thumb Code   380  ff.o(.text)
    f_chmod                                  0x08011097   Thumb Code   112  ff.o(.text)
    f_utime                                  0x08011107   Thumb Code   110  ff.o(.text)
    f_rename                                 0x08011175   Thumb Code   314  ff.o(.text)
    f_getlabel                               0x080112af   Thumb Code   190  ff.o(.text)
    f_setlabel                               0x0801136d   Thumb Code   470  ff.o(.text)
    f_mkfs                                   0x08011543   Thumb Code  1570  ff.o(.text)
    f_gets                                   0x08011b65   Thumb Code    82  ff.o(.text)
    f_putc                                   0x08011bfb   Thumb Code    64  ff.o(.text)
    f_puts                                   0x08011c3b   Thumb Code    74  ff.o(.text)
    f_printf                                 0x08011c85   Thumb Code   674  ff.o(.text)
    exfuns_init                              0x08011f29   Thumb Code   114  exfuns.o(.text)
    char_upper                               0x08011f9b   Thumb Code    26  exfuns.o(.text)
    f_typetell                               0x08011fb5   Thumb Code   172  exfuns.o(.text)
    exf_getfree                              0x08012061   Thumb Code    74  exfuns.o(.text)
    mf_mount                                 0x080120c1   Thumb Code    20  fattester.o(.text)
    mf_open                                  0x080120d5   Thumb Code    24  fattester.o(.text)
    mf_close                                 0x080120ed   Thumb Code    14  fattester.o(.text)
    mf_read                                  0x080120fb   Thumb Code   224  fattester.o(.text)
    mf_write                                 0x080121db   Thumb Code    68  fattester.o(.text)
    mf_opendir                               0x0801221f   Thumb Code    14  fattester.o(.text)
    mf_closedir                              0x0801222d   Thumb Code    10  fattester.o(.text)
    mf_readdir                               0x08012237   Thumb Code   204  fattester.o(.text)
    mf_scan_files                            0x08012303   Thumb Code   128  fattester.o(.text)
    mf_showfree                              0x08012383   Thumb Code    88  fattester.o(.text)
    mf_lseek                                 0x080123db   Thumb Code    16  fattester.o(.text)
    mf_tell                                  0x080123eb   Thumb Code     8  fattester.o(.text)
    mf_size                                  0x080123f3   Thumb Code     8  fattester.o(.text)
    mf_mkdir                                 0x080123fb   Thumb Code    12  fattester.o(.text)
    mf_fmkfs                                 0x08012407   Thumb Code    20  fattester.o(.text)
    mf_unlink                                0x0801241b   Thumb Code    12  fattester.o(.text)
    mf_rename                                0x08012427   Thumb Code    16  fattester.o(.text)
    mf_getlabel                              0x08012437   Thumb Code    58  fattester.o(.text)
    mf_setlabel                              0x08012471   Thumb Code    34  fattester.o(.text)
    mf_gets                                  0x08012493   Thumb Code   686  fattester.o(.text)
    mf_putc                                  0x08012741   Thumb Code    18  fattester.o(.text)
    mf_puts                                  0x08012753   Thumb Code    18  fattester.o(.text)
    mf_scan_dir                              0x08012765   Thumb Code   386  fattester.o(.text)
    file_manage                              0x080128e7   Thumb Code   350  fattester.o(.text)
    ff_convert                               0x08012a8d   Thumb Code   146  mycc936.o(.text)
    ff_wtoupper                              0x08012b1f   Thumb Code    46  mycc936.o(.text)
    fupd_prog                                0x08012b59   Thumb Code   148  fontupd.o(.text)
    updata_fontx                             0x08012bed   Thumb Code   346  fontupd.o(.text)
    update_font                              0x08012d47   Thumb Code   884  fontupd.o(.text)
    font_init                                0x080130bb   Thumb Code    64  fontupd.o(.text)
    Get_HzMat                                0x08013139   Thumb Code   220  text.o(.text)
    Show_Font                                0x08013215   Thumb Code   190  text.o(.text)
    Show_Str                                 0x080132d3   Thumb Code   192  text.o(.text)
    Show_Str_Mid                             0x08013393   Thumb Code   106  text.o(.text)
    audio_i2s_dma_callback                   0x0801340d   Thumb Code    80  videoplayer.o(.text)
    video_get_tnum                           0x0801345d   Thumb Code   116  videoplayer.o(.text)
    video_time_show                          0x080134d1   Thumb Code   280  videoplayer.o(.text)
    video_info_show                          0x080135e9   Thumb Code   130  videoplayer.o(.text)
    video_bmsg_show                          0x0801366b   Thumb Code   114  videoplayer.o(.text)
    video_play_mjpeg                         0x080136dd   Thumb Code  1804  videoplayer.o(.text)
    video_play                               0x08013de9   Thumb Code   540  videoplayer.o(.text)
    video_seek                               0x08014005   Thumb Code   390  videoplayer.o(.text)
    avi_srarch_id                            0x0801419d   Thumb Code    68  avi.o(.text)
    avi_init                                 0x080141e1   Thumb Code   696  avi.o(.text)
    avi_get_streaminfo                       0x08014499   Thumb Code    88  avi.o(.text)
    mjpeg_malloc                             0x08014615   Thumb Code    44  mjpeg.o(.text)
    mjpegdec_free                            0x08014741   Thumb Code    34  mjpeg.o(.text)
    mjpegdec_init                            0x08014763   Thumb Code    86  mjpeg.o(.text)
    mjpegdec_decode                          0x080147b9   Thumb Code   230  mjpeg.o(.text)
    jpeg_abort                               0x0801490d   Thumb Code    54  jcomapi.o(.text)
    jpeg_destroy                             0x08014943   Thumb Code    24  jcomapi.o(.text)
    jpeg_alloc_quant_table                   0x0801495b   Thumb Code    28  jcomapi.o(.text)
    jpeg_alloc_huff_table                    0x08014977   Thumb Code    30  jcomapi.o(.text)
    jdiv_round_up                            0x08014995   Thumb Code    12  jutils.o(.text)
    jround_up                                0x080149a1   Thumb Code    18  jutils.o(.text)
    jcopy_sample_rows                        0x080149b3   Thumb Code    66  jutils.o(.text)
    jcopy_block_row                          0x080149f5   Thumb Code    20  jutils.o(.text)
    jpeg_std_error                           0x08014b23   Thumb Code    48  jerror.o(.text)
    jinit_memory_mgr                         0x080154ef   Thumb Code   244  jmemmgr.o(.text)
    jpeg_CreateDecompress                    0x08015625   Thumb Code   188  jdapimin.o(.text)
    jpeg_destroy_decompress                  0x080156e1   Thumb Code    12  jdapimin.o(.text)
    jpeg_abort_decompress                    0x080156ed   Thumb Code    12  jdapimin.o(.text)
    jpeg_consume_input                       0x080158af   Thumb Code   140  jdapimin.o(.text)
    jpeg_read_header                         0x0801593b   Thumb Code    96  jdapimin.o(.text)
    jpeg_input_complete                      0x0801599b   Thumb Code    44  jdapimin.o(.text)
    jpeg_has_multiple_scans                  0x080159c7   Thumb Code    44  jdapimin.o(.text)
    jpeg_finish_decompress                   0x080159f3   Thumb Code   144  jdapimin.o(.text)
    jpeg_start_decompress                    0x08015b21   Thumb Code   174  jdapistd.o(.text)
    jpeg_read_scanlines                      0x08015bcf   Thumb Code    96  jdapistd.o(.text)
    jpeg_read_raw_data                       0x08015c2f   Thumb Code   150  jdapistd.o(.text)
    jpeg_start_output                        0x08015cc5   Thumb Code    70  jdapistd.o(.text)
    jpeg_finish_output                       0x08015d0b   Thumb Code   108  jdapistd.o(.text)
    jinit_arith_decoder                      0x0801696b   Thumb Code   130  jdarith.o(.text)
    jpeg_calc_output_dimensions              0x08016ae7   Thumb Code   376  jdmaster.o(.text)
    jpeg_new_colormap                        0x08016fe9   Thumb Code    88  jdmaster.o(.text)
    jinit_master_decompress                  0x08017041   Thumb Code    42  jdmaster.o(.text)
    jpeg_core_output_dimensions              0x08017075   Thumb Code  1022  jdinput.o(.text)
    jinit_input_controller                   0x08017aff   Thumb Code    50  jdinput.o(.text)
    jpeg_resync_to_restart                   0x08019673   Thumb Code   192  jdmarker.o(.text)
    jinit_marker_reader                      0x0801974f   Thumb Code    86  jdmarker.o(.text)
    jpeg_save_markers                        0x080197a5   Thumb Code   136  jdmarker.o(.text)
    jpeg_set_marker_processor                0x0801982d   Thumb Code    66  jdmarker.o(.text)
    jinit_huff_decoder                       0x0801afb3   Thumb Code   144  jdhuff.o(.text)
    jinit_d_main_controller                  0x0801b4a1   Thumb Code   168  jdmainct.o(.text)
    jinit_d_coef_controller                  0x0801bef1   Thumb Code   212  jdcoefct.o(.text)
    jinit_d_post_controller                  0x0801c1fd   Thumb Code   118  jdpostct.o(.text)
    jinit_inverse_dct                        0x0801c68f   Thumb Code    88  jddctmgr.o(.text)
    jpeg_idct_ifast                          0x0801c785   Thumb Code  1314  jidctfst.o(.text)
    jpeg_idct_float                          0x0801cca9   Thumb Code  1124  jidctflt.o(.text)
    jpeg_idct_islow                          0x0801d121   Thumb Code  1218  jidctint.o(.text)
    jpeg_idct_7x7                            0x0801d5e3   Thumb Code   826  jidctint.o(.text)
    jpeg_idct_6x6                            0x0801d91d   Thumb Code   592  jidctint.o(.text)
    jpeg_idct_5x5                            0x0801db6d   Thumb Code   512  jidctint.o(.text)
    jpeg_idct_4x4                            0x0801dd6d   Thumb Code   386  jidctint.o(.text)
    jpeg_idct_3x3                            0x0801deef   Thumb Code   262  jidctint.o(.text)
    jpeg_idct_2x2                            0x0801dff5   Thumb Code   182  jidctint.o(.text)
    jpeg_idct_1x1                            0x0801e0ab   Thumb Code    56  jidctint.o(.text)
    jpeg_idct_9x9                            0x0801e0e3   Thumb Code  1002  jidctint.o(.text)
    jpeg_idct_10x10                          0x0801e4cd   Thumb Code  1094  jidctint.o(.text)
    jpeg_idct_11x11                          0x0801e913   Thumb Code  1454  jidctint.o(.text)
    jpeg_idct_12x12                          0x0801eec1   Thumb Code  1332  jidctint.o(.text)
    jpeg_idct_13x13                          0x0801f3f5   Thumb Code  1598  jidctint.o(.text)
    jpeg_idct_14x14                          0x0801fa33   Thumb Code  1534  jidctint.o(.text)
    jpeg_idct_15x15                          0x08020031   Thumb Code  1586  jidctint.o(.text)
    jpeg_idct_16x16                          0x08020663   Thumb Code  1932  jidctint.o(.text)
    jpeg_idct_16x8                           0x08020def   Thumb Code  1654  jidctint.o(.text)
    jpeg_idct_14x7                           0x08021465   Thumb Code  1330  jidctint.o(.text)
    jpeg_idct_12x6                           0x08021997   Thumb Code   994  jidctint.o(.text)
    jpeg_idct_10x5                           0x08021d79   Thumb Code   828  jidctint.o(.text)
    jpeg_idct_8x4                            0x080220b5   Thumb Code   692  jidctint.o(.text)
    jpeg_idct_6x3                            0x08022369   Thumb Code   450  jidctint.o(.text)
    jpeg_idct_4x2                            0x0802252b   Thumb Code   278  jidctint.o(.text)
    jpeg_idct_2x1                            0x08022641   Thumb Code    90  jidctint.o(.text)
    jpeg_idct_8x16                           0x0802269b   Thumb Code  1458  jidctint.o(.text)
    jpeg_idct_7x14                           0x08022c4d   Thumb Code  1244  jidctint.o(.text)
    jpeg_idct_6x12                           0x08023129   Thumb Code   980  jidctint.o(.text)
    jpeg_idct_5x10                           0x080234fd   Thumb Code   822  jidctint.o(.text)
    jpeg_idct_4x8                            0x08023833   Thumb Code   840  jidctint.o(.text)
    jpeg_idct_3x6                            0x08023b7b   Thumb Code   434  jidctint.o(.text)
    jpeg_idct_2x4                            0x08023d2d   Thumb Code   264  jidctint.o(.text)
    jpeg_idct_1x2                            0x08023e35   Thumb Code    88  jidctint.o(.text)
    jinit_upsampler                          0x080240cd   Thumb Code   342  jdsample.o(.text)
    jinit_color_deconverter                  0x080248fb   Thumb Code   648  jdcolor.o(.text)
    jinit_2pass_quantizer                    0x080258db   Thumb Code   244  jquant2.o(.text)
    jinit_1pass_quantizer                    0x0802623b   Thumb Code   124  jquant1.o(.text)
    jinit_merged_upsampler                   0x080268d9   Thumb Code    76  jdmerge.o(.text)
    jpeg_get_small                           0x08026939   Thumb Code    14  jmemnobs.o(.text)
    jpeg_free_small                          0x08026947   Thumb Code     2  jmemnobs.o(.text)
    jpeg_get_large                           0x08026949   Thumb Code    14  jmemnobs.o(.text)
    jpeg_free_large                          0x08026957   Thumb Code     2  jmemnobs.o(.text)
    jpeg_mem_available                       0x08026959   Thumb Code     8  jmemnobs.o(.text)
    jpeg_open_backing_store                  0x08026961   Thumb Code    24  jmemnobs.o(.text)
    jpeg_mem_init                            0x08026979   Thumb Code     6  jmemnobs.o(.text)
    jpeg_mem_term                            0x0802697f   Thumb Code     2  jmemnobs.o(.text)
    stdbmp_decode                            0x08026981   Thumb Code   712  bmp.o(.text)
    minibmp_decode                           0x08026c49   Thumb Code   932  bmp.o(.text)
    bmp_encode                               0x08026fed   Thumb Code   486  bmp.o(.text)
    gif_check_head                           0x080271e1   Thumb Code    88  gif.o(.text)
    gif_getrgb565                            0x08027239   Thumb Code    28  gif.o(.text)
    gif_readcolortbl                         0x08027255   Thumb Code    64  gif.o(.text)
    gif_getinfo                              0x08027295   Thumb Code    70  gif.o(.text)
    gif_savegctbl                            0x080272db   Thumb Code    38  gif.o(.text)
    gif_recovergctbl                         0x08027301   Thumb Code    38  gif.o(.text)
    gif_initlzw                              0x08027327   Thumb Code   152  gif.o(.text)
    gif_getdatablock                         0x080273bf   Thumb Code    96  gif.o(.text)
    gif_readextension                        0x0802741f   Thumb Code   160  gif.o(.text)
    gif_getnextcode                          0x080274bf   Thumb Code   452  gif.o(.text)
    gif_getnextbyte                          0x08027683   Thumb Code   856  gif.o(.text)
    gif_dispimage                            0x080279db   Thumb Code   544  gif.o(.text)
    gif_clear2bkcolor                        0x08027bfb   Thumb Code   496  gif.o(.text)
    gif_drawimage                            0x08027deb   Thumb Code   352  gif.o(.text)
    gif_quit                                 0x08027f4b   Thumb Code     8  gif.o(.text)
    gif_decode                               0x08027f53   Thumb Code   296  gif.o(.text)
    piclib_draw_hline                        0x08028081   Thumb Code    52  piclib.o(.text)
    piclib_fill_color                        0x080280b5   Thumb Code    44  piclib.o(.text)
    piclib_init                              0x080280e1   Thumb Code    62  piclib.o(.text)
    piclib_alpha_blend                       0x0802811f   Thumb Code    42  piclib.o(.text)
    ai_draw_init                             0x08028149   Thumb Code   216  piclib.o(.text)
    is_element_ok                            0x08028221   Thumb Code    36  piclib.o(.text)
    ai_load_picfile                          0x08028245   Thumb Code   194  piclib.o(.text)
    pic_memalloc                             0x08028307   Thumb Code    14  piclib.o(.text)
    pic_memfree                              0x08028315   Thumb Code    14  piclib.o(.text)
    jd_prepare                               0x08028ee5   Thumb Code   924  tjpgd.o(.text)
    jd_decomp                                0x08029281   Thumb Code   162  tjpgd.o(.text)
    jpeg_mallocall                           0x08029323   Thumb Code    70  tjpgd.o(.text)
    jpeg_freeall                             0x08029369   Thumb Code    28  tjpgd.o(.text)
    jpeg_in_func                             0x08029385   Thumb Code    48  tjpgd.o(.text)
    jpeg_out_func_fill                       0x080293b5   Thumb Code    74  tjpgd.o(.text)
    jpeg_out_func_point                      0x080293ff   Thumb Code   182  tjpgd.o(.text)
    jpg_decode                               0x080294b5   Thumb Code   234  tjpgd.o(.text)
    OS_TaskStatStkChk                        0x080295b5   Thumb Code    54  os_core.o(.text)
    OS_TaskStat                              0x080295eb   Thumb Code   116  os_core.o(.text)
    OS_TaskIdle                              0x08029693   Thumb Code    34  os_core.o(.text)
    OS_MemClr                                0x080296e9   Thumb Code    18  os_core.o(.text)
    OSInit                                   0x08029807   Thumb Code    44  os_core.o(.text)
    OSIntEnter                               0x08029833   Thumb Code    28  os_core.o(.text)
    OSIntExit                                0x08029869   Thumb Code   112  os_core.o(.text)
    OSSchedLock                              0x080298d9   Thumb Code    50  os_core.o(.text)
    OS_Sched                                 0x0802990b   Thumb Code    88  os_core.o(.text)
    OSSchedUnlock                            0x08029963   Thumb Code   238  os_core.o(.text)
    OSStart                                  0x08029a51   Thumb Code    48  os_core.o(.text)
    OSStatInit                               0x08029a81   Thumb Code    62  os_core.o(.text)
    OSTimeTick                               0x08029abf   Thumb Code   210  os_core.o(.text)
    OSVersion                                0x08029b91   Thumb Code     6  os_core.o(.text)
    OS_Dummy                                 0x08029b97   Thumb Code     2  os_core.o(.text)
    OS_EventTaskRemove                       0x08029b99   Thumb Code    42  os_core.o(.text)
    OS_EventTaskRdy                          0x08029bc3   Thumb Code   114  os_core.o(.text)
    OS_EventTaskWait                         0x08029c35   Thumb Code   112  os_core.o(.text)
    OS_EventWaitListInit                     0x08029ca5   Thumb Code    28  os_core.o(.text)
    OS_MemCopy                               0x08029cc1   Thumb Code    20  os_core.o(.text)
    OS_StrLen                                0x08029cd5   Thumb Code    20  os_core.o(.text)
    OS_TCBInit                               0x08029ce9   Thumb Code   280  os_core.o(.text)
    OSFlagAccept                             0x08029e45   Thumb Code   252  os_flag.o(.text)
    OSFlagCreate                             0x08029f41   Thumb Code    86  os_flag.o(.text)
    OS_FlagUnlink                            0x08029f97   Thumb Code    36  os_flag.o(.text)
    OSFlagDel                                0x0802a00d   Thumb Code   214  os_flag.o(.text)
    OSFlagNameGet                            0x0802a0e3   Thumb Code    80  os_flag.o(.text)
    OSFlagNameSet                            0x0802a133   Thumb Code    66  os_flag.o(.text)
    OSFlagPend                               0x0802a20d   Thumb Code   614  os_flag.o(.text)
    OSFlagPendGetFlagsRdy                    0x0802a473   Thumb Code    26  os_flag.o(.text)
    OSFlagPost                               0x0802a48d   Thumb Code   312  os_flag.o(.text)
    OSFlagQuery                              0x0802a5c5   Thumb Code    48  os_flag.o(.text)
    OS_FlagInit                              0x0802a5f5   Thumb Code    78  os_flag.o(.text)
    OSMboxAccept                             0x0802a651   Thumb Code    38  os_mbox.o(.text)
    OSMboxCreate                             0x0802a677   Thumb Code    68  os_mbox.o(.text)
    OSMboxDel                                0x0802a6bb   Thumb Code   200  os_mbox.o(.text)
    OSMboxPend                               0x0802a783   Thumb Code   246  os_mbox.o(.text)
    OSMboxPendAbort                          0x0802a879   Thumb Code   128  os_mbox.o(.text)
    OSMboxPost                               0x0802a8f9   Thumb Code    80  os_mbox.o(.text)
    OSMboxPostOpt                            0x0802a949   Thumb Code   120  os_mbox.o(.text)
    OSMboxQuery                              0x0802a9c1   Thumb Code    76  os_mbox.o(.text)
    OSQAccept                                0x0802aa1d   Thumb Code    88  os_q.o(.text)
    OSQCreate                                0x0802aa75   Thumb Code   140  os_q.o(.text)
    OSQDel                                   0x0802ab01   Thumb Code   236  os_q.o(.text)
    OSQFlush                                 0x0802abed   Thumb Code    36  os_q.o(.text)
    OSQPend                                  0x0802ac11   Thumb Code   272  os_q.o(.text)
    OSQPendAbort                             0x0802ad21   Thumb Code   128  os_q.o(.text)
    OSQPost                                  0x0802ada1   Thumb Code   114  os_q.o(.text)
    OSQPostFront                             0x0802ae13   Thumb Code   136  os_q.o(.text)
    OSQPostOpt                               0x0802ae9b   Thumb Code   182  os_q.o(.text)
    OSQQuery                                 0x0802af51   Thumb Code    98  os_q.o(.text)
    OS_QInit                                 0x0802afb3   Thumb Code    72  os_q.o(.text)
    OSTaskChangePrio                         0x0802b005   Thumb Code   308  os_task.o(.text)
    OSTaskCreate                             0x0802b139   Thumb Code   148  os_task.o(.text)
    OS_TaskStkClr                            0x0802b1cd   Thumb Code    26  os_task.o(.text)
    OSTaskCreateExt                          0x0802b1e7   Thumb Code   170  os_task.o(.text)
    OSTaskDel                                0x0802b291   Thumb Code   294  os_task.o(.text)
    OSTaskDelReq                             0x0802b3b7   Thumb Code   144  os_task.o(.text)
    OSTaskNameGet                            0x0802b447   Thumb Code   114  os_task.o(.text)
    OSTaskNameSet                            0x0802b4b9   Thumb Code    98  os_task.o(.text)
    OSTaskResume                             0x0802b51b   Thumb Code   154  os_task.o(.text)
    OSTaskStkChk                             0x0802b5b5   Thumb Code   132  os_task.o(.text)
    OSTaskSuspend                            0x0802b639   Thumb Code   152  os_task.o(.text)
    OSTaskQuery                              0x0802b6d1   Thumb Code    82  os_task.o(.text)
    OSTaskRegGet                             0x0802b723   Thumb Code    60  os_task.o(.text)
    OSTaskRegSet                             0x0802b75f   Thumb Code    62  os_task.o(.text)
    OS_TaskReturn                            0x0802b79d   Thumb Code    18  os_task.o(.text)
    OSTimeDly                                0x0802b7c9   Thumb Code   100  os_time.o(.text)
    OSTimeDlyHMSM                            0x0802b82d   Thumb Code    86  os_time.o(.text)
    OSTimeDlyResume                          0x0802b883   Thumb Code   168  os_time.o(.text)
    OSTimeGet                                0x0802b92b   Thumb Code    24  os_time.o(.text)
    OSTimeSet                                0x0802b943   Thumb Code    24  os_time.o(.text)
    OS_CPU_SR_Save                           0x0802b979   Thumb Code     0  os_cpu_a.o(.text)
    OS_CPU_SR_Restore                        0x0802b981   Thumb Code     0  os_cpu_a.o(.text)
    OSStartHighRdy                           0x0802b987   Thumb Code     0  os_cpu_a.o(.text)
    OSCtxSw                                  0x0802b9ab   Thumb Code     0  os_cpu_a.o(.text)
    OSIntCtxSw                               0x0802b9b9   Thumb Code     0  os_cpu_a.o(.text)
    PendSV_Handler                           0x0802b9c9   Thumb Code     0  os_cpu_a.o(.text)
    OSInitHookBegin                          0x0802ba41   Thumb Code     2  os_cpu_c.o(.text)
    OSInitHookEnd                            0x0802ba43   Thumb Code     2  os_cpu_c.o(.text)
    OSTaskCreateHook                         0x0802ba45   Thumb Code     2  os_cpu_c.o(.text)
    OSTaskDelHook                            0x0802ba47   Thumb Code     2  os_cpu_c.o(.text)
    OSTaskIdleHook                           0x0802ba49   Thumb Code     2  os_cpu_c.o(.text)
    OSTaskStatHook                           0x0802ba4b   Thumb Code     2  os_cpu_c.o(.text)
    OSTaskStkInit                            0x0802ba4d   Thumb Code   426  os_cpu_c.o(.text)
    OSTaskSwHook                             0x0802bbf7   Thumb Code     2  os_cpu_c.o(.text)
    OSTCBInitHook                            0x0802bbf9   Thumb Code     2  os_cpu_c.o(.text)
    OSTimeTickHook                           0x0802bbfb   Thumb Code     2  os_cpu_c.o(.text)
    OSTaskReturnHook                         0x0802bbfd   Thumb Code     2  os_cpu_c.o(.text)
    __aeabi_ldivmod                          0x0802bc05   Thumb Code    98  ldiv.o(.text)
    __aeabi_memcpy                           0x0802bc67   Thumb Code    36  memcpya.o(.text)
    __aeabi_memcpy4                          0x0802bc67   Thumb Code     0  memcpya.o(.text)
    __aeabi_memcpy8                          0x0802bc67   Thumb Code     0  memcpya.o(.text)
    __aeabi_memset                           0x0802bc8b   Thumb Code    14  memseta.o(.text)
    __aeabi_memset4                          0x0802bc8b   Thumb Code     0  memseta.o(.text)
    __aeabi_memset8                          0x0802bc8b   Thumb Code     0  memseta.o(.text)
    __aeabi_memclr                           0x0802bc99   Thumb Code     4  memseta.o(.text)
    __aeabi_memclr4                          0x0802bc99   Thumb Code     0  memseta.o(.text)
    __aeabi_memclr8                          0x0802bc99   Thumb Code     0  memseta.o(.text)
    _memset$wrapper                          0x0802bc9d   Thumb Code    18  memseta.o(.text)
    strcat                                   0x0802bcaf   Thumb Code    24  strcat.o(.text)
    strncpy                                  0x0802bcc7   Thumb Code    24  strncpy.o(.text)
    strlen                                   0x0802bcdf   Thumb Code    14  strlen.o(.text)
    strcmp                                   0x0802bced   Thumb Code    28  strcmp.o(.text)
    strcpy                                   0x0802bd09   Thumb Code    18  strcpy.o(.text)
    __0sscanf                                0x0802bd1d   Thumb Code    48  __0sscanf.o(.text)
    _scanf_int                               0x0802bd55   Thumb Code   332  _scanf_int.o(.text)
    _scanf_string                            0x0802bea1   Thumb Code   224  _scanf_str.o(.text)
    __aeabi_dadd                             0x0802bf81   Thumb Code   322  dadd.o(.text)
    __aeabi_dsub                             0x0802c0c3   Thumb Code     6  dadd.o(.text)
    __aeabi_drsub                            0x0802c0c9   Thumb Code     6  dadd.o(.text)
    __aeabi_dmul                             0x0802c0cf   Thumb Code   228  dmul.o(.text)
    __aeabi_ddiv                             0x0802c1b3   Thumb Code   222  ddiv.o(.text)
    __aeabi_i2d                              0x0802c291   Thumb Code    34  dflti.o(.text)
    __aeabi_ui2d                             0x0802c2b3   Thumb Code    26  dfltui.o(.text)
    __aeabi_d2uiz                            0x0802c2cd   Thumb Code    50  dfixui.o(.text)
    __aeabi_f2d                              0x0802c2ff   Thumb Code    38  f2d.o(.text)
    __aeabi_cdcmpeq                          0x0802c325   Thumb Code     0  cdcmple.o(.text)
    __aeabi_cdcmple                          0x0802c325   Thumb Code    48  cdcmple.o(.text)
    __aeabi_cdrcmple                         0x0802c355   Thumb Code    48  cdrcmple.o(.text)
    __aeabi_d2f                              0x0802c385   Thumb Code    56  d2f.o(.text)
    setjmp                                   0x0802c3bd   Thumb Code    26  setjmp.o(.text)
    longjmp                                  0x0802c3d7   Thumb Code    36  setjmp.o(.text)
    __aeabi_uldivmod                         0x0802c3fb   Thumb Code    98  uldiv.o(.text)
    __aeabi_llsl                             0x0802c45d   Thumb Code    30  llshl.o(.text)
    _ll_shift_l                              0x0802c45d   Thumb Code     0  llshl.o(.text)
    __aeabi_llsr                             0x0802c47b   Thumb Code    32  llushr.o(.text)
    _ll_ushift_r                             0x0802c47b   Thumb Code     0  llushr.o(.text)
    __aeabi_lasr                             0x0802c49b   Thumb Code    36  llsshr.o(.text)
    _ll_sshift_r                             0x0802c49b   Thumb Code     0  llsshr.o(.text)
    _chval                                   0x0802c4bf   Thumb Code    28  _chval.o(.text)
    __vfscanf_char                           0x0802c4e9   Thumb Code    20  scanf_char.o(.text)
    _sgetc                                   0x0802c505   Thumb Code    30  _sgetc.o(.text)
    _sbackspace                              0x0802c523   Thumb Code    34  _sgetc.o(.text)
    __I$use$fp                               0x0802c545   Thumb Code     0  iusefp.o(.text)
    _float_round                             0x0802c545   Thumb Code    18  fepilogue.o(.text)
    _float_epilogue                          0x0802c557   Thumb Code    92  fepilogue.o(.text)
    _double_round                            0x0802c5b3   Thumb Code    30  depilogue.o(.text)
    _double_epilogue                         0x0802c5d1   Thumb Code   156  depilogue.o(.text)
    _dsqrt                                   0x0802c66d   Thumb Code   162  dsqrt.o(.text)
    __scatterload                            0x0802c711   Thumb Code    28  init.o(.text)
    __scatterload_rt2                        0x0802c711   Thumb Code     0  init.o(.text)
    isspace                                  0x0802c735   Thumb Code    10  isspace_c.o(.text)
    __vfscanf                                0x0802c741   Thumb Code   808  _scanf.o(.text)
    __ctype_lookup                           0x0802ca6d   Thumb Code    34  ctype_c.o(.text)
    __decompress                             0x0802ca95   Thumb Code     0  __dczerorl2.o(.text)
    __decompress1                            0x0802ca95   Thumb Code    86  __dczerorl2.o(.text)
    __0printf$8                              0x0802caed   Thumb Code    22  printf8.o(i.__0printf$8)
    __1printf$8                              0x0802caed   Thumb Code     0  printf8.o(i.__0printf$8)
    __2printf                                0x0802caed   Thumb Code     0  printf8.o(i.__0printf$8)
    __0sprintf$8                             0x0802cb0d   Thumb Code    34  printf8.o(i.__0sprintf$8)
    __1sprintf$8                             0x0802cb0d   Thumb Code     0  printf8.o(i.__0sprintf$8)
    __2sprintf                               0x0802cb0d   Thumb Code     0  printf8.o(i.__0sprintf$8)
    __hardfp_sqrt                            0x0802cb35   Thumb Code   122  sqrt.o(i.__hardfp_sqrt)
    __scatterload_copy                       0x0802cbaf   Thumb Code    14  handlers.o(i.__scatterload_copy)
    __scatterload_null                       0x0802cbbd   Thumb Code     2  handlers.o(i.__scatterload_null)
    __scatterload_zeroinit                   0x0802cbbf   Thumb Code    14  handlers.o(i.__scatterload_zeroinit)
    __set_errno                              0x0802cbcd   Thumb Code     6  errno.o(i.__set_errno)
    asc2_1206                                0x0802d044   Data        1140  lcd.o(.constdata)
    asc2_1608                                0x0802d4b8   Data        1520  lcd.o(.constdata)
    asc2_2412                                0x0802daa8   Data        3420  lcd.o(.constdata)
    I2S_PSC_TBL                              0x0802e804   Data         110  i2s.o(.constdata)
    FT5206_TPX_TBL                           0x0802e872   Data          10  ft5206.o(.constdata)
    GT9147_CFG_TBL                           0x0802e87c   Data         184  gt9147.o(.constdata)
    GT9147_TPX_TBL                           0x0802e934   Data          10  gt9147.o(.constdata)
    OTT_TPX_TBL                              0x0802e93e   Data          10  ott2001a.o(.constdata)
    TP_REMIND_MSG_TBL                        0x0802e948   Data           4  touch.o(.constdata)
    FSMC_DefaultTimingStruct                 0x0802e94c   Data          28  stm32f4xx_fsmc.o(.constdata)
    memtblsize                               0x0802e968   Data          12  malloc.o(.constdata)
    memblksize                               0x0802e974   Data          12  malloc.o(.constdata)
    memsize                                  0x0802e980   Data          12  malloc.o(.constdata)
    FILE_TYPE_TBL                            0x0802e9c8   Data         112  exfuns.o(.constdata)
    GBK24_PATH                               0x0802edf8   Data           4  fontupd.o(.constdata)
    GBK16_PATH                               0x0802edfc   Data           4  fontupd.o(.constdata)
    GBK12_PATH                               0x0802ee00   Data           4  fontupd.o(.constdata)
    UNIGBK_PATH                              0x0802ee04   Data           4  fontupd.o(.constdata)
    AVI_VIDS_FLAG_TBL                        0x0802ee08   Data           8  avi.o(.constdata)
    AVI_AUDS_FLAG_TBL                        0x0802ee10   Data           8  avi.o(.constdata)
    jpeg_aritab                              0x0802ee18   Data         456  jaricom.o(.constdata)
    jpeg_natural_order                       0x0802efe0   Data         320  jutils.o(.constdata)
    jpeg_natural_order7                      0x0802f120   Data         260  jutils.o(.constdata)
    jpeg_natural_order6                      0x0802f224   Data         208  jutils.o(.constdata)
    jpeg_natural_order5                      0x0802f2f4   Data         164  jutils.o(.constdata)
    jpeg_natural_order4                      0x0802f398   Data         128  jutils.o(.constdata)
    jpeg_natural_order3                      0x0802f418   Data         100  jutils.o(.constdata)
    jpeg_natural_order2                      0x0802f47c   Data          80  jutils.o(.constdata)
    jpeg_std_message_table                   0x0802f4cc   Data         512  jerror.o(.constdata)
    _aMaskTbl                                0x0802fc14   Data          32  gif.o(.constdata)
    _aInterlaceOffset                        0x0802fc34   Data           4  gif.o(.constdata)
    _aInterlaceYPos                          0x0802fc38   Data           4  gif.o(.constdata)
    OSUnMapTbl                               0x080300fc   Data         256  os_core.o(.constdata)
    __ctype_categories                       0x080301fc   Data          64  ctype_c.o(.constdata)
    Region$$Table$$Base                      0x080318b0   Number         0  anon$$obj.o(Region$$Table)
    Region$$Table$$Limit                     0x080318d0   Number         0  anon$$obj.o(Region$$Table)
    mem3base                                 0x10000000   Data       61440  malloc.o(.ARM.__AT_0x10000000)
    mem3mapbase                              0x1000f000   Data        3840  malloc.o(.ARM.__AT_0x1000F000)
    SystemCoreClock                          0x20000000   Data           4  system_stm32f4xx.o(.data)
    AHBPrescTable                            0x20000004   Data          16  system_stm32f4xx.o(.data)
    msg_key                                  0x20000014   Data           4  main.o(.data)
    POINT_COLOR                              0x20000018   Data           2  lcd.o(.data)
    BACK_COLOR                               0x2000001a   Data           2  lcd.o(.data)
    W25QXX_TYPE                              0x2000001e   Data           2  w25qxx.o(.data)
    TransferError                            0x2000002a   Data           1  sdio_sdcard.o(.data)
    TransferEnd                              0x2000002b   Data           1  sdio_sdcard.o(.data)
    tempbuff                                 0x2000002c   Data           4  sdio_sdcard.o(.data)
    i2s_tx_callback                          0x20000030   Data           4  i2s.o(.data)
    i2s_rx_callback                          0x20000034   Data           4  i2s.o(.data)
    frame                                    0x200000ac   Data           2  timer.o(.data)
    frameup                                  0x200000ae   Data           1  timer.o(.data)
    tp_dev                                   0x200000b4   Data          52  touch.o(.data)
    CMD_RDX                                  0x200000e8   Data           1  touch.o(.data)
    CMD_RDY                                  0x200000e9   Data           1  touch.o(.data)
    __stdout                                 0x200000f0   Data           4  usart.o(.data)
    USART_RX_STA                             0x200000f4   Data           2  usart.o(.data)
    mallco_dev                               0x20000108   Data          36  malloc.o(.data)
    sys_cmd_tab                              0x2000012c   Data          28  usmart.o(.data)
    usmart_nametab                           0x20000148   Data         120  usmart_config.o(.data)
    usmart_dev                               0x200001c0   Data         244  usmart_config.o(.data)
    FLASH_SECTOR_COUNT                       0x200002b4   Data           2  diskio.o(.data)
    file                                     0x200002b8   Data           4  exfuns.o(.data)
    ftemp                                    0x200002bc   Data           4  exfuns.o(.data)
    br                                       0x200002c0   Data           4  exfuns.o(.data)
    bw                                       0x200002c4   Data           4  exfuns.o(.data)
    fatbuf                                   0x200002c8   Data           4  exfuns.o(.data)
    i2splaybuf                               0x200002cc   Data           1  videoplayer.o(.data)
    cinfo                                    0x200002d4   Data           4  mjpeg.o(.data)
    jerr                                     0x200002d8   Data           4  mjpeg.o(.data)
    jpegbuf                                  0x200002dc   Data           4  mjpeg.o(.data)
    jbufsize                                 0x200002e0   Data           4  mjpeg.o(.data)
    imgoffx                                  0x200002e4   Data           2  mjpeg.o(.data)
    imgoffy                                  0x200002e6   Data           2  mjpeg.o(.data)
    jmembuf                                  0x200002e8   Data           4  mjpeg.o(.data)
    jmempos                                  0x200002ec   Data           4  mjpeg.o(.data)
    gifdecoding                              0x200002f0   Data           1  gif.o(.data)
    f_jpeg                                   0x200002f4   Data           4  tjpgd.o(.data)
    jpeg_dev                                 0x200002f8   Data           4  tjpgd.o(.data)
    jpg_buffer                               0x200002fc   Data           4  tjpgd.o(.data)
    OSCtxSwCtr                               0x20000300   Data           4  os_core.o(.data)
    OSEventFreeList                          0x20000304   Data           4  os_core.o(.data)
    OSFlagFreeList                           0x20000308   Data           4  os_core.o(.data)
    OSCPUUsage                               0x2000030c   Data           1  os_core.o(.data)
    OSIdleCtrMax                             0x20000310   Data           4  os_core.o(.data)
    OSIdleCtrRun                             0x20000314   Data           4  os_core.o(.data)
    OSStatRdy                                0x20000318   Data           1  os_core.o(.data)
    OSIntNesting                             0x20000319   Data           1  os_core.o(.data)
    OSLockNesting                            0x2000031a   Data           1  os_core.o(.data)
    OSPrioCur                                0x2000031b   Data           1  os_core.o(.data)
    OSPrioHighRdy                            0x2000031c   Data           1  os_core.o(.data)
    OSRdyGrp                                 0x2000031d   Data           1  os_core.o(.data)
    OSRdyTbl                                 0x2000031e   Data           8  os_core.o(.data)
    OSRunning                                0x20000326   Data           1  os_core.o(.data)
    OSTaskCtr                                0x20000327   Data           1  os_core.o(.data)
    OSIdleCtr                                0x20000328   Data           4  os_core.o(.data)
    OSTCBCur                                 0x2000032c   Data           4  os_core.o(.data)
    OSTCBFreeList                            0x20000330   Data           4  os_core.o(.data)
    OSTCBHighRdy                             0x20000334   Data           4  os_core.o(.data)
    OSTCBList                                0x20000338   Data           4  os_core.o(.data)
    OSTickStepState                          0x2000033c   Data           1  os_core.o(.data)
    OSQFreeList                              0x20000340   Data           4  os_core.o(.data)
    OSTime                                   0x20000344   Data           4  os_core.o(.data)
    START_TASK_STK                           0x2000034c   Data         256  main.o(.bss)
    TOUCH_TASK_STK                           0x2000044c   Data         512  main.o(.bss)
    LED_TASK_STK                             0x2000064c   Data         256  main.o(.bss)
    MAIN_TASK_STK                            0x2000074c   Data        1024  main.o(.bss)
    KEY_TASK_STK                             0x20000b4c   Data         256  main.o(.bss)
    lcddev                                   0x20000c4c   Data          14  lcd.o(.bss)
    W25QXX_BUFFER                            0x20000c5a   Data        4096  w25qxx.o(.bss)
    SDIO_InitStructure                       0x20001c60   Data          24  sdio_sdcard.o(.bss)
    SDIO_CmdInitStructure                    0x20001c78   Data          20  sdio_sdcard.o(.bss)
    SDIO_DataInitStructure                   0x20001c8c   Data          24  sdio_sdcard.o(.bss)
    SDCardInfo                               0x20001cc8   Data          88  sdio_sdcard.o(.bss)
    SDIO_DATA_BUFFER                         0x20001d20   Data         512  sdio_sdcard.o(.bss)
    USART_RX_BUF                             0x20001f20   Data         200  usart.o(.bss)
    mem1base                                 0x20002000   Data       102400  malloc.o(.bss)
    mem1mapbase                              0x2001b000   Data        6400  malloc.o(.bss)
    fs                                       0x2001c90c   Data          12  exfuns.o(.bss)
    fileinfo                                 0x2001c918   Data          32  exfuns.o(.bss)
    dir                                      0x2001c938   Data          36  exfuns.o(.bss)
    ftinfo                                   0x2001c95c   Data          33  fontupd.o(.bss)
    i2sbuf                                   0x2001c980   Data          16  videoplayer.o(.bss)
    avix                                     0x2001c990   Data          40  avi.o(.bss)
    picinfo                                  0x2001c9b8   Data          40  piclib.o(.bss)
    pic_phy                                  0x2001c9e0   Data          20  piclib.o(.bss)
    OSEventTbl                               0x2001c9f4   Data         200  os_core.o(.bss)
    OSFlagTbl                                0x2001cabc   Data          80  os_core.o(.bss)
    OSTaskStatStk                            0x2001cb0c   Data         512  os_core.o(.bss)
    OSTaskIdleStk                            0x2001cd0c   Data         512  os_core.o(.bss)
    OSTCBPrioTbl                             0x2001cf0c   Data         256  os_core.o(.bss)
    OSTCBTbl                                 0x2001d00c   Data        1008  os_core.o(.bss)
    OSQTbl                                   0x2001d3fc   Data         120  os_core.o(.bss)
    __initial_sp                             0x2001de78   Data           0  startup_stm32f40_41xxx.o(STACK)
    mem2base                                 0x68000000   Data       983040  malloc.o(.ARM.__AT_0x68000000)
    mem2mapbase                              0x680f0000   Data       61440  malloc.o(.ARM.__AT_0x680F0000)



==============================================================================

Memory Map of the image

  Image Entry point : 0x08000189

  Load Region LR_IROM1 (Base: 0x08000000, Size: 0x00031c1c, Max: 0x00100000, ABSOLUTE, COMPRESSED[0x000319e0])

    Execution Region ER_IROM1 (Base: 0x08000000, Size: 0x000318d0, Max: 0x00100000, ABSOLUTE)

    Base Addr    Size         Type   Attr      Idx    E Section Name        Object

    0x08000000   0x00000188   Data   RO          833    RESET               startup_stm32f40_41xxx.o
    0x08000188   0x00000000   Code   RO         2283  * .ARM.Collect$$$$00000000  mc_w.l(entry.o)
    0x08000188   0x00000004   Code   RO         2599    .ARM.Collect$$$$00000001  mc_w.l(entry2.o)
    0x0800018c   0x00000004   Code   RO         2602    .ARM.Collect$$$$00000004  mc_w.l(entry5.o)
    0x08000190   0x00000000   Code   RO         2604    .ARM.Collect$$$$00000008  mc_w.l(entry7b.o)
    0x08000190   0x00000000   Code   RO         2606    .ARM.Collect$$$$0000000A  mc_w.l(entry8b.o)
    0x08000190   0x00000008   Code   RO         2607    .ARM.Collect$$$$0000000B  mc_w.l(entry9a.o)
    0x08000198   0x00000000   Code   RO         2609    .ARM.Collect$$$$0000000D  mc_w.l(entry10a.o)
    0x08000198   0x00000000   Code   RO         2611    .ARM.Collect$$$$0000000F  mc_w.l(entry11a.o)
    0x08000198   0x00000004   Code   RO         2600    .ARM.Collect$$$$00002712  mc_w.l(entry2.o)
    0x0800019c   0x00000010   Code   RO          784    .emb_text           sys.o
    0x080001ac   0x00000016   Code   RO            3    .text               stm32f4xx_it.o
    0x080001c2   0x00000002   PAD
    0x080001c4   0x00000210   Code   RO          133    .text               system_stm32f4xx.o
    0x080003d4   0x000006b0   Code   RO          159    .text               main.o
    0x08000a84   0x00000040   Code   RO          344    .text               led.o
    0x08000ac4   0x00005198   Code   RO          364    .text               lcd.o
    0x08005c5c   0x00000104   Code   RO          412    .text               key.o
    0x08005d60   0x00000118   Code   RO          433    .text               spi.o
    0x08005e78   0x00000384   Code   RO          456    .text               w25qxx.o
    0x080061fc   0x00001d60   Code   RO          487    .text               sdio_sdcard.o
    0x08007f5c   0x0000025c   Code   RO          521    .text               myiic.o
    0x080081b8   0x0000017a   Code   RO          544    .text               24cxx.o
    0x08008332   0x00000002   PAD
    0x08008334   0x00000338   Code   RO          567    .text               i2s.o
    0x0800866c   0x00000424   Code   RO          594    .text               wm8978.o
    0x08008a90   0x00000110   Code   RO          616    .text               timer.o
    0x08008ba0   0x00000254   Code   RO          639    .text               ctiic.o
    0x08008df4   0x0000032c   Code   RO          662    .text               ft5206.o
    0x08009120   0x00000448   Code   RO          686    .text               gt9147.o
    0x08009568   0x00000388   Code   RO          710    .text               ott2001a.o
    0x080098f0   0x000010b0   Code   RO          734    .text               touch.o
    0x0800a9a0   0x00000128   Code   RO          762    .text               delay.o
    0x0800aac8   0x00000150   Code   RO          802    .text               usart.o
    0x0800ac18   0x00000024   Code   RO          834    .text               startup_stm32f40_41xxx.o
    0x0800ac3c   0x000000e0   Code   RO          840    .text               misc.o
    0x0800ad1c   0x00000294   Code   RO          860    .text               stm32f4xx_gpio.o
    0x0800afb0   0x000005c8   Code   RO          880    .text               stm32f4xx_fsmc.o
    0x0800b578   0x0000065c   Code   RO          903    .text               stm32f4xx_rcc.o
    0x0800bbd4   0x00000454   Code   RO          925    .text               stm32f4xx_usart.o
    0x0800c028   0x00000ca2   Code   RO          945    .text               stm32f4xx_tim.o
    0x0800ccca   0x00000002   PAD
    0x0800cccc   0x00000480   Code   RO          985    .text               stm32f4xx_spi.o
    0x0800d14c   0x000001dc   Code   RO         1005    .text               stm32f4xx_sdio.o
    0x0800d328   0x000003a8   Code   RO         1025    .text               stm32f4xx_dma.o
    0x0800d6d0   0x00000260   Code   RO         1045    .text               malloc.o
    0x0800d930   0x00000c34   Code   RO         1077    .text               usmart.o
    0x0800e564   0x00000528   Code   RO         1129    .text               usmart_str.o
    0x0800ea8c   0x00000200   Code   RO         1149    .text               diskio.o
    0x0800ec8c   0x0000329a   Code   RO         1173    .text               ff.o
    0x08011f26   0x00000002   PAD
    0x08011f28   0x00000198   Code   RO         1194    .text               exfuns.o
    0x080120c0   0x000009cc   Code   RO         1226    .text               fattester.o
    0x08012a8c   0x000000cc   Code   RO         1246    .text               mycc936.o
    0x08012b58   0x000005e0   Code   RO         1267    .text               fontupd.o
    0x08013138   0x000002d4   Code   RO         1296    .text               text.o
    0x0801340c   0x00000d90   Code   RO         1382    .text               videoplayer.o
    0x0801419c   0x00000478   Code   RO         1442    .text               avi.o
    0x08014614   0x000002f8   Code   RO         1488    .text               mjpeg.o
    0x0801490c   0x00000088   Code   RO         1548    .text               jcomapi.o
    0x08014994   0x00000074   Code   RO         1567    .text               jutils.o
    0x08014a08   0x00000168   Code   RO         1589    .text               jerror.o
    0x08014b70   0x00000ab4   Code   RO         1620    .text               jmemmgr.o
    0x08015624   0x00000468   Code   RO         1644    .text               jdapimin.o
    0x08015a8c   0x000002ea   Code   RO         1656    .text               jdapistd.o
    0x08015d76   0x00000002   PAD
    0x08015d78   0x00000c90   Code   RO         1668    .text               jdarith.o
    0x08016a08   0x0000066c   Code   RO         1680    .text               jdmaster.o
    0x08017074   0x00000acc   Code   RO         1692    .text               jdinput.o
    0x08017b40   0x00001d48   Code   RO         1704    .text               jdmarker.o
    0x08019888   0x000017dc   Code   RO         1716    .text               jdhuff.o
    0x0801b064   0x000004f4   Code   RO         1730    .text               jdmainct.o
    0x0801b558   0x00000a88   Code   RO         1742    .text               jdcoefct.o
    0x0801bfe0   0x000002a4   Code   RO         1754    .text               jdpostct.o
    0x0801c284   0x00000500   Code   RO         1766    .text               jddctmgr.o
    0x0801c784   0x00000522   Code   RO         1782    .text               jidctfst.o
    0x0801cca6   0x00000002   PAD
    0x0801cca8   0x00000478   Code   RO         1794    .text               jidctflt.o
    0x0801d120   0x00006d84   Code   RO         1806    .text               jidctint.o
    0x08023ea4   0x0000039c   Code   RO         1818    .text               jdsample.o
    0x08024240   0x0000096c   Code   RO         1830    .text               jdcolor.o
    0x08024bac   0x00000e40   Code   RO         1842    .text               jquant2.o
    0x080259ec   0x000008ec   Code   RO         1854    .text               jquant1.o
    0x080262d8   0x00000660   Code   RO         1870    .text               jdmerge.o
    0x08026938   0x00000048   Code   RO         1890    .text               jmemnobs.o
    0x08026980   0x00000860   Code   RO         1931    .text               bmp.o
    0x080271e0   0x00000ea0   Code   RO         1951    .text               gif.o
    0x08028080   0x000002c4   Code   RO         1978    .text               piclib.o
    0x08028344   0x00001270   Code   RO         2004    .text               tjpgd.o
    0x080295b4   0x00000890   Code   RO         2044    .text               os_core.o
    0x08029e44   0x0000080c   Code   RO         2072    .text               os_flag.o
    0x0802a650   0x000003cc   Code   RO         2092    .text               os_mbox.o
    0x0802aa1c   0x000005e8   Code   RO         2146    .text               os_q.o
    0x0802b004   0x000007c4   Code   RO         2186    .text               os_task.o
    0x0802b7c8   0x000001b0   Code   RO         2206    .text               os_time.o
    0x0802b978   0x000000c8   Code   RO         2238    .text               os_cpu_a.o
    0x0802ba40   0x000001c4   Code   RO         2243    .text               os_cpu_c.o
    0x0802bc04   0x00000062   Code   RO         2290    .text               mc_w.l(ldiv.o)
    0x0802bc66   0x00000024   Code   RO         2294    .text               mc_w.l(memcpya.o)
    0x0802bc8a   0x00000024   Code   RO         2296    .text               mc_w.l(memseta.o)
    0x0802bcae   0x00000018   Code   RO         2298    .text               mc_w.l(strcat.o)
    0x0802bcc6   0x00000018   Code   RO         2300    .text               mc_w.l(strncpy.o)
    0x0802bcde   0x0000000e   Code   RO         2302    .text               mc_w.l(strlen.o)
    0x0802bcec   0x0000001c   Code   RO         2304    .text               mc_w.l(strcmp.o)
    0x0802bd08   0x00000012   Code   RO         2306    .text               mc_w.l(strcpy.o)
    0x0802bd1a   0x00000002   PAD
    0x0802bd1c   0x00000038   Code   RO         2571    .text               mc_w.l(__0sscanf.o)
    0x0802bd54   0x0000014c   Code   RO         2573    .text               mc_w.l(_scanf_int.o)
    0x0802bea0   0x000000e0   Code   RO         2575    .text               mc_w.l(_scanf_str.o)
    0x0802bf80   0x0000014e   Code   RO         2577    .text               mf_w.l(dadd.o)
    0x0802c0ce   0x000000e4   Code   RO         2579    .text               mf_w.l(dmul.o)
    0x0802c1b2   0x000000de   Code   RO         2581    .text               mf_w.l(ddiv.o)
    0x0802c290   0x00000022   Code   RO         2583    .text               mf_w.l(dflti.o)
    0x0802c2b2   0x0000001a   Code   RO         2585    .text               mf_w.l(dfltui.o)
    0x0802c2cc   0x00000032   Code   RO         2587    .text               mf_w.l(dfixui.o)
    0x0802c2fe   0x00000026   Code   RO         2589    .text               mf_w.l(f2d.o)
    0x0802c324   0x00000030   Code   RO         2591    .text               mf_w.l(cdcmple.o)
    0x0802c354   0x00000030   Code   RO         2593    .text               mf_w.l(cdrcmple.o)
    0x0802c384   0x00000038   Code   RO         2595    .text               mf_w.l(d2f.o)
    0x0802c3bc   0x0000003e   Code   RO         2597    .text               mf_w.l(setjmp.o)
    0x0802c3fa   0x00000062   Code   RO         2615    .text               mc_w.l(uldiv.o)
    0x0802c45c   0x0000001e   Code   RO         2617    .text               mc_w.l(llshl.o)
    0x0802c47a   0x00000020   Code   RO         2619    .text               mc_w.l(llushr.o)
    0x0802c49a   0x00000024   Code   RO         2621    .text               mc_w.l(llsshr.o)
    0x0802c4be   0x0000001c   Code   RO         2630    .text               mc_w.l(_chval.o)
    0x0802c4da   0x00000002   PAD
    0x0802c4dc   0x00000028   Code   RO         2632    .text               mc_w.l(scanf_char.o)
    0x0802c504   0x00000040   Code   RO         2634    .text               mc_w.l(_sgetc.o)
    0x0802c544   0x00000000   Code   RO         2636    .text               mc_w.l(iusefp.o)
    0x0802c544   0x0000006e   Code   RO         2637    .text               mf_w.l(fepilogue.o)
    0x0802c5b2   0x000000ba   Code   RO         2639    .text               mf_w.l(depilogue.o)
    0x0802c66c   0x000000a2   Code   RO         2641    .text               mf_w.l(dsqrt.o)
    0x0802c70e   0x00000002   PAD
    0x0802c710   0x00000024   Code   RO         2645    .text               mc_w.l(init.o)
    0x0802c734   0x0000000a   Code   RO         2647    .text               mc_w.l(isspace_c.o)
    0x0802c73e   0x00000002   PAD
    0x0802c740   0x0000032c   Code   RO         2649    .text               mc_w.l(_scanf.o)
    0x0802ca6c   0x00000028   Code   RO         2651    .text               mc_w.l(ctype_c.o)
    0x0802ca94   0x00000056   Code   RO         2662    .text               mc_w.l(__dczerorl2.o)
    0x0802caea   0x00000002   PAD
    0x0802caec   0x00000020   Code   RO         2517    i.__0printf$8       mc_w.l(printf8.o)
    0x0802cb0c   0x00000028   Code   RO         2519    i.__0sprintf$8      mc_w.l(printf8.o)
    0x0802cb34   0x0000007a   Code   RO         2271    i.__hardfp_sqrt     m_wm.l(sqrt.o)
    0x0802cbae   0x0000000e   Code   RO         2656    i.__scatterload_copy  mc_w.l(handlers.o)
    0x0802cbbc   0x00000002   Code   RO         2657    i.__scatterload_null  mc_w.l(handlers.o)
    0x0802cbbe   0x0000000e   Code   RO         2658    i.__scatterload_zeroinit  mc_w.l(handlers.o)
    0x0802cbcc   0x0000000c   Code   RO         2625    i.__set_errno       mc_w.l(errno.o)
    0x0802cbd8   0x00000410   Code   RO         2524    i._printf_core      mc_w.l(printf8.o)
    0x0802cfe8   0x00000024   Code   RO         2525    i._printf_post_padding  mc_w.l(printf8.o)
    0x0802d00c   0x0000002e   Code   RO         2526    i._printf_pre_padding  mc_w.l(printf8.o)
    0x0802d03a   0x0000000a   Code   RO         2528    i._sputc            mc_w.l(printf8.o)
    0x0802d044   0x000017c0   Data   RO          366    .constdata          lcd.o
    0x0802e804   0x0000006e   Data   RO          568    .constdata          i2s.o
    0x0802e872   0x0000000a   Data   RO          663    .constdata          ft5206.o
    0x0802e87c   0x000000c2   Data   RO          687    .constdata          gt9147.o
    0x0802e93e   0x0000000a   Data   RO          711    .constdata          ott2001a.o
    0x0802e948   0x00000004   Data   RO          735    .constdata          touch.o
    0x0802e94c   0x0000001c   Data   RO          881    .constdata          stm32f4xx_fsmc.o
    0x0802e968   0x00000024   Data   RO         1051    .constdata          malloc.o
    0x0802e98c   0x0000003a   Data   RO         1175    .constdata          ff.o
    0x0802e9c6   0x00000002   PAD
    0x0802e9c8   0x00000070   Data   RO         1196    .constdata          exfuns.o
    0x0802ea38   0x000003c0   Data   RO         1247    .constdata          mycc936.o
    0x0802edf8   0x00000010   Data   RO         1269    .constdata          fontupd.o
    0x0802ee08   0x00000010   Data   RO         1444    .constdata          avi.o
    0x0802ee18   0x000001c8   Data   RO         1513    .constdata          jaricom.o
    0x0802efe0   0x000004ec   Data   RO         1568    .constdata          jutils.o
    0x0802f4cc   0x00000200   Data   RO         1590    .constdata          jerror.o
    0x0802f6cc   0x00000010   Data   RO         1621    .constdata          jmemmgr.o
    0x0802f6dc   0x0000036c   Data   RO         1717    .constdata          jdhuff.o
    0x0802fa48   0x000000c0   Data   RO         1767    .constdata          jddctmgr.o
    0x0802fb08   0x0000010c   Data   RO         1855    .constdata          jquant1.o
    0x0802fc14   0x00000028   Data   RO         1952    .constdata          gif.o
    0x0802fc3c   0x000004c0   Data   RO         2005    .constdata          tjpgd.o
    0x080300fc   0x00000100   Data   RO         2046    .constdata          os_core.o
    0x080301fc   0x00000040   Data   RO         2652    .constdata          mc_w.l(ctype_c.o)
    0x0803023c   0x00000079   Data   RO          736    .conststring        touch.o
    0x080302b5   0x00000003   PAD
    0x080302b8   0x00000028   Data   RO         1078    .conststring        usmart.o
    0x080302e0   0x00000200   Data   RO         1108    .conststring        usmart_config.o
    0x080304e0   0x00000040   Data   RO         1197    .conststring        exfuns.o
    0x08030520   0x0000005f   Data   RO         1270    .conststring        fontupd.o
    0x0803057f   0x00000001   PAD
    0x08030580   0x0000001d   Data   RO         1445    .conststring        avi.o
    0x0803059d   0x00000003   PAD
    0x080305a0   0x0000130d   Data   RO         1591    .conststring        jerror.o
    0x080318ad   0x00000003   PAD
    0x080318b0   0x00000020   Data   RO         2654    Region$$Table       anon$$obj.o


    Execution Region RW_IRAM1 (Base: 0x20000000, Size: 0x0001de78, Max: 0x00020000, ABSOLUTE, COMPRESSED[0x00000110])

    Base Addr    Size         Type   Attr      Idx    E Section Name        Object

    0x20000000   0x00000014   Data   RW          134    .data               system_stm32f4xx.o
    0x20000014   0x00000004   Data   RW          161    .data               main.o
    0x20000018   0x00000004   Data   RW          367    .data               lcd.o
    0x2000001c   0x00000001   Data   RW          413    .data               key.o
    0x2000001d   0x00000001   PAD
    0x2000001e   0x00000002   Data   RW          458    .data               w25qxx.o
    0x20000020   0x00000010   Data   RW          489    .data               sdio_sdcard.o
    0x20000030   0x00000008   Data   RW          569    .data               i2s.o
    0x20000038   0x00000074   Data   RW          595    .data               wm8978.o
    0x200000ac   0x00000003   Data   RW          617    .data               timer.o
    0x200000af   0x00000001   Data   RW          664    .data               ft5206.o
    0x200000b0   0x00000001   Data   RW          688    .data               gt9147.o
    0x200000b1   0x00000001   Data   RW          712    .data               ott2001a.o
    0x200000b2   0x00000002   PAD
    0x200000b4   0x00000036   Data   RW          737    .data               touch.o
    0x200000ea   0x00000004   Data   RW          763    .data               delay.o
    0x200000ee   0x00000002   PAD
    0x200000f0   0x00000006   Data   RW          804    .data               usart.o
    0x200000f6   0x00000010   Data   RW          904    .data               stm32f4xx_rcc.o
    0x20000106   0x00000002   PAD
    0x20000108   0x00000024   Data   RW         1052    .data               malloc.o
    0x2000012c   0x0000001c   Data   RW         1079    .data               usmart.o
    0x20000148   0x0000016c   Data   RW         1109    .data               usmart_config.o
    0x200002b4   0x00000002   Data   RW         1150    .data               diskio.o
    0x200002b6   0x00000002   Data   RW         1176    .data               ff.o
    0x200002b8   0x00000014   Data   RW         1198    .data               exfuns.o
    0x200002cc   0x00000008   Data   RW         1384    .data               videoplayer.o
    0x200002d4   0x0000001c   Data   RW         1489    .data               mjpeg.o
    0x200002f0   0x00000001   Data   RW         1953    .data               gif.o
    0x200002f1   0x00000003   PAD
    0x200002f4   0x0000000c   Data   RW         2006    .data               tjpgd.o
    0x20000300   0x00000048   Data   RW         2047    .data               os_core.o
    0x20000348   0x00000004   Data   RW         2626    .data               mc_w.l(errno.o)
    0x2000034c   0x00000900   Zero   RW          160    .bss                main.o
    0x20000c4c   0x0000000e   Zero   RW          365    .bss                lcd.o
    0x20000c5a   0x00001000   Zero   RW          457    .bss                w25qxx.o
    0x20001c5a   0x00000006   PAD
    0x20001c60   0x000002c0   Zero   RW          488    .bss                sdio_sdcard.o
    0x20001f20   0x000000c8   Zero   RW          803    .bss                usart.o
    0x20001fe8   0x00000018   PAD
    0x20002000   0x0001a900   Zero   RW         1050    .bss                malloc.o
    0x2001c900   0x0000000c   Zero   RW         1174    .bss                ff.o
    0x2001c90c   0x00000050   Zero   RW         1195    .bss                exfuns.o
    0x2001c95c   0x00000021   Zero   RW         1268    .bss                fontupd.o
    0x2001c97d   0x00000003   PAD
    0x2001c980   0x00000010   Zero   RW         1383    .bss                videoplayer.o
    0x2001c990   0x00000028   Zero   RW         1443    .bss                avi.o
    0x2001c9b8   0x0000003c   Zero   RW         1979    .bss                piclib.o
    0x2001c9f4   0x00000a80   Zero   RW         2045    .bss                os_core.o
    0x2001d474   0x00000004   PAD
    0x2001d478   0x00000a00   Zero   RW          831    STACK               startup_stm32f40_41xxx.o



  Load Region LR$$.ARM.__AT_0x10000000 (Base: 0x10000000, Size: 0x00000000, Max: 0x0000f000, ABSOLUTE)

    Execution Region ER$$.ARM.__AT_0x10000000 (Base: 0x10000000, Size: 0x0000f000, Max: 0x0000f000, ABSOLUTE, UNINIT)

    Base Addr    Size         Type   Attr      Idx    E Section Name        Object

    0x10000000   0x0000f000   Zero   RW         1046    .ARM.__AT_0x10000000  malloc.o



  Load Region LR$$.ARM.__AT_0x1000F000 (Base: 0x1000f000, Size: 0x00000000, Max: 0x00000f00, ABSOLUTE)

    Execution Region ER$$.ARM.__AT_0x1000F000 (Base: 0x1000f000, Size: 0x00000f00, Max: 0x00000f00, ABSOLUTE, UNINIT)

    Base Addr    Size         Type   Attr      Idx    E Section Name        Object

    0x1000f000   0x00000f00   Zero   RW         1047    .ARM.__AT_0x1000F000  malloc.o



  Load Region LR$$.ARM.__AT_0x68000000 (Base: 0x68000000, Size: 0x00000000, Max: 0x000f0000, ABSOLUTE)

    Execution Region ER$$.ARM.__AT_0x68000000 (Base: 0x68000000, Size: 0x000f0000, Max: 0x000f0000, ABSOLUTE, UNINIT)

    Base Addr    Size         Type   Attr      Idx    E Section Name        Object

    0x68000000   0x000f0000   Zero   RW         1048    .ARM.__AT_0x68000000  malloc.o



  Load Region LR$$.ARM.__AT_0x680F0000 (Base: 0x680f0000, Size: 0x00000000, Max: 0x0000f000, ABSOLUTE)

    Execution Region ER$$.ARM.__AT_0x680F0000 (Base: 0x680f0000, Size: 0x0000f000, Max: 0x0000f000, ABSOLUTE, UNINIT)

    Base Addr    Size         Type   Attr      Idx    E Section Name        Object

    0x680f0000   0x0000f000   Zero   RW         1049    .ARM.__AT_0x680F0000  malloc.o


==============================================================================

Image component sizes


      Code (inc. data)   RO Data    RW Data    ZI Data      Debug   Object Name

       378          0          0          0          0       2642   24cxx.o
      1144        292         45          0         40      16135   avi.o
      2144         24          0          0          0       5126   bmp.o
       596         24          0          0          0       2053   ctiic.o
       296         18          0          4          0       1781   delay.o
       512          8          0          2          0       4206   diskio.o
       408         22        176         20         80       2708   exfuns.o
      2508        718          0          0          0       6920   fattester.o
     12954        136         58          2         12      34730   ff.o
      1504        158        111          0         33       4112   fontupd.o
       812         40         10          1          0       2443   ft5206.o
      3744         24         40          1          0       9938   gif.o
      1096         78        194          1          0       2986   gt9147.o
       824         46        110          8          0       3720   i2s.o
         0          0        456          0          0       4322   jaricom.o
       136          0          0          0          0      14696   jcomapi.o
      1128         22          0          0          0       3473   jdapimin.o
       746          0          0          0          0       2512   jdapistd.o
      3216         34          0          0          0       7558   jdarith.o
      2696         28          0          0          0       8706   jdcoefct.o
      2412         84          0          0          0       7594   jdcolor.o
      1280        158        192          0          0       3272   jddctmgr.o
      6108         92        876          0          0      16181   jdhuff.o
      2764         46          0          0          0       4077   jdinput.o
      1268         16          0          0          0       4322   jdmainct.o
      7496        122          0          0          0      15913   jdmarker.o
      1644         18          0          0          0       3768   jdmaster.o
      1632         38          0          0          0       4989   jdmerge.o
       676         18          0          0          0       3170   jdpostct.o
       924         30          0          0          0       4406   jdsample.o
       360         30       5389          0          0      13230   jerror.o
      1144         20          0          0          0       2066   jidctflt.o
      1314          0          0          0          0       2962   jidctfst.o
     28036        146          0          0          0      38842   jidctint.o
      2740         78         16          0          0      23868   jmemmgr.o
        72          0          0          0          0       3087   jmemnobs.o
      2284         44        268          0          0       8920   jquant1.o
      3648         30          0          0          0      11792   jquant2.o
       116          0       1260          0          0      15631   jutils.o
       260         12          0          1          0        856   key.o
     20888        290       6080          4         14      26577   lcd.o
        64          4          0          0          0        515   led.o
      1712        220          0          4       2304     247232   main.o
       608         18         36         36    1218560       5009   malloc.o
       224         20          0          0          0       1797   misc.o
       760        110          0         28          0       3389   mjpeg.o
       204         12        960          0          0       1625   mycc936.o
       604         14          0          0          0       1888   myiic.o
      2192        218        256         72       2688      15067   os_core.o
       200         32          0          0          0        316   os_cpu_a.o
       452          6          0          0          0      10582   os_cpu_c.o
      2060         42          0          0          0       6880   os_flag.o
       972         16          0          0          0       4106   os_mbox.o
      1512         30          0          0          0       5509   os_q.o
      1988         70          0          0          0       7545   os_task.o
       432         30          0          0          0       1794   os_time.o
       904         66         10          1          0       2643   ott2001a.o
       708         34          0          0         60       4631   piclib.o
      7520        282          0         16        704      24925   sdio_sdcard.o
       280          8          0          0          0       1049   spi.o
        36          8        392          0       2560        820   startup_stm32f40_41xxx.o
       936         32          0          0          0       6273   stm32f4xx_dma.o
      1480         18         28          0          0       5586   stm32f4xx_fsmc.o
       660         44          0          0          0       4073   stm32f4xx_gpio.o
        22          0          0          0          0      91151   stm32f4xx_it.o
      1628         52          0         16          0      12852   stm32f4xx_rcc.o
       476         16          0          0          0       7368   stm32f4xx_sdio.o
      1152         36          0          0          0       6825   stm32f4xx_spi.o
      3234         60          0          0          0      22280   stm32f4xx_tim.o
      1108         34          0          0          0       7776   stm32f4xx_usart.o
        16          0          0          0          0        480   sys.o
       528         46          0         20          0       1747   system_stm32f4xx.o
       724         16          0          0          0       2952   text.o
       272         28          0          3          0       1478   timer.o
      4720         70       1216         12          0      16855   tjpgd.o
      4272        242        125         54          0       6911   touch.o
       336         16          0          6        200       3278   usart.o
      3124       1286         40         28          0       4334   usmart.o
         0          0        512        364          0       1472   usmart_config.o
      1320         12          0          0          0       5145   usmart_str.o
      3472        394          0          8         16       7650   videoplayer.o
       900         32          0          2       4096       5541   w25qxx.o
      1060         12          0        116          0       5469   wm8978.o

    ----------------------------------------------------------------------
    178792       6630      18900        840    1231404     931108   Object Totals
         0          0         32          0          0          0   (incl. Generated)
        12          0         12         10         37          0   (incl. Padding)

    ----------------------------------------------------------------------

      Code (inc. data)   RO Data    RW Data    ZI Data      Debug   Library Member Name

       122          0          0          0          0        148   sqrt.o
        56          8          0          0          0         84   __0sscanf.o
        86          0          0          0          0          0   __dczerorl2.o
        28          0          0          0          0         68   _chval.o
       812          4          0          0          0        112   _scanf.o
       332          0          0          0          0         96   _scanf_int.o
       224          0          0          0          0         96   _scanf_str.o
        64          0          0          0          0         84   _sgetc.o
        40          6         64          0          0         68   ctype_c.o
         0          0          0          0          0          0   entry.o
         0          0          0          0          0          0   entry10a.o
         0          0          0          0          0          0   entry11a.o
         8          4          0          0          0          0   entry2.o
         4          0          0          0          0          0   entry5.o
         0          0          0          0          0          0   entry7b.o
         0          0          0          0          0          0   entry8b.o
         8          4          0          0          0          0   entry9a.o
        12          6          0          4          0         68   errno.o
        30          0          0          0          0          0   handlers.o
        36          8          0          0          0         68   init.o
        10          0          0          0          0         68   isspace_c.o
         0          0          0          0          0          0   iusefp.o
        98          0          0          0          0         84   ldiv.o
        30          0          0          0          0         68   llshl.o
        36          0          0          0          0         68   llsshr.o
        32          0          0          0          0         68   llushr.o
        36          0          0          0          0         68   memcpya.o
        36          0          0          0          0        108   memseta.o
      1204         60          0          0          0        504   printf8.o
        40          8          0          0          0         84   scanf_char.o
        24          0          0          0          0         68   strcat.o
        28          0          0          0          0         76   strcmp.o
        18          0          0          0          0         68   strcpy.o
        14          0          0          0          0         68   strlen.o
        24          0          0          0          0         76   strncpy.o
        98          0          0          0          0         92   uldiv.o
        48          0          0          0          0         68   cdcmple.o
        48          0          0          0          0         68   cdrcmple.o
        56          0          0          0          0         88   d2f.o
       334          0          0          0          0        148   dadd.o
       222          0          0          0          0        100   ddiv.o
       186          0          0          0          0        176   depilogue.o
        50          0          0          0          0         76   dfixui.o
        34          0          0          0          0         76   dflti.o
        26          0          0          0          0         76   dfltui.o
       228          0          0          0          0         96   dmul.o
       162          0          0          0          0        100   dsqrt.o
        38          0          0          0          0         68   f2d.o
       110          0          0          0          0        168   fepilogue.o
        62          0          0          0          0         96   setjmp.o

    ----------------------------------------------------------------------
      5204        108         64          4          0       3864   Library Totals
        10          0          0          0          0          0   (incl. Padding)

    ----------------------------------------------------------------------

      Code (inc. data)   RO Data    RW Data    ZI Data      Debug   Library Name

       122          0          0          0          0        148   m_wm.l
      3468        108         64          4          0       2312   mc_w.l
      1604          0          0          0          0       1404   mf_w.l

    ----------------------------------------------------------------------
      5204        108         64          4          0       3864   Library Totals

    ----------------------------------------------------------------------

==============================================================================


      Code (inc. data)   RO Data    RW Data    ZI Data      Debug   

    183996       6738      18964        844    1231404     919076   Grand Totals
    183996       6738      18964        272    1231404     919076   ELF Image Totals (compressed)
    183996       6738      18964        272          0          0   ROM Totals

==============================================================================

    Total RO  Size (Code + RO Data)               202960 ( 198.20kB)
    Total RW  Size (RW Data + ZI Data)           1232248 (1203.37kB)
    Total ROM Size (Code + RO Data + RW Data)     203232 ( 198.47kB)

==============================================================================

