Component: ARM Compiler 5.05 update 1 (build 106) Tool: armlink [4d0efa]

==============================================================================

Section Cross References

    system_stm32f4xx.o(.text) refers to system_stm32f4xx.o(.data) for SystemCoreClock
    main.o(.text) refers to lcd.o(.text) for LCD_Clear
    main.o(.text) refers to window.o(.text) for window_msg_box
    main.o(.text) refers to delay.o(.text) for delay_ms
    main.o(.text) refers to os_mbox.o(.text) for OSMboxCreate
    main.o(.text) refers to os_core.o(.text) for OSStatInit
    main.o(.text) refers to os_cpu_a.o(.text) for OS_CPU_SR_Save
    main.o(.text) refers to os_task.o(.text) for OSTaskCreate
    main.o(.text) refers to misc.o(.text) for NVIC_PriorityGroupConfig
    main.o(.text) refers to usart.o(.text) for uart_init
    main.o(.text) refers to key.o(.text) for KEY_Init
    main.o(.text) refers to gui.o(.text) for gui_init
    main.o(.text) refers to malloc.o(.text) for my_mem_init
    main.o(.text) refers to exfuns.o(.text) for exfuns_init
    main.o(.text) refers to ff.o(.text) for f_mount
    main.o(.text) refers to w25qxx.o(.text) for W25QXX_Init
    main.o(.text) refers to wm8978.o(.text) for WM8978_Init
    main.o(.text) refers to sram.o(.text) for FSMC_SRAM_Init
    main.o(.text) refers to timer.o(.text) for TIM3_Int_Init
    main.o(.text) refers to fontupd.o(.text) for font_init
    main.o(.text) refers to videoplayer.o(.text) for video_play
    main.o(.text) refers to fattester.o(.text) for file_manage
    main.o(.text) refers to main.o(.data) for msg_key
    main.o(.text) refers to main.o(.bss) for MAIN_TASK_STK
    main.o(.text) refers to touch.o(.data) for tp_dev
    main.o(.text) refers to exfuns.o(.bss) for fs
    main.o(.text) refers to lcd.o(.data) for POINT_COLOR
    led.o(.text) refers to stm32f4xx_rcc.o(.text) for RCC_AHB1PeriphClockCmd
    led.o(.text) refers to stm32f4xx_gpio.o(.text) for GPIO_Init
    lcd.o(.text) refers to malloc.o(.text) for mymalloc
    lcd.o(.text) refers to ff.o(.text) for f_opendir
    lcd.o(.text) refers to text.o(.text) for Show_Str
    lcd.o(.text) refers to delay.o(.text) for delay_ms
    lcd.o(.text) refers to lcd.o(.bss) for lcddev
    lcd.o(.text) refers to exfuns.o(.text) for f_typetell
    lcd.o(.text) refers to piclib.o(.text) for piclib_init
    lcd.o(.text) refers to strcpy.o(.text) for strcpy
    lcd.o(.text) refers to strcat.o(.text) for strcat
    lcd.o(.text) refers to dfltui.o(.text) for __aeabi_ui2d
    lcd.o(.text) refers to dmul.o(.text) for __aeabi_dmul
    lcd.o(.text) refers to dfixui.o(.text) for __aeabi_d2uiz
    lcd.o(.text) refers to lcd.o(.data) for POINT_COLOR
    lcd.o(.text) refers to stm32f4xx_rcc.o(.text) for RCC_AHB1PeriphClockCmd
    lcd.o(.text) refers to stm32f4xx_gpio.o(.text) for GPIO_Init
    lcd.o(.text) refers to stm32f4xx_fsmc.o(.text) for FSMC_NORSRAMInit
    lcd.o(.text) refers to printf8.o(i.__0printf$8) for __2printf
    lcd.o(.text) refers to lcd.o(.constdata) for asc2_1206
    key.o(.text) refers to stm32f4xx_rcc.o(.text) for RCC_AHB1PeriphClockCmd
    key.o(.text) refers to stm32f4xx_gpio.o(.text) for GPIO_Init
    key.o(.text) refers to delay.o(.text) for delay_ms
    key.o(.text) refers to key.o(.data) for key_up
    spi.o(.text) refers to stm32f4xx_spi.o(.text) for SPI_I2S_GetFlagStatus
    spi.o(.text) refers to stm32f4xx_rcc.o(.text) for RCC_AHB1PeriphClockCmd
    spi.o(.text) refers to stm32f4xx_gpio.o(.text) for GPIO_Init
    w25qxx.o(.text) refers to spi.o(.text) for SPI1_ReadWriteByte
    w25qxx.o(.text) refers to stm32f4xx_rcc.o(.text) for RCC_AHB1PeriphClockCmd
    w25qxx.o(.text) refers to stm32f4xx_gpio.o(.text) for GPIO_Init
    w25qxx.o(.text) refers to printf8.o(i.__0printf$8) for __2printf
    w25qxx.o(.text) refers to delay.o(.text) for delay_us
    w25qxx.o(.text) refers to w25qxx.o(.data) for W25QXX_TYPE
    w25qxx.o(.text) refers to w25qxx.o(.bss) for W25QXX_BUFFER
    sdio_sdcard.o(.text) refers to stm32f4xx_sdio.o(.text) for SDIO_GetFlagStatus
    sdio_sdcard.o(.text) refers to sdio_sdcard.o(.data) for DeviceMode
    sdio_sdcard.o(.text) refers to sdio_sdcard.o(.bss) for SDIO_CmdInitStructure
    sdio_sdcard.o(.text) refers to stm32f4xx_rcc.o(.text) for RCC_AHB1PeriphClockCmd
    sdio_sdcard.o(.text) refers to stm32f4xx_gpio.o(.text) for GPIO_Init
    sdio_sdcard.o(.text) refers to misc.o(.text) for NVIC_Init
    sdio_sdcard.o(.text) refers to stm32f4xx_dma.o(.text) for DMA_GetCmdStatus
    sdio_sdcard.o(.text) refers to sys.o(.emb_text) for INTX_DISABLE
    sdio_sdcard.o(.text) refers to memcpya.o(.text) for __aeabi_memcpy
    myiic.o(.text) refers to stm32f4xx_rcc.o(.text) for RCC_AHB1PeriphClockCmd
    myiic.o(.text) refers to stm32f4xx_gpio.o(.text) for GPIO_Init
    myiic.o(.text) refers to delay.o(.text) for delay_us
    24cxx.o(.text) refers to myiic.o(.text) for IIC_Init
    24cxx.o(.text) refers to delay.o(.text) for delay_ms
[...]
    DMA_Init                                 0x0800d2a5   Thumb Code    82  stm32f4xx_dma.o(.text)
    DMA_StructInit                           0x0800d2f7   Thumb Code    34  stm32f4xx_dma.o(.text)
    DMA_Cmd                                  0x0800d319   Thumb Code    22  stm32f4xx_dma.o(.text)
    DMA_PeriphIncOffsetSizeConfig            0x0800d32f   Thumb Code    22  stm32f4xx_dma.o(.text)
    DMA_FlowControllerConfig                 0x0800d345   Thumb Code    22  stm32f4xx_dma.o(.text)
    DMA_SetCurrDataCounter                   0x0800d35b   Thumb Code     4  stm32f4xx_dma.o(.text)
    DMA_GetCurrDataCounter                   0x0800d35f   Thumb Code     8  stm32f4xx_dma.o(.text)
    DMA_DoubleBufferModeConfig               0x0800d367   Thumb Code    24  stm32f4xx_dma.o(.text)
    DMA_DoubleBufferModeCmd                  0x0800d37f   Thumb Code    22  stm32f4xx_dma.o(.text)
    DMA_MemoryTargetConfig                   0x0800d395   Thumb Code    10  stm32f4xx_dma.o(.text)
    DMA_GetCurrentMemoryTarget               0x0800d39f   Thumb Code    20  stm32f4xx_dma.o(.text)
    DMA_GetCmdStatus                         0x0800d3b3   Thumb Code    20  stm32f4xx_dma.o(.text)
    DMA_GetFIFOStatus                        0x0800d3c7   Thumb Code    12  stm32f4xx_dma.o(.text)
    DMA_GetFlagStatus                        0x0800d3d3   Thumb Code    56  stm32f4xx_dma.o(.text)
    DMA_ClearFlag                            0x0800d40b   Thumb Code    40  stm32f4xx_dma.o(.text)
    DMA_ITConfig                             0x0800d433   Thumb Code    58  stm32f4xx_dma.o(.text)
    DMA_GetITStatus                          0x0800d46d   Thumb Code    84  stm32f4xx_dma.o(.text)
    DMA_ClearITPendingBit                    0x0800d4c1   Thumb Code    40  stm32f4xx_dma.o(.text)
    mymemcpy                                 0x0800d509   Thumb Code    26  malloc.o(.text)
    mymemset                                 0x0800d523   Thumb Code    20  malloc.o(.text)
    my_mem_init                              0x0800d537   Thumb Code    54  malloc.o(.text)
    my_mem_perused                           0x0800d56d   Thumb Code    54  malloc.o(.text)
    my_mem_malloc                            0x0800d5a3   Thumb Code   154  malloc.o(.text)
    my_mem_free                              0x0800d63d   Thumb Code    94  malloc.o(.text)
    myfree                                   0x0800d69b   Thumb Code    50  malloc.o(.text)
    mymalloc                                 0x0800d6cd   Thumb Code    54  malloc.o(.text)
    myrealloc                                0x0800d703   Thumb Code    84  malloc.o(.text)
    usmart_sys_cmd_exe                       0x0800d769   Thumb Code  1554  usmart.o(.text)
    usmart_reset_runtime                     0x0800dd7b   Thumb Code    38  usmart.o(.text)
    usmart_get_runtime                       0x0800dda1   Thumb Code    60  usmart.o(.text)
    TIM4_IRQHandler                          0x0800dddd   Thumb Code    46  usmart.o(.text)
    Timer4_Init                              0x0800de0b   Thumb Code    86  usmart.o(.text)
    usmart_init                              0x0800de61   Thumb Code    36  usmart.o(.text)
    usmart_cmd_rec                           0x0800de85   Thumb Code   170  usmart.o(.text)
    usmart_exe                               0x0800df2f   Thumb Code   868  usmart.o(.text)
    usmart_scan                              0x0800e293   Thumb Code   120  usmart.o(.text)
    read_addr                                0x0800e30b   Thumb Code     6  usmart.o(.text)
    write_addr                               0x0800e311   Thumb Code     4  usmart.o(.text)
    usmart_strcmp                            0x0800e39d   Thumb Code    34  usmart_str.o(.text)
    usmart_strcopy                           0x0800e3bf   Thumb Code    22  usmart_str.o(.text)
    usmart_strlen                            0x0800e3d5   Thumb Code    24  usmart_str.o(.text)
    usmart_pow                               0x0800e3ed   Thumb Code    22  usmart_str.o(.text)
    usmart_str2num                           0x0800e403   Thumb Code   202  usmart_str.o(.text)
    usmart_get_cmdname                       0x0800e4cd   Thumb Code    54  usmart_str.o(.text)
    usmart_search_nextc                      0x0800e503   Thumb Code    22  usmart_str.o(.text)
    usmart_get_fname                         0x0800e519   Thumb Code   440  usmart_str.o(.text)
    usmart_get_aparm                         0x0800e6d1   Thumb Code   200  usmart_str.o(.text)
    usmart_get_parmpos                       0x0800e799   Thumb Code    26  usmart_str.o(.text)
    usmart_get_fparam                        0x0800e7b3   Thumb Code   262  usmart_str.o(.text)
    disk_initialize                          0x0800e8c5   Thumb Code    52  diskio.o(.text)
    disk_status                              0x0800e8f9   Thumb Code     6  diskio.o(.text)
    disk_read                                0x0800e8ff   Thumb Code   122  diskio.o(.text)
    disk_write                               0x0800e979   Thumb Code   122  diskio.o(.text)
    disk_ioctl                               0x0800e9f3   Thumb Code   170  diskio.o(.text)
    get_fattime                              0x0800ea9d   Thumb Code     4  diskio.o(.text)
    ff_memalloc                              0x0800eaa1   Thumb Code    14  diskio.o(.text)
    ff_memfree                               0x0800eaaf   Thumb Code    14  diskio.o(.text)
    clust2sect                               0x0800ec73   Thumb Code    26  ff.o(.text)
    get_fat                                  0x0800ec8d   Thumb Code   232  ff.o(.text)
    put_fat                                  0x0800ed75   Thumb Code   310  ff.o(.text)
    dir_sdi                                  0x0800f01f   Thumb Code   158  ff.o(.text)
    f_mount                                  0x08010091   Thumb Code    86  ff.o(.text)
    f_open                                   0x080100e7   Thumb Code   384  ff.o(.text)
    f_read                                   0x08010267   Thumb Code   448  ff.o(.text)
    f_write                                  0x08010427   Thumb Code   490  ff.o(.text)
    f_sync                                   0x08010611   Thumb Code   176  ff.o(.text)
    f_close                                  0x080106c1   Thumb Code    36  ff.o(.text)
    f_lseek                                  0x080106e5   Thumb Code   654  ff.o(.text)
    f_opendir                                0x08010973   Thumb Code   136  ff.o(.text)
    f_closedir                               0x080109fb   Thumb Code    22  ff.o(.text)
    f_readdir                                0x08010a11   Thumb Code   114  ff.o(.text)
    f_stat                                   0x08010a83   Thumb Code    84  ff.o(.text)
    f_getfree                                0x08010ad7   Thumb Code   258  ff.o(.text)
    f_truncate                               0x08010bd9   Thumb Code   184  ff.o(.text)
    f_unlink                                 0x08010c91   Thumb Code   194  ff.o(.text)
    f_mkdir                                  0x08010d53   Thumb Code   380  ff.o(.text)
    f_chmod                                  0x08010ecf   Thumb Code   112  ff.o(.text)
    f_utime                                  0x08010f3f   Thumb Code   110  ff.o(.text)
    f_rename                                 0x08010fad   Thumb Code   314  ff.o(.text)
    f_getlabel                               0x080110e7   Thumb Code   190  ff.o(.text)
    f_setlabel                               0x080111a5   Thumb Code   470  ff.o(.text)
    f_mkfs                                   0x0801137b   Thumb Code  1570  ff.o(.text)
    f_gets                                   0x0801199d   Thumb Code    82  ff.o(.text)
    f_putc                                   0x08011a33   Thumb Code    64  ff.o(.text)
    f_puts                                   0x08011a73   Thumb Code    74  ff.o(.text)
    f_printf                                 0x08011abd   Thumb Code   674  ff.o(.text)
    exfuns_init                              0x08011d61   Thumb Code   114  exfuns.o(.text)
    char_upper                               0x08011dd3   Thumb Code    26  exfuns.o(.text)
    f_typetell                               0x08011ded   Thumb Code   172  exfuns.o(.text)
    exf_getfree                              0x08011e99   Thumb Code    74  exfuns.o(.text)
    mf_mount                                 0x08011ef9   Thumb Code    20  fattester.o(.text)
    mf_open                                  0x08011f0d   Thumb Code    24  fattester.o(.text)
    mf_close                                 0x08011f25   Thumb Code    14  fattester.o(.text)
    mf_read                                  0x08011f33   Thumb Code   224  fattester.o(.text)
    mf_write                                 0x08012013   Thumb Code    68  fattester.o(.text)
    mf_opendir                               0x08012057   Thumb Code    14  fattester.o(.text)
    mf_closedir                              0x08012065   Thumb Code    10  fattester.o(.text)
    mf_readdir                               0x0801206f   Thumb Code   204  fattester.o(.text)
    mf_scan_files                            0x0801213b   Thumb Code   128  fattester.o(.text)
    mf_showfree                              0x080121bb   Thumb Code    88  fattester.o(.text)
    mf_lseek                                 0x08012213   Thumb Code    16  fattester.o(.text)
    mf_tell                                  0x08012223   Thumb Code     8  fattester.o(.text)
    mf_size                                  0x0801222b   Thumb Code     8  fattester.o(.text)
    mf_mkdir                                 0x08012233   Thumb Code    12  fattester.o(.text)
    mf_fmkfs                                 0x0801223f   Thumb Code    20  fattester.o(.text)
    mf_unlink                                0x08012253   Thumb Code    12  fattester.o(.text)
    mf_rename                                0x0801225f   Thumb Code    16  fattester.o(.text)
    mf_getlabel                              0x0801226f   Thumb Code    58  fattester.o(.text)
    mf_setlabel                              0x080122a9   Thumb Code    34  fattester.o(.text)
    mf_gets                                  0x080122cb   Thumb Code   686  fattester.o(.text)
    mf_putc                                  0x08012579   Thumb Code    18  fattester.o(.text)
    mf_puts                                  0x0801258b   Thumb Code    18  fattester.o(.text)
    mf_scan_dir                              0x0801259d   Thumb Code   386  fattester.o(.text)
    file_manage                              0x0801271f   Thumb Code   350  fattester.o(.text)
    ff_convert                               0x080128c5   Thumb Code   146  mycc936.o(.text)
    ff_wtoupper                              0x08012957   Thumb Code    46  mycc936.o(.text)
    fupd_prog                                0x08012991   Thumb Code   148  fontupd.o(.text)
    updata_fontx                             0x08012a25   Thumb Code   346  fontupd.o(.text)
    update_font                              0x08012b7f   Thumb Code   884  fontupd.o(.text)
    font_init                                0x08012ef3   Thumb Code    64  fontupd.o(.text)
    Get_HzMat                                0x08012f71   Thumb Code   220  text.o(.text)
    Show_Font                                0x0801304d   Thumb Code   190  text.o(.text)
    Show_Str                                 0x0801310b   Thumb Code   192  text.o(.text)
    Show_Str_Mid                             0x080131cb   Thumb Code   106  text.o(.text)
    audio_i2s_dma_callback                   0x08013245   Thumb Code    80  videoplayer.o(.text)
    video_get_tnum                           0x08013295   Thumb Code   116  videoplayer.o(.text)
    video_time_show                          0x08013309   Thumb Code   280  videoplayer.o(.text)
    video_info_show                          0x08013421   Thumb Code   130  videoplayer.o(.text)
    video_bmsg_show                          0x080134a3   Thumb Code   114  videoplayer.o(.text)
    video_play_mjpeg                         0x08013515   Thumb Code  1806  videoplayer.o(.text)
    video_play                               0x08013c23   Thumb Code   540  videoplayer.o(.text)
    video_seek                               0x08013e3f   Thumb Code   388  videoplayer.o(.text)
    avi_srarch_id                            0x08013fd5   Thumb Code    68  avi.o(.text)
    avi_init                                 0x08014019   Thumb Code   696  avi.o(.text)
    avi_get_streaminfo                       0x080142d1   Thumb Code    88  avi.o(.text)
    mjpeg_malloc                             0x0801444d   Thumb Code    44  mjpeg.o(.text)
    mjpegdec_free                            0x08014579   Thumb Code    34  mjpeg.o(.text)
    mjpegdec_init                            0x0801459b   Thumb Code    86  mjpeg.o(.text)
    mjpegdec_decode                          0x080145f1   Thumb Code   230  mjpeg.o(.text)
    jpeg_abort                               0x08014745   Thumb Code    54  jcomapi.o(.text)
    jpeg_destroy                             0x0801477b   Thumb Code    24  jcomapi.o(.text)
    jpeg_alloc_quant_table                   0x08014793   Thumb Code    28  jcomapi.o(.text)
    jpeg_alloc_huff_table                    0x080147af   Thumb Code    30  jcomapi.o(.text)
    jdiv_round_up                            0x080147cd   Thumb Code    12  jutils.o(.text)
    jround_up                                0x080147d9   Thumb Code    18  jutils.o(.text)
    jcopy_sample_rows                        0x080147eb   Thumb Code    66  jutils.o(.text)
    jcopy_block_row                          0x0801482d   Thumb Code    20  jutils.o(.text)
    jpeg_std_error                           0x0801495b   Thumb Code    48  jerror.o(.text)
    jinit_memory_mgr                         0x08015327   Thumb Code   244  jmemmgr.o(.text)
    jpeg_CreateDecompress                    0x0801545d   Thumb Code   188  jdapimin.o(.text)
    jpeg_destroy_decompress                  0x08015519   Thumb Code    12  jdapimin.o(.text)
    jpeg_abort_decompress                    0x08015525   Thumb Code    12  jdapimin.o(.text)
    jpeg_consume_input                       0x080156e7   Thumb Code   140  jdapimin.o(.text)
    jpeg_read_header                         0x08015773   Thumb Code    96  jdapimin.o(.text)
    jpeg_input_complete                      0x080157d3   Thumb Code    44  jdapimin.o(.text)
    jpeg_has_multiple_scans                  0x080157ff   Thumb Code    44  jdapimin.o(.text)
    jpeg_finish_decompress                   0x0801582b   Thumb Code   144  jdapimin.o(.text)
    jpeg_start_decompress                    0x08015959   Thumb Code   174  jdapistd.o(.text)
    jpeg_read_scanlines                      0x08015a07   Thumb Code    96  jdapistd.o(.text)
    jpeg_read_raw_data                       0x08015a67   Thumb Code   150  jdapistd.o(.text)
    jpeg_start_output                        0x08015afd   Thumb Code    70  jdapistd.o(.text)
    jpeg_finish_output                       0x08015b43   Thumb Code   108  jdapistd.o(.text)
    jinit_arith_decoder                      0x080167a3   Thumb Code   130  jdarith.o(.text)
    jpeg_calc_output_dimensions              0x0801691f   Thumb Code   376  jdmaster.o(.text)
    jpeg_new_colormap                        0x08016e21   Thumb Code    88  jdmaster.o(.text)
    jinit_master_decompress                  0x08016e79   Thumb Code    42  jdmaster.o(.text)
    jpeg_core_output_dimensions              0x08016ead   Thumb Code  1022  jdinput.o(.text)
    jinit_input_controller                   0x08017937   Thumb Code    50  jdinput.o(.text)
    jpeg_resync_to_restart                   0x080194ab   Thumb Code   192  jdmarker.o(.text)
    jinit_marker_reader                      0x08019587   Thumb Code    86  jdmarker.o(.text)
    jpeg_save_markers                        0x080195dd   Thumb Code   136  jdmarker.o(.text)
    jpeg_set_marker_processor                0x08019665   Thumb Code    66  jdmarker.o(.text)
    jinit_huff_decoder                       0x0801adeb   Thumb Code   144  jdhuff.o(.text)
    jinit_d_main_controller                  0x0801b2d9   Thumb Code   168  jdmainct.o(.text)
    jinit_d_coef_controller                  0x0801bd29   Thumb Code   212  jdcoefct.o(.text)
    jinit_d_post_controller                  0x0801c035   Thumb Code   118  jdpostct.o(.text)
    jinit_inverse_dct                        0x0801c4c7   Thumb Code    88  jddctmgr.o(.text)
    jpeg_idct_ifast                          0x0801c5bd   Thumb Code  1314  jidctfst.o(.text)
    jpeg_idct_float                          0x0801cae1   Thumb Code  1124  jidctflt.o(.text)
    jpeg_idct_islow                          0x0801cf59   Thumb Code  1218  jidctint.o(.text)
    jpeg_idct_7x7                            0x0801d41b   Thumb Code   826  jidctint.o(.text)
    jpeg_idct_6x6                            0x0801d755   Thumb Code   592  jidctint.o(.text)
    jpeg_idct_5x5                            0x0801d9a5   Thumb Code   512  jidctint.o(.text)
    jpeg_idct_4x4                            0x0801dba5   Thumb Code   386  jidctint.o(.text)
    jpeg_idct_3x3                            0x0801dd27   Thumb Code   262  jidctint.o(.text)
    jpeg_idct_2x2                            0x0801de2d   Thumb Code   182  jidctint.o(.text)
    jpeg_idct_1x1                            0x0801dee3   Thumb Code    56  jidctint.o(.text)
    jpeg_idct_9x9                            0x0801df1b   Thumb Code  1002  jidctint.o(.text)
    jpeg_idct_10x10                          0x0801e305   Thumb Code  1094  jidctint.o(.text)
    jpeg_idct_11x11                          0x0801e74b   Thumb Code  1454  jidctint.o(.text)
    jpeg_idct_12x12                          0x0801ecf9   Thumb Code  1332  jidctint.o(.text)
    jpeg_idct_13x13                          0x0801f22d   Thumb Code  1598  jidctint.o(.text)
    jpeg_idct_14x14                          0x0801f86b   Thumb Code  1534  jidctint.o(.text)
    jpeg_idct_15x15                          0x0801fe69   Thumb Code  1586  jidctint.o(.text)
    jpeg_idct_16x16                          0x0802049b   Thumb Code  1932  jidctint.o(.text)
    jpeg_idct_16x8                           0x08020c27   Thumb Code  1654  jidctint.o(.text)
    jpeg_idct_14x7                           0x0802129d   Thumb Code  1330  jidctint.o(.text)
    jpeg_idct_12x6                           0x080217cf   Thumb Code   994  jidctint.o(.text)
    jpeg_idct_10x5                           0x08021bb1   Thumb Code   828  jidctint.o(.text)
    jpeg_idct_8x4                            0x08021eed   Thumb Code   692  jidctint.o(.text)
    jpeg_idct_6x3                            0x080221a1   Thumb Code   450  jidctint.o(.text)
    jpeg_idct_4x2                            0x08022363   Thumb Code   278  jidctint.o(.text)
    jpeg_idct_2x1                            0x08022479   Thumb Code    90  jidctint.o(.text)
    jpeg_idct_8x16                           0x080224d3   Thumb Code  1458  jidctint.o(.text)
    jpeg_idct_7x14                           0x08022a85   Thumb Code  1244  jidctint.o(.text)
    jpeg_idct_6x12                           0x08022f61   Thumb Code   980  jidctint.o(.text)
    jpeg_idct_5x10                           0x08023335   Thumb Code   822  jidctint.o(.text)
    jpeg_idct_4x8                            0x0802366b   Thumb Code   840  jidctint.o(.text)
    jpeg_idct_3x6                            0x080239b3   Thumb Code   434  jidctint.o(.text)
    jpeg_idct_2x4                            0x08023b65   Thumb Code   264  jidctint.o(.text)
    jpeg_idct_1x2                            0x08023c6d   Thumb Code    88  jidctint.o(.text)
    jinit_upsampler                          0x08023f05   Thumb Code   342  jdsample.o(.text)
    jinit_color_deconverter                  0x08024733   Thumb Code   648  jdcolor.o(.text)
    jinit_2pass_quantizer                    0x08025713   Thumb Code   244  jquant2.o(.text)
    jinit_1pass_quantizer                    0x08026073   Thumb Code   124  jquant1.o(.text)
    jinit_merged_upsampler                   0x08026711   Thumb Code    76  jdmerge.o(.text)
    jpeg_get_small                           0x08026771   Thumb Code    14  jmemnobs.o(.text)
    jpeg_free_small                          0x0802677f   Thumb Code     2  jmemnobs.o(.text)
    jpeg_get_large                           0x08026781   Thumb Code    14  jmemnobs.o(.text)
    jpeg_free_large                          0x0802678f   Thumb Code     2  jmemnobs.o(.text)
    jpeg_mem_available                       0x08026791   Thumb Code     8  jmemnobs.o(.text)
    jpeg_open_backing_store                  0x08026799   Thumb Code    24  jmemnobs.o(.text)
    jpeg_mem_init                            0x080267b1   Thumb Code     6  jmemnobs.o(.text)
    jpeg_mem_term                            0x080267b7   Thumb Code     2  jmemnobs.o(.text)
    stdbmp_decode                            0x080267b9   Thumb Code   712  bmp.o(.text)
    minibmp_decode                           0x08026a81   Thumb Code   932  bmp.o(.text)
    bmp_encode                               0x08026e25   Thumb Code   486  bmp.o(.text)
    gif_check_head                           0x08027019   Thumb Code    88  gif.o(.text)
    gif_getrgb565                            0x08027071   Thumb Code    28  gif.o(.text)
    gif_readcolortbl                         0x0802708d   Thumb Code    64  gif.o(.text)
    gif_getinfo                              0x080270cd   Thumb Code    70  gif.o(.text)
    gif_savegctbl                            0x08027113   Thumb Code    38  gif.o(.text)
    gif_recovergctbl                         0x08027139   Thumb Code    38  gif.o(.text)
    gif_initlzw                              0x0802715f   Thumb Code   152  gif.o(.text)
    gif_getdatablock                         0x080271f7   Thumb Code    96  gif.o(.text)
    gif_readextension                        0x08027257   Thumb Code   160  gif.o(.text)
    gif_getnextcode                          0x080272f7   Thumb Code   452  gif.o(.text)
    gif_getnextbyte                          0x080274bb   Thumb Code   856  gif.o(.text)
    gif_dispimage                            0x08027813   Thumb Code   544  gif.o(.text)
    gif_clear2bkcolor                        0x08027a33   Thumb Code   496  gif.o(.text)
    gif_drawimage                            0x08027c23   Thumb Code   352  gif.o(.text)
    gif_quit                                 0x08027d83   Thumb Code     8  gif.o(.text)
    gif_decode                               0x08027d8b   Thumb Code   296  gif.o(.text)
    piclib_draw_hline                        0x08027eb9   Thumb Code    52  piclib.o(.text)
    piclib_fill_color                        0x08027eed   Thumb Code    44  piclib.o(.text)
    piclib_init                              0x08027f19   Thumb Code    62  piclib.o(.text)
    piclib_alpha_blend                       0x08027f57   Thumb Code    42  piclib.o(.text)
    ai_draw_init                             0x08027f81   Thumb Code   216  piclib.o(.text)
    is_element_ok                            0x08028059   Thumb Code    36  piclib.o(.text)
    ai_load_picfile                          0x0802807d   Thumb Code   194  piclib.o(.text)
    pic_memalloc                             0x0802813f   Thumb Code    14  piclib.o(.text)
    pic_memfree                              0x0802814d   Thumb Code    14  piclib.o(.text)
    jd_prepare                               0x08028d1d   Thumb Code   924  tjpgd.o(.text)
    jd_decomp                                0x080290b9   Thumb Code   162  tjpgd.o(.text)
    jpeg_mallocall                           0x0802915b   Thumb Code    70  tjpgd.o(.text)
    jpeg_freeall                             0x080291a1   Thumb Code    28  tjpgd.o(.text)
    jpeg_in_func                             0x080291bd   Thumb Code    48  tjpgd.o(.text)
    jpeg_out_func_fill                       0x080291ed   Thumb Code    74  tjpgd.o(.text)
    jpeg_out_func_point                      0x08029237   Thumb Code   182  tjpgd.o(.text)
    jpg_decode                               0x080292ed   Thumb Code   234  tjpgd.o(.text)
    OS_TaskStatStkChk                        0x080293ed   Thumb Code    54  os_core.o(.text)
    OS_TaskStat                              0x08029423   Thumb Code   116  os_core.o(.text)
    OS_TaskIdle                              0x080294cb   Thumb Code    34  os_core.o(.text)
    OS_MemClr                                0x08029521   Thumb Code    18  os_core.o(.text)
    OSInit                                   0x0802963f   Thumb Code    44  os_core.o(.text)
    OSIntEnter                               0x0802966b   Thumb Code    28  os_core.o(.text)
    OSIntExit                                0x080296a1   Thumb Code   112  os_core.o(.text)
    OSSchedLock                              0x08029711   Thumb Code    50  os_core.o(.text)
    OS_Sched                                 0x08029743   Thumb Code    88  os_core.o(.text)
    OSSchedUnlock                            0x0802979b   Thumb Code   238  os_core.o(.text)
    OSStart                                  0x08029889   Thumb Code    48  os_core.o(.text)
    OSStatInit                               0x080298b9   Thumb Code    62  os_core.o(.text)
    OSTimeTick                               0x080298f7   Thumb Code   210  os_core.o(.text)
    OSVersion                                0x080299c9   Thumb Code     6  os_core.o(.text)
    OS_Dummy                                 0x080299cf   Thumb Code     2  os_core.o(.text)
    OS_EventTaskRemove                       0x080299d1   Thumb Code    42  os_core.o(.text)
    OS_EventTaskRdy                          0x080299fb   Thumb Code   114  os_core.o(.text)
    OS_EventTaskWait                         0x08029a6d   Thumb Code   112  os_core.o(.text)
    OS_EventWaitListInit                     0x08029add   Thumb Code    28  os_core.o(.text)
    OS_MemCopy                               0x08029af9   Thumb Code    20  os_core.o(.text)
    OS_StrLen                                0x08029b0d   Thumb Code    20  os_core.o(.text)
    OS_TCBInit                               0x08029b21   Thumb Code   280  os_core.o(.text)
    OSFlagAccept                             0x08029c7d   Thumb Code   252  os_flag.o(.text)
    OSFlagCreate                             0x08029d79   Thumb Code    86  os_flag.o(.text)
    OS_FlagUnlink                            0x08029dcf   Thumb Code    36  os_flag.o(.text)
    OSFlagDel                                0x08029e45   Thumb Code   214  os_flag.o(.text)
    OSFlagNameGet                            0x08029f1b   Thumb Code    80  os_flag.o(.text)
    OSFlagNameSet                            0x08029f6b   Thumb Code    66  os_flag.o(.text)
    OSFlagPend                               0x0802a045   Thumb Code   614  os_flag.o(.text)
    OSFlagPendGetFlagsRdy                    0x0802a2ab   Thumb Code    26  os_flag.o(.text)
    OSFlagPost                               0x0802a2c5   Thumb Code   312  os_flag.o(.text)
    OSFlagQuery                              0x0802a3fd   Thumb Code    48  os_flag.o(.text)
    OS_FlagInit                              0x0802a42d   Thumb Code    78  os_flag.o(.text)
    OSMboxAccept                             0x0802a489   Thumb Code    38  os_mbox.o(.text)
    OSMboxCreate                             0x0802a4af   Thumb Code    68  os_mbox.o(.text)
    OSMboxDel                                0x0802a4f3   Thumb Code   200  os_mbox.o(.text)
    OSMboxPend                               0x0802a5bb   Thumb Code   246  os_mbox.o(.text)
    OSMboxPendAbort                          0x0802a6b1   Thumb Code   128  os_mbox.o(.text)
    OSMboxPost                               0x0802a731   Thumb Code    80  os_mbox.o(.text)
    OSMboxPostOpt                            0x0802a781   Thumb Code   120  os_mbox.o(.text)
    OSMboxQuery                              0x0802a7f9   Thumb Code    76  os_mbox.o(.text)
    OSQAccept                                0x0802a855   Thumb Code    88  os_q.o(.text)
    OSQCreate                                0x0802a8ad   Thumb Code   140  os_q.o(.text)
    OSQDel                                   0x0802a939   Thumb Code   236  os_q.o(.text)
    OSQFlush                                 0x0802aa25   Thumb Code    36  os_q.o(.text)
    OSQPend                                  0x0802aa49   Thumb Code   272  os_q.o(.text)
    OSQPendAbort                             0x0802ab59   Thumb Code   128  os_q.o(.text)
    OSQPost                                  0x0802abd9   Thumb Code   114  os_q.o(.text)
    OSQPostFront                             0x0802ac4b   Thumb Code   136  os_q.o(.text)
    OSQPostOpt                               0x0802acd3   Thumb Code   182  os_q.o(.text)
    OSQQuery                                 0x0802ad89   Thumb Code    98  os_q.o(.text)
    OS_QInit                                 0x0802adeb   Thumb Code    72  os_q.o(.text)
    OSTaskChangePrio                         0x0802ae3d   Thumb Code   308  os_task.o(.text)
    OSTaskCreate                             0x0802af71   Thumb Code   148  os_task.o(.text)
    OS_TaskStkClr                            0x0802b005   Thumb Code    26  os_task.o(.text)
    OSTaskCreateExt                          0x0802b01f   Thumb Code   170  os_task.o(.text)
    OSTaskDel                                0x0802b0c9   Thumb Code   294  os_task.o(.text)
    OSTaskDelReq                             0x0802b1ef   Thumb Code   144  os_task.o(.text)
    OSTaskNameGet                            0x0802b27f   Thumb Code   114  os_task.o(.text)
    OSTaskNameSet                            0x0802b2f1   Thumb Code    98  os_task.o(.text)
    OSTaskResume                             0x0802b353   Thumb Code   154  os_task.o(.text)
    OSTaskStkChk                             0x0802b3ed   Thumb Code   132  os_task.o(.text)
    OSTaskSuspend                            0x0802b471   Thumb Code   152  os_task.o(.text)
    OSTaskQuery                              0x0802b509   Thumb Code    82  os_task.o(.text)
    OSTaskRegGet                             0x0802b55b   Thumb Code    60  os_task.o(.text)
    OSTaskRegSet                             0x0802b597   Thumb Code    62  os_task.o(.text)
    OS_TaskReturn                            0x0802b5d5   Thumb Code    18  os_task.o(.text)
    OSTimeDly                                0x0802b601   Thumb Code   100  os_time.o(.text)
    OSTimeDlyHMSM                            0x0802b665   Thumb Code    86  os_time.o(.text)
    OSTimeDlyResume                          0x0802b6bb   Thumb Code   168  os_time.o(.text)
    OSTimeGet                                0x0802b763   Thumb Code    24  os_time.o(.text)
    OSTimeSet                                0x0802b77b   Thumb Code    24  os_time.o(.text)
    OS_CPU_SR_Save                           0x0802b7b1   Thumb Code     0  os_cpu_a.o(.text)
    OS_CPU_SR_Restore                        0x0802b7b9   Thumb Code     0  os_cpu_a.o(.text)
    OSStartHighRdy                           0x0802b7bf   Thumb Code     0  os_cpu_a.o(.text)
    OSCtxSw                                  0x0802b7e3   Thumb Code     0  os_cpu_a.o(.text)
    OSIntCtxSw                               0x0802b7f1   Thumb Code     0  os_cpu_a.o(.text)
    PendSV_Handler                           0x0802b801   Thumb Code     0  os_cpu_a.o(.text)
    OSInitHookBegin                          0x0802b879   Thumb Code     2  os_cpu_c.o(.text)
    OSInitHookEnd                            0x0802b87b   Thumb Code     2  os_cpu_c.o(.text)
    OSTaskCreateHook                         0x0802b87d   Thumb Code     2  os_cpu_c.o(.text)
    OSTaskDelHook                            0x0802b87f   Thumb Code     2  os_cpu_c.o(.text)
    OSTaskIdleHook                           0x0802b881   Thumb Code     2  os_cpu_c.o(.text)
    OSTaskStatHook                           0x0802b883   Thumb Code     2  os_cpu_c.o(.text)
    OSTaskStkInit                            0x0802b885   Thumb Code   426  os_cpu_c.o(.text)
    OSTaskSwHook                             0x0802ba2f   Thumb Code     2  os_cpu_c.o(.text)
    OSTCBInitHook                            0x0802ba31   Thumb Code     2  os_cpu_c.o(.text)
    OSTimeTickHook                           0x0802ba33   Thumb Code     2  os_cpu_c.o(.text)
    OSTaskReturnHook                         0x0802ba35   Thumb Code     2  os_cpu_c.o(.text)
    btn_read_backcolor                       0x0802ba3d   Thumb Code    72  button.o(.text)
    btn_recover_backcolor                    0x0802ba85   Thumb Code    72  button.o(.text)
    btn_delete                               0x0802bacd   Thumb Code    42  button.o(.text)
    btn_creat                                0x0802baf7   Thumb Code   280  button.o(.text)
    btn_release_hook                         0x0802bc0f   Thumb Code     2  button.o(.text)
    btn_press_hook                           0x0802bc11   Thumb Code     2  button.o(.text)
    btn_draw_textbbtn                        0x0802bc13   Thumb Code   138  button.o(.text)
    btn_draw_textabtn                        0x0802bc9d   Thumb Code   110  button.o(.text)
    btn_draw_arcbtn                          0x0802bd0b   Thumb Code   298  button.o(.text)
    btn_draw_picbtn                          0x0802be35   Thumb Code   168  button.o(.text)
    btn_draw_stdbtn                          0x0802bedd   Thumb Code   436  button.o(.text)
    btn_draw                                 0x0802c091   Thumb Code   114  button.o(.text)
    btn_check                                0x0802c103   Thumb Code   266  button.o(.text)
    btn_test                                 0x0802c20d   Thumb Code    86  button.o(.text)
    _gui_draw_point                          0x0802c265   Thumb Code    32  gui.o(.text)
    gui_init                                 0x0802c285   Thumb Code   136  gui.o(.text)
    gui_get_key                              0x0802c30d   Thumb Code   112  gui.o(.text)
    gui_color_chg                            0x0802c37d   Thumb Code    26  gui.o(.text)
    gui_rgb332torgb565                       0x0802c397   Thumb Code    32  gui.o(.text)
    gui_pow                                  0x0802c3b7   Thumb Code    42  gui.o(.text)
    gui_disabs                               0x0802c3e1   Thumb Code    14  gui.o(.text)
    gui_alpha_blend565                       0x0802c3ef   Thumb Code    42  gui.o(.text)
    gui_alphablend_area                      0x0802c419   Thumb Code    92  gui.o(.text)
    gui_draw_bigpoint                        0x0802c475   Thumb Code    84  gui.o(.text)
    gui_draw_line                            0x0802c4c9   Thumb Code   176  gui.o(.text)
    gui_draw_hline                           0x0802c579   Thumb Code    60  gui.o(.text)
    gui_fill_circle                          0x0802c5b5   Thumb Code   216  gui.o(.text)
    gui_draw_bline                           0x0802c68d   Thumb Code   230  gui.o(.text)
    gui_draw_bline1                          0x0802c773   Thumb Code   358  gui.o(.text)
    gui_draw_vline                           0x0802c8d9   Thumb Code    60  gui.o(.text)
    gui_fill_colorblock                      0x0802c915   Thumb Code    98  gui.o(.text)
    gui_smooth_color                         0x0802c977   Thumb Code   140  gui.o(.text)
    gui_memin_free                           0x0802ca03   Thumb Code    16  gui.o(.text)
    gui_memin_malloc                         0x0802ca13   Thumb Code    14  gui.o(.text)
    gui_draw_smooth_rectangle                0x0802ca21   Thumb Code   108  gui.o(.text)
    gui_draw_rectangle                       0x0802ca8d   Thumb Code    82  gui.o(.text)
    gui_draw_expoint                         0x0802cadf   Thumb Code    62  gui.o(.text)
    gui_draw_circle8                         0x0802cb1d   Thumb Code   232  gui.o(.text)
    gui_draw_arc                             0x0802cc05   Thumb Code   112  gui.o(.text)
    gui_fill_rectangle                       0x0802cc75   Thumb Code    56  gui.o(.text)
    gui_draw_arcrectangle                    0x0802ccad   Thumb Code   674  gui.o(.text)
    gui_draw_icos                            0x0802cf4f   Thumb Code   150  gui.o(.text)
    gui_draw_icosalpha                       0x0802cfe5   Thumb Code   172  gui.o(.text)
    gui_draw_ellipse                         0x0802d091   Thumb Code   334  gui.o(.text)
    gui_fill_ellipse                         0x0802d1df   Thumb Code   162  gui.o(.text)
    gui_show_ptfont                          0x0802d281   Thumb Code   298  gui.o(.text)
    gui_show_ptchar                          0x0802d3ab   Thumb Code   450  gui.o(.text)
    gui_show_ptstr                           0x0802d56d   Thumb Code   300  gui.o(.text)
    gui_show_strmid                          0x0802d699   Thumb Code   160  gui.o(.text)
    gui_show_num                             0x0802d739   Thumb Code   304  gui.o(.text)
    gui_num2str                              0x0802d869   Thumb Code   112  gui.o(.text)
    gui_show_ptstrwhiterim                   0x0802d8d9   Thumb Code    76  gui.o(.text)
    gui_path_name                            0x0802d925   Thumb Code    42  gui.o(.text)
    gui_get_stringline                       0x0802d94f   Thumb Code   132  gui.o(.text)
    gui_show_string                          0x0802d9d3   Thumb Code   258  gui.o(.text)
    gui_string_forwardgbk_count              0x0802dad5   Thumb Code    28  gui.o(.text)
    gui_memset                               0x0802daf1   Thumb Code    18  gui.o(.text)
    gui_memex_malloc                         0x0802db03   Thumb Code    14  gui.o(.text)
    gui_memex_free                           0x0802db11   Thumb Code    16  gui.o(.text)
    gui_memin_realloc                        0x0802db21   Thumb Code    18  gui.o(.text)
    window_read_backcolor                    0x0802db39   Thumb Code    72  window.o(.text)
    window_recover_backcolor                 0x0802db81   Thumb Code    72  window.o(.text)
    window_delete                            0x0802dbc9   Thumb Code    42  window.o(.text)
    window_creat                             0x0802dbf3   Thumb Code   316  window.o(.text)
    window_draw                              0x0802dd2f   Thumb Code   566  window.o(.text)
    window_msg_box                           0x0802df65   Thumb Code   734  window.o(.text)
    win_test                                 0x0802e243   Thumb Code    74  window.o(.text)
    __aeabi_ldivmod                          0x0802e2a5   Thumb Code    98  ldiv.o(.text)
    __aeabi_memcpy                           0x0802e307   Thumb Code    36  memcpya.o(.text)
    __aeabi_memcpy4                          0x0802e307   Thumb Code     0  memcpya.o(.text)
    __aeabi_memcpy8                          0x0802e307   Thumb Code     0  memcpya.o(.text)
    __aeabi_memset                           0x0802e32b   Thumb Code    14  memseta.o(.text)
    __aeabi_memset4                          0x0802e32b   Thumb Code     0  memseta.o(.text)
    __aeabi_memset8                          0x0802e32b   Thumb Code     0  memseta.o(.text)
    __aeabi_memclr                           0x0802e339   Thumb Code     4  memseta.o(.text)
    __aeabi_memclr4                          0x0802e339   Thumb Code     0  memseta.o(.text)
    __aeabi_memclr8                          0x0802e339   Thumb Code     0  memseta.o(.text)
    _memset$wrapper                          0x0802e33d   Thumb Code    18  memseta.o(.text)
    strcat                                   0x0802e34f   Thumb Code    24  strcat.o(.text)
    strncpy                                  0x0802e367   Thumb Code    24  strncpy.o(.text)
    strlen                                   0x0802e37f   Thumb Code    14  strlen.o(.text)
    strcmp                                   0x0802e38d   Thumb Code    28  strcmp.o(.text)
    strcpy                                   0x0802e3a9   Thumb Code    18  strcpy.o(.text)
    __0sscanf                                0x0802e3bd   Thumb Code    48  __0sscanf.o(.text)
    _scanf_int                               0x0802e3f5   Thumb Code   332  _scanf_int.o(.text)
    _scanf_string                            0x0802e541   Thumb Code   224  _scanf_str.o(.text)
    __aeabi_dadd                             0x0802e621   Thumb Code   322  dadd.o(.text)
    __aeabi_dsub                             0x0802e763   Thumb Code     6  dadd.o(.text)
    __aeabi_drsub                            0x0802e769   Thumb Code     6  dadd.o(.text)
    __aeabi_dmul                             0x0802e76f   Thumb Code   228  dmul.o(.text)
    __aeabi_ddiv                             0x0802e853   Thumb Code   222  ddiv.o(.text)
    __aeabi_i2d                              0x0802e931   Thumb Code    34  dflti.o(.text)
    __aeabi_ui2d                             0x0802e953   Thumb Code    26  dfltui.o(.text)
    __aeabi_d2uiz                            0x0802e96d   Thumb Code    50  dfixui.o(.text)
    __aeabi_f2d                              0x0802e99f   Thumb Code    38  f2d.o(.text)
    __aeabi_cdcmpeq                          0x0802e9c5   Thumb Code     0  cdcmple.o(.text)
    __aeabi_cdcmple                          0x0802e9c5   Thumb Code    48  cdcmple.o(.text)
    __aeabi_cdrcmple                         0x0802e9f5   Thumb Code    48  cdrcmple.o(.text)
    __aeabi_d2f                              0x0802ea25   Thumb Code    56  d2f.o(.text)
    setjmp                                   0x0802ea5d   Thumb Code    26  setjmp.o(.text)
    longjmp                                  0x0802ea77   Thumb Code    36  setjmp.o(.text)
    __aeabi_uldivmod                         0x0802ea9b   Thumb Code    98  uldiv.o(.text)
    __aeabi_llsl                             0x0802eafd   Thumb Code    30  llshl.o(.text)
    _ll_shift_l                              0x0802eafd   Thumb Code     0  llshl.o(.text)
    __aeabi_llsr                             0x0802eb1b   Thumb Code    32  llushr.o(.text)
    _ll_ushift_r                             0x0802eb1b   Thumb Code     0  llushr.o(.text)
    __aeabi_lasr                             0x0802eb3b   Thumb Code    36  llsshr.o(.text)
    _ll_sshift_r                             0x0802eb3b   Thumb Code     0  llsshr.o(.text)
    _chval                                   0x0802eb5f   Thumb Code    28  _chval.o(.text)
    __vfscanf_char                           0x0802eb89   Thumb Code    20  scanf_char.o(.text)
    _sgetc                                   0x0802eba5   Thumb Code    30  _sgetc.o(.text)
    _sbackspace                              0x0802ebc3   Thumb Code    34  _sgetc.o(.text)
    __I$use$fp                               0x0802ebe5   Thumb Code     0  iusefp.o(.text)
    _float_round                             0x0802ebe5   Thumb Code    18  fepilogue.o(.text)
    _float_epilogue                          0x0802ebf7   Thumb Code    92  fepilogue.o(.text)
    _double_round                            0x0802ec53   Thumb Code    30  depilogue.o(.text)
    _double_epilogue                         0x0802ec71   Thumb Code   156  depilogue.o(.text)
    _dsqrt                                   0x0802ed0d   Thumb Code   162  dsqrt.o(.text)
    __scatterload                            0x0802edb1   Thumb Code    28  init.o(.text)
    __scatterload_rt2                        0x0802edb1   Thumb Code     0  init.o(.text)
    isspace                                  0x0802edd5   Thumb Code    10  isspace_c.o(.text)
    __vfscanf                                0x0802ede1   Thumb Code   808  _scanf.o(.text)
    __ctype_lookup                           0x0802f10d   Thumb Code    34  ctype_c.o(.text)
    __decompress                             0x0802f135   Thumb Code     0  __dczerorl2.o(.text)
    __decompress1                            0x0802f135   Thumb Code    86  __dczerorl2.o(.text)
    __0printf$8                              0x0802f18d   Thumb Code    22  printf8.o(i.__0printf$8)
    __1printf$8                              0x0802f18d   Thumb Code     0  printf8.o(i.__0printf$8)
    __2printf                                0x0802f18d   Thumb Code     0  printf8.o(i.__0printf$8)
    __0sprintf$8                             0x0802f1ad   Thumb Code    34  printf8.o(i.__0sprintf$8)
    __1sprintf$8                             0x0802f1ad   Thumb Code     0  printf8.o(i.__0sprintf$8)
    __2sprintf                               0x0802f1ad   Thumb Code     0  printf8.o(i.__0sprintf$8)
    __hardfp_sqrt                            0x0802f1d5   Thumb Code   122  sqrt.o(i.__hardfp_sqrt)
    __scatterload_copy                       0x0802f24f   Thumb Code    14  handlers.o(i.__scatterload_copy)
    __scatterload_null                       0x0802f25d   Thumb Code     2  handlers.o(i.__scatterload_null)
    __scatterload_zeroinit                   0x0802f25f   Thumb Code    14  handlers.o(i.__scatterload_zeroinit)
    __set_errno                              0x0802f26d   Thumb Code     6  errno.o(i.__set_errno)
    asc2_1206                                0x0802f6e4   Data        1140  lcd.o(.constdata)
    asc2_1608                                0x0802fb58   Data        1520  lcd.o(.constdata)
    asc2_2412                                0x08030148   Data        3420  lcd.o(.constdata)
    I2S_PSC_TBL                              0x08030ea4   Data         110  i2s.o(.constdata)
    FT5206_TPX_TBL                           0x08030f12   Data          10  ft5206.o(.constdata)
    GT9147_CFG_TBL                           0x08030f1c   Data         184  gt9147.o(.constdata)
    GT9147_TPX_TBL                           0x08030fd4   Data          10  gt9147.o(.constdata)
    OTT_TPX_TBL                              0x08030fde   Data          10  ott2001a.o(.constdata)
    TP_REMIND_MSG_TBL                        0x08030fe8   Data           4  touch.o(.constdata)
    FSMC_DefaultTimingStruct                 0x08030fec   Data          28  stm32f4xx_fsmc.o(.constdata)
    memtblsize                               0x08031008   Data          12  malloc.o(.constdata)
    memblksize                               0x08031014   Data          12  malloc.o(.constdata)
    memsize                                  0x08031020   Data          12  malloc.o(.constdata)
    FILE_TYPE_TBL                            0x08031068   Data         112  exfuns.o(.constdata)
    GBK24_PATH                               0x08031498   Data           4  fontupd.o(.constdata)
    GBK16_PATH                               0x0803149c   Data           4  fontupd.o(.constdata)
    GBK12_PATH                               0x080314a0   Data           4  fontupd.o(.constdata)
    UNIGBK_PATH                              0x080314a4   Data           4  fontupd.o(.constdata)
    AVI_VIDS_FLAG_TBL                        0x080314a8   Data           8  avi.o(.constdata)
    AVI_AUDS_FLAG_TBL                        0x080314b0   Data           8  avi.o(.constdata)
    jpeg_aritab                              0x080314b8   Data         456  jaricom.o(.constdata)
    jpeg_natural_order                       0x08031680   Data         320  jutils.o(.constdata)
    jpeg_natural_order7                      0x080317c0   Data         260  jutils.o(.constdata)
    jpeg_natural_order6                      0x080318c4   Data         208  jutils.o(.constdata)
    jpeg_natural_order5                      0x08031994   Data         164  jutils.o(.constdata)
    jpeg_natural_order4                      0x08031a38   Data         128  jutils.o(.constdata)
    jpeg_natural_order3                      0x08031ab8   Data         100  jutils.o(.constdata)
    jpeg_natural_order2                      0x08031b1c   Data          80  jutils.o(.constdata)
    jpeg_std_message_table                   0x08031b6c   Data         512  jerror.o(.constdata)
    _aMaskTbl                                0x080322b4   Data          32  gif.o(.constdata)
    _aInterlaceOffset                        0x080322d4   Data           4  gif.o(.constdata)
    _aInterlaceYPos                          0x080322d8   Data           4  gif.o(.constdata)
    OSUnMapTbl                               0x0803279c   Data         256  os_core.o(.constdata)
    icostbl_16                               0x0803289c   Data        2560  gui.o(.constdata)
    icostbl_20                               0x0803329c   Data        4000  gui.o(.constdata)
    icostbl_28                               0x0803423c   Data        7840  gui.o(.constdata)
    pathico_16                               0x080360dc   Data        2048  gui.o(.constdata)
    pathico_20                               0x080368dc   Data        3200  gui.o(.constdata)
    pathico_28                               0x0803755c   Data        6272  gui.o(.constdata)
    GUI_OK_CAPTION_TBL                       0x08038ddc   Data          12  gui.o(.constdata)
    GUI_OPTION_CAPTION_TBL                   0x08038de8   Data          12  gui.o(.constdata)
    GUI_BACK_CAPTION_TBL                     0x08038df4   Data          12  gui.o(.constdata)
    GUI_CANCEL_CAPTION_TBL                   0x08038e00   Data          12  gui.o(.constdata)
    GUI_QUIT_CAPTION_TBL                     0x08038e0c   Data          12  gui.o(.constdata)
    __ctype_categories                       0x08038e18   Data          64  ctype_c.o(.constdata)
    Region$$Table$$Base                      0x0803a528   Number         0  anon$$obj.o(Region$$Table)
    Region$$Table$$Limit                     0x0803a548   Number         0  anon$$obj.o(Region$$Table)
    mem3base                                 0x10000000   Data       61440  malloc.o(.ARM.__AT_0x10000000)
    mem3mapbase                              0x1000f000   Data        3840  malloc.o(.ARM.__AT_0x1000F000)
    SystemCoreClock                          0x20000000   Data           4  system_stm32f4xx.o(.data)
    AHBPrescTable                            0x20000004   Data          16  system_stm32f4xx.o(.data)
    msg_key                                  0x20000014   Data           4  main.o(.data)
    POINT_COLOR                              0x20000018   Data           2  lcd.o(.data)
    BACK_COLOR                               0x2000001a   Data           2  lcd.o(.data)
    W25QXX_TYPE                              0x2000001e   Data           2  w25qxx.o(.data)
    TransferError                            0x2000002a   Data           1  sdio_sdcard.o(.data)
    TransferEnd                              0x2000002b   Data           1  sdio_sdcard.o(.data)
    tempbuff                                 0x2000002c   Data           4  sdio_sdcard.o(.data)
    i2s_tx_callback                          0x20000030   Data           4  i2s.o(.data)
    i2s_rx_callback                          0x20000034   Data           4  i2s.o(.data)
    frame                                    0x200000ac   Data           2  timer.o(.data)
    frameup                                  0x200000ae   Data           1  timer.o(.data)
    tp_dev                                   0x200000b4   Data          52  touch.o(.data)
    CMD_RDX                                  0x200000e8   Data           1  touch.o(.data)
    CMD_RDY                                  0x200000e9   Data           1  touch.o(.data)
    __stdout                                 0x200000f0   Data           4  usart.o(.data)
    USART_RX_STA                             0x200000f4   Data           2  usart.o(.data)
    mallco_dev                               0x20000108   Data          36  malloc.o(.data)
    sys_cmd_tab                              0x2000012c   Data          28  usmart.o(.data)
    usmart_nametab                           0x20000148   Data         120  usmart_config.o(.data)
    usmart_dev                               0x200001c0   Data         244  usmart_config.o(.data)
    FLASH_SECTOR_COUNT                       0x200002b4   Data           2  diskio.o(.data)
    file                                     0x200002b8   Data           4  exfuns.o(.data)
    ftemp                                    0x200002bc   Data           4  exfuns.o(.data)
    br                                       0x200002c0   Data           4  exfuns.o(.data)
    bw                                       0x200002c4   Data           4  exfuns.o(.data)
    fatbuf                                   0x200002c8   Data           4  exfuns.o(.data)
    i2splaybuf                               0x200002cc   Data           1  videoplayer.o(.data)
    cinfo                                    0x200002d4   Data           4  mjpeg.o(.data)
    jerr                                     0x200002d8   Data           4  mjpeg.o(.data)
    jpegbuf                                  0x200002dc   Data           4  mjpeg.o(.data)
    jbufsize                                 0x200002e0   Data           4  mjpeg.o(.data)
    imgoffx                                  0x200002e4   Data           2  mjpeg.o(.data)
    imgoffy                                  0x200002e6   Data           2  mjpeg.o(.data)
    jmembuf                                  0x200002e8   Data           4  mjpeg.o(.data)
    jmempos                                  0x200002ec   Data           4  mjpeg.o(.data)
    gifdecoding                              0x200002f0   Data           1  gif.o(.data)
    f_jpeg                                   0x200002f4   Data           4  tjpgd.o(.data)
    jpeg_dev                                 0x200002f8   Data           4  tjpgd.o(.data)
    jpg_buffer                               0x200002fc   Data           4  tjpgd.o(.data)
    OSCtxSwCtr                               0x20000300   Data           4  os_core.o(.data)
    OSEventFreeList                          0x20000304   Data           4  os_core.o(.data)
    OSFlagFreeList                           0x20000308   Data           4  os_core.o(.data)
    OSCPUUsage                               0x2000030c   Data           1  os_core.o(.data)
    OSIdleCtrMax                             0x20000310   Data           4  os_core.o(.data)
    OSIdleCtrRun                             0x20000314   Data           4  os_core.o(.data)
    OSStatRdy                                0x20000318   Data           1  os_core.o(.data)
    OSIntNesting                             0x20000319   Data           1  os_core.o(.data)
    OSLockNesting                            0x2000031a   Data           1  os_core.o(.data)
    OSPrioCur                                0x2000031b   Data           1  os_core.o(.data)
    OSPrioHighRdy                            0x2000031c   Data           1  os_core.o(.data)
    OSRdyGrp                                 0x2000031d   Data           1  os_core.o(.data)
    OSRdyTbl                                 0x2000031e   Data           8  os_core.o(.data)
    OSRunning                                0x20000326   Data           1  os_core.o(.data)
    OSTaskCtr                                0x20000327   Data           1  os_core.o(.data)
    OSIdleCtr                                0x20000328   Data           4  os_core.o(.data)
    OSTCBCur                                 0x2000032c   Data           4  os_core.o(.data)
    OSTCBFreeList                            0x20000330   Data           4  os_core.o(.data)
    OSTCBHighRdy                             0x20000334   Data           4  os_core.o(.data)
    OSTCBList                                0x20000338   Data           4  os_core.o(.data)
    OSTickStepState                          0x2000033c   Data           1  os_core.o(.data)
    OSQFreeList                              0x20000340   Data           4  os_core.o(.data)
    OSTime                                   0x20000344   Data           4  os_core.o(.data)
    asc2_s6030                               0x20000348   Data           4  gui.o(.data)
    asc2_5427                                0x2000034c   Data           4  gui.o(.data)
    asc2_3618                                0x20000350   Data           4  gui.o(.data)
    asc2_2814                                0x20000354   Data           4  gui.o(.data)
    in_obj                                   0x20000358   Data          14  gui.o(.data)
    system_task_return                       0x20000366   Data           1  window.o(.data)
    START_TASK_STK                           0x2000036c   Data         256  main.o(.bss)
    MAIN_TASK_STK                            0x2000046c   Data         512  main.o(.bss)
    VIDEO_TASK_STK                           0x2000066c   Data        2048  main.o(.bss)
    FILE_TASK_STK                            0x20000e6c   Data         256  main.o(.bss)
    lcddev                                   0x20000f6c   Data          14  lcd.o(.bss)
    W25QXX_BUFFER                            0x20000f7a   Data        4096  w25qxx.o(.bss)
    SDIO_InitStructure                       0x20001f80   Data          24  sdio_sdcard.o(.bss)
    SDIO_CmdInitStructure                    0x20001f98   Data          20  sdio_sdcard.o(.bss)
    SDIO_DataInitStructure                   0x20001fac   Data          24  sdio_sdcard.o(.bss)
    SDCardInfo                               0x20001fe8   Data          88  sdio_sdcard.o(.bss)
    SDIO_DATA_BUFFER                         0x20002040   Data         512  sdio_sdcard.o(.bss)
    USART_RX_BUF                             0x20002240   Data         200  usart.o(.bss)
    mem1base                                 0x20002320   Data       102400  malloc.o(.bss)
    mem1mapbase                              0x2001b320   Data        6400  malloc.o(.bss)
    fs                                       0x2001cc2c   Data          12  exfuns.o(.bss)
    fileinfo                                 0x2001cc38   Data          32  exfuns.o(.bss)
    dir                                      0x2001cc58   Data          36  exfuns.o(.bss)
    ftinfo                                   0x2001cc7c   Data          33  fontupd.o(.bss)
    i2sbuf                                   0x2001cca0   Data          16  videoplayer.o(.bss)
    avix                                     0x2001ccb0   Data          40  avi.o(.bss)
    picinfo                                  0x2001ccd8   Data          40  piclib.o(.bss)
    pic_phy                                  0x2001cd00   Data          20  piclib.o(.bss)
    OSEventTbl                               0x2001cd14   Data         200  os_core.o(.bss)
    OSFlagTbl                                0x2001cddc   Data          80  os_core.o(.bss)
    OSTaskStatStk                            0x2001ce2c   Data         512  os_core.o(.bss)
    OSTaskIdleStk                            0x2001d02c   Data         512  os_core.o(.bss)
    OSTCBPrioTbl                             0x2001d22c   Data         256  os_core.o(.bss)
    OSTCBTbl                                 0x2001d32c   Data        1008  os_core.o(.bss)
    OSQTbl                                   0x2001d71c   Data         120  os_core.o(.bss)
    gui_phy                                  0x2001d794   Data          29  gui.o(.bss)
    __initial_sp                             0x2001e1b8   Data           0  startup_stm32f40_41xxx.o(STACK)
    mem2base                                 0x68000000   Data       983040  malloc.o(.ARM.__AT_0x68000000)
    mem2mapbase                              0x680f0000   Data       61440  malloc.o(.ARM.__AT_0x680F0000)



==============================================================================

Memory Map of the image

  Image Entry point : 0x08000189

  Load Region LR_IROM1 (Base: 0x08000000, Size: 0x0003a8b4, Max: 0x00100000, ABSOLUTE, COMPRESSED[0x0003a660])

    Execution Region ER_IROM1 (Base: 0x08000000, Size: 0x0003a548, Max: 0x00100000, ABSOLUTE)

    Base Addr    Size         Type   Attr      Idx    E Section Name        Object

    0x08000000   0x00000188   Data   RO          884    RESET               startup_stm32f40_41xxx.o
    0x08000188   0x00000000   Code   RO         2549  * .ARM.Collect$$$$00000000  mc_w.l(entry.o)
    0x08000188   0x00000004   Code   RO         2867    .ARM.Collect$$$$00000001  mc_w.l(entry2.o)
    0x0800018c   0x00000004   Code   RO         2870    .ARM.Collect$$$$00000004  mc_w.l(entry5.o)
    0x08000190   0x00000000   Code   RO         2872    .ARM.Collect$$$$00000008  mc_w.l(entry7b.o)
    0x08000190   0x00000000   Code   RO         2874    .ARM.Collect$$$$0000000A  mc_w.l(entry8b.o)
    0x08000190   0x00000008   Code   RO         2875    .ARM.Collect$$$$0000000B  mc_w.l(entry9a.o)
    0x08000198   0x00000000   Code   RO         2877    .ARM.Collect$$$$0000000D  mc_w.l(entry10a.o)
    0x08000198   0x00000000   Code   RO         2879    .ARM.Collect$$$$0000000F  mc_w.l(entry11a.o)
    0x08000198   0x00000004   Code   RO         2868    .ARM.Collect$$$$00002712  mc_w.l(entry2.o)
    0x0800019c   0x00000010   Code   RO          835    .emb_text           sys.o
    0x080001ac   0x00000016   Code   RO            3    .text               stm32f4xx_it.o
    0x080001c2   0x00000002   PAD
    0x080001c4   0x00000210   Code   RO          133    .text               system_stm32f4xx.o
    0x080003d4   0x0000020c   Code   RO          159    .text               main.o
    0x080005e0   0x00005198   Code   RO          395    .text               lcd.o
    0x08005778   0x00000104   Code   RO          443    .text               key.o
    0x0800587c   0x00000118   Code   RO          464    .text               spi.o
    0x08005994   0x00000384   Code   RO          487    .text               w25qxx.o
    0x08005d18   0x00001d60   Code   RO          518    .text               sdio_sdcard.o
    0x08007a78   0x0000025c   Code   RO          552    .text               myiic.o
    0x08007cd4   0x0000017a   Code   RO          575    .text               24cxx.o
    0x08007e4e   0x00000002   PAD
    0x08007e50   0x00000338   Code   RO          598    .text               i2s.o
    0x08008188   0x00000424   Code   RO          625    .text               wm8978.o
    0x080085ac   0x00000110   Code   RO          647    .text               timer.o
    0x080086bc   0x00000254   Code   RO          670    .text               ctiic.o
    0x08008910   0x0000032c   Code   RO          693    .text               ft5206.o
    0x08008c3c   0x00000448   Code   RO          717    .text               gt9147.o
    0x08009084   0x00000388   Code   RO          741    .text               ott2001a.o
    0x0800940c   0x000010b0   Code   RO          765    .text               touch.o
    0x0800a4bc   0x0000031c   Code   RO          793    .text               sram.o
    0x0800a7d8   0x00000128   Code   RO          813    .text               delay.o
    0x0800a900   0x00000150   Code   RO          853    .text               usart.o
    0x0800aa50   0x00000024   Code   RO          885    .text               startup_stm32f40_41xxx.o
    0x0800aa74   0x000000e0   Code   RO          891    .text               misc.o
    0x0800ab54   0x00000294   Code   RO          911    .text               stm32f4xx_gpio.o
    0x0800ade8   0x000005c8   Code   RO          931    .text               stm32f4xx_fsmc.o
    0x0800b3b0   0x0000065c   Code   RO          954    .text               stm32f4xx_rcc.o
    0x0800ba0c   0x00000454   Code   RO          976    .text               stm32f4xx_usart.o
    0x0800be60   0x00000ca2   Code   RO          996    .text               stm32f4xx_tim.o
    0x0800cb02   0x00000002   PAD
    0x0800cb04   0x00000480   Code   RO         1036    .text               stm32f4xx_spi.o
    0x0800cf84   0x000001dc   Code   RO         1056    .text               stm32f4xx_sdio.o
    0x0800d160   0x000003a8   Code   RO         1076    .text               stm32f4xx_dma.o
    0x0800d508   0x00000260   Code   RO         1096    .text               malloc.o
    0x0800d768   0x00000c34   Code   RO         1128    .text               usmart.o
    0x0800e39c   0x00000528   Code   RO         1180    .text               usmart_str.o
    0x0800e8c4   0x00000200   Code   RO         1200    .text               diskio.o
    0x0800eac4   0x0000329a   Code   RO         1224    .text               ff.o
    0x08011d5e   0x00000002   PAD
    0x08011d60   0x00000198   Code   RO         1245    .text               exfuns.o
    0x08011ef8   0x000009cc   Code   RO         1277    .text               fattester.o
    0x080128c4   0x000000cc   Code   RO         1297    .text               mycc936.o
    0x08012990   0x000005e0   Code   RO         1318    .text               fontupd.o
    0x08012f70   0x000002d4   Code   RO         1347    .text               text.o
    0x08013244   0x00000d90   Code   RO         1433    .text               videoplayer.o
    0x08013fd4   0x00000478   Code   RO         1493    .text               avi.o
    0x0801444c   0x000002f8   Code   RO         1539    .text               mjpeg.o
    0x08014744   0x00000088   Code   RO         1599    .text               jcomapi.o
    0x080147cc   0x00000074   Code   RO         1618    .text               jutils.o
    0x08014840   0x00000168   Code   RO         1640    .text               jerror.o
    0x080149a8   0x00000ab4   Code   RO         1671    .text               jmemmgr.o
    0x0801545c   0x00000468   Code   RO         1695    .text               jdapimin.o
    0x080158c4   0x000002ea   Code   RO         1707    .text               jdapistd.o
    0x08015bae   0x00000002   PAD
    0x08015bb0   0x00000c90   Code   RO         1719    .text               jdarith.o
    0x08016840   0x0000066c   Code   RO         1731    .text               jdmaster.o
    0x08016eac   0x00000acc   Code   RO         1743    .text               jdinput.o
    0x08017978   0x00001d48   Code   RO         1755    .text               jdmarker.o
    0x080196c0   0x000017dc   Code   RO         1767    .text               jdhuff.o
    0x0801ae9c   0x000004f4   Code   RO         1781    .text               jdmainct.o
    0x0801b390   0x00000a88   Code   RO         1793    .text               jdcoefct.o
    0x0801be18   0x000002a4   Code   RO         1805    .text               jdpostct.o
    0x0801c0bc   0x00000500   Code   RO         1817    .text               jddctmgr.o
    0x0801c5bc   0x00000522   Code   RO         1833    .text               jidctfst.o
    0x0801cade   0x00000002   PAD
    0x0801cae0   0x00000478   Code   RO         1845    .text               jidctflt.o
    0x0801cf58   0x00006d84   Code   RO         1857    .text               jidctint.o
    0x08023cdc   0x0000039c   Code   RO         1869    .text               jdsample.o
    0x08024078   0x0000096c   Code   RO         1881    .text               jdcolor.o
    0x080249e4   0x00000e40   Code   RO         1893    .text               jquant2.o
    0x08025824   0x000008ec   Code   RO         1905    .text               jquant1.o
    0x08026110   0x00000660   Code   RO         1921    .text               jdmerge.o
    0x08026770   0x00000048   Code   RO         1941    .text               jmemnobs.o
    0x080267b8   0x00000860   Code   RO         1982    .text               bmp.o
    0x08027018   0x00000ea0   Code   RO         2002    .text               gif.o
    0x08027eb8   0x000002c4   Code   RO         2029    .text               piclib.o
    0x0802817c   0x00001270   Code   RO         2055    .text               tjpgd.o
    0x080293ec   0x00000890   Code   RO         2095    .text               os_core.o
    0x08029c7c   0x0000080c   Code   RO         2123    .text               os_flag.o
    0x0802a488   0x000003cc   Code   RO         2143    .text               os_mbox.o
    0x0802a854   0x000005e8   Code   RO         2197    .text               os_q.o
    0x0802ae3c   0x000007c4   Code   RO         2237    .text               os_task.o
    0x0802b600   0x000001b0   Code   RO         2257    .text               os_time.o
    0x0802b7b0   0x000000c8   Code   RO         2289    .text               os_cpu_a.o
    0x0802b878   0x000001c4   Code   RO         2294    .text               os_cpu_c.o
    0x0802ba3c   0x00000826   Code   RO         2324    .text               button.o
    0x0802c262   0x00000002   PAD
    0x0802c264   0x000018d4   Code   RO         2394    .text               gui.o
    0x0802db38   0x0000076c   Code   RO         2516    .text               window.o
    0x0802e2a4   0x00000062   Code   RO         2556    .text               mc_w.l(ldiv.o)
    0x0802e306   0x00000024   Code   RO         2560    .text               mc_w.l(memcpya.o)
    0x0802e32a   0x00000024   Code   RO         2562    .text               mc_w.l(memseta.o)
    0x0802e34e   0x00000018   Code   RO         2564    .text               mc_w.l(strcat.o)
    0x0802e366   0x00000018   Code   RO         2568    .text               mc_w.l(strncpy.o)
    0x0802e37e   0x0000000e   Code   RO         2570    .text               mc_w.l(strlen.o)
    0x0802e38c   0x0000001c   Code   RO         2572    .text               mc_w.l(strcmp.o)
    0x0802e3a8   0x00000012   Code   RO         2574    .text               mc_w.l(strcpy.o)
    0x0802e3ba   0x00000002   PAD
    0x0802e3bc   0x00000038   Code   RO         2839    .text               mc_w.l(__0sscanf.o)
    0x0802e3f4   0x0000014c   Code   RO         2841    .text               mc_w.l(_scanf_int.o)
    0x0802e540   0x000000e0   Code   RO         2843    .text               mc_w.l(_scanf_str.o)
    0x0802e620   0x0000014e   Code   RO         2845    .text               mf_w.l(dadd.o)
    0x0802e76e   0x000000e4   Code   RO         2847    .text               mf_w.l(dmul.o)
    0x0802e852   0x000000de   Code   RO         2849    .text               mf_w.l(ddiv.o)
    0x0802e930   0x00000022   Code   RO         2851    .text               mf_w.l(dflti.o)
    0x0802e952   0x0000001a   Code   RO         2853    .text               mf_w.l(dfltui.o)
    0x0802e96c   0x00000032   Code   RO         2855    .text               mf_w.l(dfixui.o)
    0x0802e99e   0x00000026   Code   RO         2857    .text               mf_w.l(f2d.o)
    0x0802e9c4   0x00000030   Code   RO         2859    .text               mf_w.l(cdcmple.o)
    0x0802e9f4   0x00000030   Code   RO         2861    .text               mf_w.l(cdrcmple.o)
    0x0802ea24   0x00000038   Code   RO         2863    .text               mf_w.l(d2f.o)
    0x0802ea5c   0x0000003e   Code   RO         2865    .text               mf_w.l(setjmp.o)
    0x0802ea9a   0x00000062   Code   RO         2883    .text               mc_w.l(uldiv.o)
    0x0802eafc   0x0000001e   Code   RO         2885    .text               mc_w.l(llshl.o)
    0x0802eb1a   0x00000020   Code   RO         2887    .text               mc_w.l(llushr.o)
    0x0802eb3a   0x00000024   Code   RO         2889    .text               mc_w.l(llsshr.o)
    0x0802eb5e   0x0000001c   Code   RO         2898    .text               mc_w.l(_chval.o)
    0x0802eb7a   0x00000002   PAD
    0x0802eb7c   0x00000028   Code   RO         2900    .text               mc_w.l(scanf_char.o)
    0x0802eba4   0x00000040   Code   RO         2902    .text               mc_w.l(_sgetc.o)
    0x0802ebe4   0x00000000   Code   RO         2904    .text               mc_w.l(iusefp.o)
    0x0802ebe4   0x0000006e   Code   RO         2905    .text               mf_w.l(fepilogue.o)
    0x0802ec52   0x000000ba   Code   RO         2907    .text               mf_w.l(depilogue.o)
    0x0802ed0c   0x000000a2   Code   RO         2909    .text               mf_w.l(dsqrt.o)
    0x0802edae   0x00000002   PAD
    0x0802edb0   0x00000024   Code   RO         2913    .text               mc_w.l(init.o)
    0x0802edd4   0x0000000a   Code   RO         2915    .text               mc_w.l(isspace_c.o)
    0x0802edde   0x00000002   PAD
    0x0802ede0   0x0000032c   Code   RO         2917    .text               mc_w.l(_scanf.o)
    0x0802f10c   0x00000028   Code   RO         2919    .text               mc_w.l(ctype_c.o)
    0x0802f134   0x00000056   Code   RO         2930    .text               mc_w.l(__dczerorl2.o)
    0x0802f18a   0x00000002   PAD
    0x0802f18c   0x00000020   Code   RO         2785    i.__0printf$8       mc_w.l(printf8.o)
    0x0802f1ac   0x00000028   Code   RO         2787    i.__0sprintf$8      mc_w.l(printf8.o)
    0x0802f1d4   0x0000007a   Code   RO         2537    i.__hardfp_sqrt     m_wm.l(sqrt.o)
    0x0802f24e   0x0000000e   Code   RO         2924    i.__scatterload_copy  mc_w.l(handlers.o)
    0x0802f25c   0x00000002   Code   RO         2925    i.__scatterload_null  mc_w.l(handlers.o)
    0x0802f25e   0x0000000e   Code   RO         2926    i.__scatterload_zeroinit  mc_w.l(handlers.o)
    0x0802f26c   0x0000000c   Code   RO         2893    i.__set_errno       mc_w.l(errno.o)
    0x0802f278   0x00000410   Code   RO         2792    i._printf_core      mc_w.l(printf8.o)
    0x0802f688   0x00000024   Code   RO         2793    i._printf_post_padding  mc_w.l(printf8.o)
    0x0802f6ac   0x0000002e   Code   RO         2794    i._printf_pre_padding  mc_w.l(printf8.o)
    0x0802f6da   0x0000000a   Code   RO         2796    i._sputc            mc_w.l(printf8.o)
    0x0802f6e4   0x000017c0   Data   RO          397    .constdata          lcd.o
    0x08030ea4   0x0000006e   Data   RO          599    .constdata          i2s.o
    0x08030f12   0x0000000a   Data   RO          694    .constdata          ft5206.o
    0x08030f1c   0x000000c2   Data   RO          718    .constdata          gt9147.o
    0x08030fde   0x0000000a   Data   RO          742    .constdata          ott2001a.o
    0x08030fe8   0x00000004   Data   RO          766    .constdata          touch.o
    0x08030fec   0x0000001c   Data   RO          932    .constdata          stm32f4xx_fsmc.o
    0x08031008   0x00000024   Data   RO         1102    .constdata          malloc.o
    0x0803102c   0x0000003a   Data   RO         1226    .constdata          ff.o
    0x08031066   0x00000002   PAD
    0x08031068   0x00000070   Data   RO         1247    .constdata          exfuns.o
    0x080310d8   0x000003c0   Data   RO         1298    .constdata          mycc936.o
    0x08031498   0x00000010   Data   RO         1320    .constdata          fontupd.o
    0x080314a8   0x00000010   Data   RO         1495    .constdata          avi.o
    0x080314b8   0x000001c8   Data   RO         1564    .constdata          jaricom.o
    0x08031680   0x000004ec   Data   RO         1619    .constdata          jutils.o
    0x08031b6c   0x00000200   Data   RO         1641    .constdata          jerror.o
    0x08031d6c   0x00000010   Data   RO         1672    .constdata          jmemmgr.o
    0x08031d7c   0x0000036c   Data   RO         1768    .constdata          jdhuff.o
    0x080320e8   0x000000c0   Data   RO         1818    .constdata          jddctmgr.o
    0x080321a8   0x0000010c   Data   RO         1906    .constdata          jquant1.o
    0x080322b4   0x00000028   Data   RO         2003    .constdata          gif.o
    0x080322dc   0x000004c0   Data   RO         2056    .constdata          tjpgd.o
    0x0803279c   0x00000100   Data   RO         2097    .constdata          os_core.o
    0x0803289c   0x0000657c   Data   RO         2396    .constdata          gui.o
    0x08038e18   0x00000040   Data   RO         2920    .constdata          mc_w.l(ctype_c.o)
    0x08038e58   0x00000079   Data   RO          767    .conststring        touch.o
    0x08038ed1   0x00000003   PAD
    0x08038ed4   0x00000028   Data   RO         1129    .conststring        usmart.o
    0x08038efc   0x00000200   Data   RO         1159    .conststring        usmart_config.o
    0x080390fc   0x00000040   Data   RO         1248    .conststring        exfuns.o
    0x0803913c   0x0000005f   Data   RO         1321    .conststring        fontupd.o
    0x0803919b   0x00000001   PAD
    0x0803919c   0x0000001d   Data   RO         1496    .conststring        avi.o
    0x080391b9   0x00000003   PAD
    0x080391bc   0x0000130d   Data   RO         1642    .conststring        jerror.o
    0x0803a4c9   0x00000003   PAD
    0x0803a4cc   0x00000059   Data   RO         2397    .conststring        gui.o
    0x0803a525   0x00000003   PAD
    0x0803a528   0x00000020   Data   RO         2922    Region$$Table       anon$$obj.o


    Execution Region RW_IRAM1 (Base: 0x20000000, Size: 0x0001e1b8, Max: 0x00020000, ABSOLUTE, COMPRESSED[0x00000118])

    Base Addr    Size         Type   Attr      Idx    E Section Name        Object

    0x20000000   0x00000014   Data   RW          134    .data               system_stm32f4xx.o
    0x20000014   0x00000004   Data   RW          161    .data               main.o
    0x20000018   0x00000004   Data   RW          398    .data               lcd.o
    0x2000001c   0x00000001   Data   RW          444    .data               key.o
    0x2000001d   0x00000001   PAD
    0x2000001e   0x00000002   Data   RW          489    .data               w25qxx.o
    0x20000020   0x00000010   Data   RW          520    .data               sdio_sdcard.o
    0x20000030   0x00000008   Data   RW          600    .data               i2s.o
    0x20000038   0x00000074   Data   RW          626    .data               wm8978.o
    0x200000ac   0x00000003   Data   RW          648    .data               timer.o
    0x200000af   0x00000001   Data   RW          695    .data               ft5206.o
    0x200000b0   0x00000001   Data   RW          719    .data               gt9147.o
    0x200000b1   0x00000001   Data   RW          743    .data               ott2001a.o
    0x200000b2   0x00000002   PAD
    0x200000b4   0x00000036   Data   RW          768    .data               touch.o
    0x200000ea   0x00000004   Data   RW          814    .data               delay.o
    0x200000ee   0x00000002   PAD
    0x200000f0   0x00000006   Data   RW          855    .data               usart.o
    0x200000f6   0x00000010   Data   RW          955    .data               stm32f4xx_rcc.o
    0x20000106   0x00000002   PAD
    0x20000108   0x00000024   Data   RW         1103    .data               malloc.o
    0x2000012c   0x0000001c   Data   RW         1130    .data               usmart.o
    0x20000148   0x0000016c   Data   RW         1160    .data               usmart_config.o
    0x200002b4   0x00000002   Data   RW         1201    .data               diskio.o
    0x200002b6   0x00000002   Data   RW         1227    .data               ff.o
    0x200002b8   0x00000014   Data   RW         1249    .data               exfuns.o
    0x200002cc   0x00000008   Data   RW         1435    .data               videoplayer.o
    0x200002d4   0x0000001c   Data   RW         1540    .data               mjpeg.o
    0x200002f0   0x00000001   Data   RW         2004    .data               gif.o
    0x200002f1   0x00000003   PAD
    0x200002f4   0x0000000c   Data   RW         2057    .data               tjpgd.o
    0x20000300   0x00000048   Data   RW         2098    .data               os_core.o
    0x20000348   0x0000001e   Data   RW         2398    .data               gui.o
    0x20000366   0x00000001   Data   RW         2517    .data               window.o
    0x20000367   0x00000001   PAD
    0x20000368   0x00000004   Data   RW         2894    .data               mc_w.l(errno.o)
    0x2000036c   0x00000c00   Zero   RW          160    .bss                main.o
    0x20000f6c   0x0000000e   Zero   RW          396    .bss                lcd.o
    0x20000f7a   0x00001000   Zero   RW          488    .bss                w25qxx.o
    0x20001f7a   0x00000006   PAD
    0x20001f80   0x000002c0   Zero   RW          519    .bss                sdio_sdcard.o
    0x20002240   0x000000c8   Zero   RW          854    .bss                usart.o
    0x20002308   0x00000018   PAD
    0x20002320   0x0001a900   Zero   RW         1101    .bss                malloc.o
    0x2001cc20   0x0000000c   Zero   RW         1225    .bss                ff.o
    0x2001cc2c   0x00000050   Zero   RW         1246    .bss                exfuns.o
    0x2001cc7c   0x00000021   Zero   RW         1319    .bss                fontupd.o
    0x2001cc9d   0x00000003   PAD
    0x2001cca0   0x00000010   Zero   RW         1434    .bss                videoplayer.o
    0x2001ccb0   0x00000028   Zero   RW         1494    .bss                avi.o
    0x2001ccd8   0x0000003c   Zero   RW         2030    .bss                piclib.o
    0x2001cd14   0x00000a80   Zero   RW         2096    .bss                os_core.o
    0x2001d794   0x0000001d   Zero   RW         2395    .bss                gui.o
    0x2001d7b1   0x00000007   PAD
    0x2001d7b8   0x00000a00   Zero   RW          882    STACK               startup_stm32f40_41xxx.o



  Load Region LR$$.ARM.__AT_0x10000000 (Base: 0x10000000, Size: 0x00000000, Max: 0x0000f000, ABSOLUTE)

    Execution Region ER$$.ARM.__AT_0x10000000 (Base: 0x10000000, Size: 0x0000f000, Max: 0x0000f000, ABSOLUTE, UNINIT)

    Base Addr    Size         Type   Attr      Idx    E Section Name        Object

    0x10000000   0x0000f000   Zero   RW         1097    .ARM.__AT_0x10000000  malloc.o



  Load Region LR$$.ARM.__AT_0x1000F000 (Base: 0x1000f000, Size: 0x00000000, Max: 0x00000f00, ABSOLUTE)

    Execution Region ER$$.ARM.__AT_0x1000F000 (Base: 0x1000f000, Size: 0x00000f00, Max: 0x00000f00, ABSOLUTE, UNINIT)

    Base Addr    Size         Type   Attr      Idx    E Section Name        Object

    0x1000f000   0x00000f00   Zero   RW         1098    .ARM.__AT_0x1000F000  malloc.o



  Load Region LR$$.ARM.__AT_0x68000000 (Base: 0x68000000, Size: 0x00000000, Max: 0x000f0000, ABSOLUTE)

    Execution Region ER$$.ARM.__AT_0x68000000 (Base: 0x68000000, Size: 0x000f0000, Max: 0x000f0000, ABSOLUTE, UNINIT)

    Base Addr    Size         Type   Attr      Idx    E Section Name        Object

    0x68000000   0x000f0000   Zero   RW         1099    .ARM.__AT_0x68000000  malloc.o



  Load Region LR$$.ARM.__AT_0x680F0000 (Base: 0x680f0000, Size: 0x00000000, Max: 0x0000f000, ABSOLUTE)

    Execution Region ER$$.ARM.__AT_0x680F0000 (Base: 0x680f0000, Size: 0x0000f000, Max: 0x0000f000, ABSOLUTE, UNINIT)

    Base Addr    Size         Type   Attr      Idx    E Section Name        Object

    0x680f0000   0x0000f000   Zero   RW         1100    .ARM.__AT_0x680F0000  malloc.o


==============================================================================

Image component sizes


      Code (inc. data)   RO Data    RW Data    ZI Data      Debug   Object Name

       378          0          0          0          0       2642   24cxx.o
      1144        292         45          0         40      16135   avi.o
      2144         24          0          0          0       5126   bmp.o
      2086         10          0          0          0       6723   button.o
       596         24          0          0          0       2053   ctiic.o
       296         18          0          4          0       1781   delay.o
       512          8          0          2          0       4206   diskio.o
       408         22        176         20         80       2708   exfuns.o
      2508        718          0          0          0       6920   fattester.o
     12954        136         58          2         12      34730   ff.o
      1504        158        111          0         33       4112   fontupd.o
       812         40         10          1          0       2443   ft5206.o
      3744         24         40          1          0       9938   gif.o
      1096         78        194          1          0       2986   gt9147.o
      6356        124      26069         30         29      23985   gui.o
       824         46        110          8          0       3720   i2s.o
         0          0        456          0          0       4322   jaricom.o
       136          0          0          0          0      14696   jcomapi.o
      1128         22          0          0          0       3473   jdapimin.o
       746          0          0          0          0       2512   jdapistd.o
      3216         34          0          0          0       7558   jdarith.o
      2696         28          0          0          0       8706   jdcoefct.o
      2412         84          0          0          0       7594   jdcolor.o
      1280        158        192          0          0       3272   jddctmgr.o
      6108         92        876          0          0      16181   jdhuff.o
      2764         46          0          0          0       4077   jdinput.o
      1268         16          0          0          0       4322   jdmainct.o
      7496        122          0          0          0      15913   jdmarker.o
      1644         18          0          0          0       3768   jdmaster.o
      1632         38          0          0          0       4989   jdmerge.o
       676         18          0          0          0       3170   jdpostct.o
       924         30          0          0          0       4406   jdsample.o
       360         30       5389          0          0      13230   jerror.o
      1144         20          0          0          0       2066   jidctflt.o
      1314          0          0          0          0       2962   jidctfst.o
     28036        146          0          0          0      38842   jidctint.o
      2740         78         16          0          0      23868   jmemmgr.o
        72          0          0          0          0       3087   jmemnobs.o
      2284         44        268          0          0       8920   jquant1.o
      3648         30          0          0          0      11792   jquant2.o
       116          0       1260          0          0      15631   jutils.o
       260         12          0          1          0        856   key.o
     20888        290       6080          4         14      26577   lcd.o
       524         60          0          4       3072     247366   main.o
       608         18         36         36    1218560       5009   malloc.o
       224         20          0          0          0       1797   misc.o
       760        110          0         28          0       3389   mjpeg.o
       204         12        960          0          0       1625   mycc936.o
       604         14          0          0          0       1888   myiic.o
      2192        218        256         72       2688      15067   os_core.o
       200         32          0          0          0        316   os_cpu_a.o
       452          6          0          0          0      10582   os_cpu_c.o
      2060         42          0          0          0       6880   os_flag.o
       972         16          0          0          0       4106   os_mbox.o
      1512         30          0          0          0       5509   os_q.o
      1988         70          0          0          0       7545   os_task.o
       432         30          0          0          0       1794   os_time.o
       904         66         10          1          0       2643   ott2001a.o
       708         34          0          0         60       4631   piclib.o
      7520        282          0         16        704      24925   sdio_sdcard.o
       280          8          0          0          0       1049   spi.o
       796         20          0          0          0       2301   sram.o
        36          8        392          0       2560        820   startup_stm32f40_41xxx.o
       936         32          0          0          0       6273   stm32f4xx_dma.o
      1480         18         28          0          0       5586   stm32f4xx_fsmc.o
       660         44          0          0          0       4073   stm32f4xx_gpio.o
        22          0          0          0          0      91151   stm32f4xx_it.o
      1628         52          0         16          0      12852   stm32f4xx_rcc.o
       476         16          0          0          0       7368   stm32f4xx_sdio.o
      1152         36          0          0          0       6825   stm32f4xx_spi.o
      3234         60          0          0          0      22280   stm32f4xx_tim.o
      1108         34          0          0          0       7776   stm32f4xx_usart.o
        16          0          0          0          0        480   sys.o
       528         46          0         20          0       1747   system_stm32f4xx.o
       724         16          0          0          0       2952   text.o
       272         28          0          3          0       1478   timer.o
      4720         70       1216         12          0      16855   tjpgd.o
      4272        242        125         54          0       6911   touch.o
       336         16          0          6        200       3278   usart.o
      3124       1286         40         28          0       4334   usmart.o
         0          0        512        364          0       1472   usmart_config.o
      1320         12          0          0          0       5145   usmart_str.o
      3472        390          0          8         16       7654   videoplayer.o
       900         32          0          2       4096       5541   w25qxx.o
      1900         32          0          1          0       4533   window.o
      1060         12          0        116          0       5469   wm8978.o

    ----------------------------------------------------------------------
    188680       6648      44972        872    1232204     968273   Object Totals
         0          0         32          0          0          0   (incl. Generated)
        14          0         15         11         40          0   (incl. Padding)

    ----------------------------------------------------------------------

      Code (inc. data)   RO Data    RW Data    ZI Data      Debug   Library Member Name

       122          0          0          0          0        148   sqrt.o
        56          8          0          0          0         84   __0sscanf.o
        86          0          0          0          0          0   __dczerorl2.o
        28          0          0          0          0         68   _chval.o
       812          4          0          0          0        112   _scanf.o
       332          0          0          0          0         96   _scanf_int.o
       224          0          0          0          0         96   _scanf_str.o
        64          0          0          0          0         84   _sgetc.o
        40          6         64          0          0         68   ctype_c.o
         0          0          0          0          0          0   entry.o
         0          0          0          0          0          0   entry10a.o
         0          0          0          0          0          0   entry11a.o
         8          4          0          0          0          0   entry2.o
         4          0          0          0          0          0   entry5.o
         0          0          0          0          0          0   entry7b.o
         0          0          0          0          0          0   entry8b.o
         8          4          0          0          0          0   entry9a.o
        12          6          0          4          0         68   errno.o
        30          0          0          0          0          0   handlers.o
        36          8          0          0          0         68   init.o
        10          0          0          0          0         68   isspace_c.o
         0          0          0          0          0          0   iusefp.o
        98          0          0          0          0         84   ldiv.o
        30          0          0          0          0         68   llshl.o
        36          0          0          0          0         68   llsshr.o
        32          0          0          0          0         68   llushr.o
        36          0          0          0          0         68   memcpya.o
        36          0          0          0          0        108   memseta.o
      1204         60          0          0          0        504   printf8.o
        40          8          0          0          0         84   scanf_char.o
        24          0          0          0          0         68   strcat.o
        28          0          0          0          0         76   strcmp.o
        18          0          0          0          0         68   strcpy.o
        14          0          0          0          0         68   strlen.o
        24          0          0          0          0         76   strncpy.o
        98          0          0          0          0         92   uldiv.o
        48          0          0          0          0         68   cdcmple.o
        48          0          0          0          0         68   cdrcmple.o
        56          0          0          0          0         88   d2f.o
       334          0          0          0          0        148   dadd.o
       222          0          0          0          0        100   ddiv.o
       186          0          0          0          0        176   depilogue.o
        50          0          0          0          0         76   dfixui.o
        34          0          0          0          0         76   dflti.o
        26          0          0          0          0         76   dfltui.o
       228          0          0          0          0         96   dmul.o
       162          0          0          0          0        100   dsqrt.o
        38          0          0          0          0         68   f2d.o
       110          0          0          0          0        168   fepilogue.o
        62          0          0          0          0         96   setjmp.o

    ----------------------------------------------------------------------
      5204        108         64          4          0       3864   Library Totals
        10          0          0          0          0          0   (incl. Padding)

    ----------------------------------------------------------------------

      Code (inc. data)   RO Data    RW Data    ZI Data      Debug   Library Name

       122          0          0          0          0        148   m_wm.l
      3468        108         64          4          0       2312   mc_w.l
      1604          0          0          0          0       1404   mf_w.l

    ----------------------------------------------------------------------
      5204        108         64          4          0       3864   Library Totals

    ----------------------------------------------------------------------

==============================================================================


      Code (inc. data)   RO Data    RW Data    ZI Data      Debug   

    193884       6756      45036        876    1232204     955541   Grand Totals
    193884       6756      45036        280    1232204     955541   ELF Image Totals (compressed)
    193884       6756      45036        280          0          0   ROM Totals

==============================================================================

    Total RO  Size (Code + RO Data)               238920 ( 233.32kB)
    Total RW  Size (RW Data + ZI Data)           1233080 (1204.18kB)
    Total ROM Size (Code + RO Data + RW Data)     239200 ( 233.59kB)

==============================================================================

